Archive member included to satisfy reference by file (symbol)

C:\Users\Jaakko\Documents\LPCXpresso_8.2.0_647\workspace\lpc_board_nxp_lpcxpresso_1549\Debug\liblpc_board_nxp_lpcxpresso_1549.a(board.o)
                              ./src/Lab2.o (Board_UARTGetChar)
C:\Users\Jaakko\Documents\LPCXpresso_8.2.0_647\workspace\lpc_board_nxp_lpcxpresso_1549\Debug\liblpc_board_nxp_lpcxpresso_1549.a(board_sysinit.o)
                              ./src/sysinit.o (Board_SystemInit)
C:\Users\Jaakko\Documents\LPCXpresso_8.2.0_647\workspace\lpc_chip_15xx\Debug\liblpc_chip_15xx.a(chip_15xx.o)
                              ./freertos/src/port.o (SystemCoreClock)
C:\Users\Jaakko\Documents\LPCXpresso_8.2.0_647\workspace\lpc_chip_15xx\Debug\liblpc_chip_15xx.a(clock_15xx.o)
                              C:\Users\Jaakko\Documents\LPCXpresso_8.2.0_647\workspace\lpc_board_nxp_lpcxpresso_1549\Debug\liblpc_board_nxp_lpcxpresso_1549.a(board.o) (Chip_Clock_GetMainClockRate)
C:\Users\Jaakko\Documents\LPCXpresso_8.2.0_647\workspace\lpc_chip_15xx\Debug\liblpc_chip_15xx.a(gpio_15xx.o)
                              C:\Users\Jaakko\Documents\LPCXpresso_8.2.0_647\workspace\lpc_board_nxp_lpcxpresso_1549\Debug\liblpc_board_nxp_lpcxpresso_1549.a(board.o) (Chip_GPIO_Init)
C:\Users\Jaakko\Documents\LPCXpresso_8.2.0_647\workspace\lpc_chip_15xx\Debug\liblpc_chip_15xx.a(iocon_15xx.o)
                              C:\Users\Jaakko\Documents\LPCXpresso_8.2.0_647\workspace\lpc_board_nxp_lpcxpresso_1549\Debug\liblpc_board_nxp_lpcxpresso_1549.a(board_sysinit.o) (Chip_IOCON_SetPinMuxing)
C:\Users\Jaakko\Documents\LPCXpresso_8.2.0_647\workspace\lpc_chip_15xx\Debug\liblpc_chip_15xx.a(swm_15xx.o)
                              C:\Users\Jaakko\Documents\LPCXpresso_8.2.0_647\workspace\lpc_board_nxp_lpcxpresso_1549\Debug\liblpc_board_nxp_lpcxpresso_1549.a(board.o) (Chip_SWM_MovablePinAssign)
C:\Users\Jaakko\Documents\LPCXpresso_8.2.0_647\workspace\lpc_chip_15xx\Debug\liblpc_chip_15xx.a(sysctl_15xx.o)
                              C:\Users\Jaakko\Documents\LPCXpresso_8.2.0_647\workspace\lpc_board_nxp_lpcxpresso_1549\Debug\liblpc_board_nxp_lpcxpresso_1549.a(board_sysinit.o) (Chip_SYSCTL_AssertPeriphReset)
C:\Users\Jaakko\Documents\LPCXpresso_8.2.0_647\workspace\lpc_chip_15xx\Debug\liblpc_chip_15xx.a(sysinit_15xx.o)
                              C:\Users\Jaakko\Documents\LPCXpresso_8.2.0_647\workspace\lpc_board_nxp_lpcxpresso_1549\Debug\liblpc_board_nxp_lpcxpresso_1549.a(board_sysinit.o) (Chip_SetupXtalClocking)
C:\Users\Jaakko\Documents\LPCXpresso_8.2.0_647\workspace\lpc_chip_15xx\Debug\liblpc_chip_15xx.a(uart_15xx.o)
                              C:\Users\Jaakko\Documents\LPCXpresso_8.2.0_647\workspace\lpc_board_nxp_lpcxpresso_1549\Debug\liblpc_board_nxp_lpcxpresso_1549.a(board.o) (Chip_UART_Init)
C:\Users\Jaakko\Documents\LPCXpresso_8.2.0_647\workspace\lpc_chip_15xx\Debug\liblpc_chip_15xx.a(ring_buffer.o)
                              C:\Users\Jaakko\Documents\LPCXpresso_8.2.0_647\workspace\lpc_chip_15xx\Debug\liblpc_chip_15xx.a(uart_15xx.o) (RingBuffer_Insert)
c:/nxp/lpcxpresso_8.2.0_647/lpcxpresso/tools/bin/../lib/gcc/arm-none-eabi/5.3.1/armv7-m\libgcc.a(_aeabi_uldivmod.o)
                              C:\Users\Jaakko\Documents\LPCXpresso_8.2.0_647\workspace\lpc_chip_15xx\Debug\liblpc_chip_15xx.a(clock_15xx.o) (__aeabi_uldivmod)
c:/nxp/lpcxpresso_8.2.0_647/lpcxpresso/tools/bin/../lib/gcc/arm-none-eabi/5.3.1/armv7-m\libgcc.a(_udivmoddi4.o)
                              c:/nxp/lpcxpresso_8.2.0_647/lpcxpresso/tools/bin/../lib/gcc/arm-none-eabi/5.3.1/armv7-m\libgcc.a(_aeabi_uldivmod.o) (__udivmoddi4)
c:/nxp/lpcxpresso_8.2.0_647/lpcxpresso/tools/bin/../lib/gcc/arm-none-eabi/5.3.1/armv7-m\libgcc.a(_dvmd_tls.o)
                              c:/nxp/lpcxpresso_8.2.0_647/lpcxpresso/tools/bin/../lib/gcc/arm-none-eabi/5.3.1/armv7-m\libgcc.a(_aeabi_uldivmod.o) (__aeabi_ldiv0)
c:/nxp/lpcxpresso_8.2.0_647/lpcxpresso/tools/bin/../lib/gcc/arm-none-eabi/5.3.1/../../../../arm-none-eabi/lib/armv7-m\libc.a(lib_a-impure.o)
                              ./freertos/src/tasks.o (_impure_ptr)
c:/nxp/lpcxpresso_8.2.0_647/lpcxpresso/tools/bin/../lib/gcc/arm-none-eabi/5.3.1/../../../../arm-none-eabi/lib/armv7-m\libc.a(lib_a-init.o)
                              ./src/cr_startup_lpc15xx.o (__libc_init_array)
c:/nxp/lpcxpresso_8.2.0_647/lpcxpresso/tools/bin/../lib/gcc/arm-none-eabi/5.3.1/../../../../arm-none-eabi/lib/armv7-m\libc.a(lib_a-malloc.o)
                              ./src/cr_cpp_config.o (malloc)
c:/nxp/lpcxpresso_8.2.0_647/lpcxpresso/tools/bin/../lib/gcc/arm-none-eabi/5.3.1/../../../../arm-none-eabi/lib/armv7-m\libc.a(lib_a-mallocr.o)
                              c:/nxp/lpcxpresso_8.2.0_647/lpcxpresso/tools/bin/../lib/gcc/arm-none-eabi/5.3.1/../../../../arm-none-eabi/lib/armv7-m\libc.a(lib_a-malloc.o) (_malloc_r)
c:/nxp/lpcxpresso_8.2.0_647/lpcxpresso/tools/bin/../lib/gcc/arm-none-eabi/5.3.1/../../../../arm-none-eabi/lib/armv7-m\libc.a(lib_a-memcpy.o)
[...]
Memory Configuration

Name             Origin             Length             Attributes
MFlash256        0x00000000         0x00040000         xr
Ram0_16          0x02000000         0x00004000         xrw
Ram1_16          0x02004000         0x00004000         xrw
Ram2_4           0x02008000         0x00001000         xrw
*default*        0x00000000         0xffffffff

Linker script and memory map

LOAD ./src/Lab2.o
LOAD ./src/cr_cpp_config.o
LOAD ./src/cr_startup_lpc15xx.o
LOAD ./src/crp.o
LOAD ./src/sysinit.o
LOAD ./freertos/src/FreeRTOSCommonHooks.o
LOAD ./freertos/src/croutine.o
LOAD ./freertos/src/event_groups.o
LOAD ./freertos/src/heap_3.o
LOAD ./freertos/src/list.o
LOAD ./freertos/src/port.o
LOAD ./freertos/src/queue.o
LOAD ./freertos/src/tasks.o
LOAD ./freertos/src/timers.o
LOAD C:\Users\Jaakko\Documents\LPCXpresso_8.2.0_647\workspace\lpc_board_nxp_lpcxpresso_1549\Debug\liblpc_board_nxp_lpcxpresso_1549.a
LOAD C:\Users\Jaakko\Documents\LPCXpresso_8.2.0_647\workspace\lpc_chip_15xx\Debug\liblpc_chip_15xx.a
START GROUP
LOAD c:/nxp/lpcxpresso_8.2.0_647/lpcxpresso/tools/bin/../lib/gcc/arm-none-eabi/5.3.1/armv7-m\libgcc.a
LOAD c:/nxp/lpcxpresso_8.2.0_647/lpcxpresso/tools/bin/../lib/gcc/arm-none-eabi/5.3.1/../../../../arm-none-eabi/lib/armv7-m\libc.a
LOAD c:/nxp/lpcxpresso_8.2.0_647/lpcxpresso/tools/bin/../lib/gcc/arm-none-eabi/5.3.1/../../../../arm-none-eabi/lib/armv7-m\libstdc++.a
LOAD c:/nxp/lpcxpresso_8.2.0_647/lpcxpresso/tools/bin/../lib/gcc/arm-none-eabi/5.3.1/../../../../arm-none-eabi/lib/armv7-m\libm.a
LOAD c:/nxp/lpcxpresso_8.2.0_647/lpcxpresso/tools/bin/../lib/gcc/arm-none-eabi/5.3.1/../../../../arm-none-eabi/lib/armv7-m\libcr_newlib_nohost.a
LOAD c:/nxp/lpcxpresso_8.2.0_647/lpcxpresso/tools/bin/../lib/gcc/arm-none-eabi/5.3.1/armv7-m\crti.o
LOAD c:/nxp/lpcxpresso_8.2.0_647/lpcxpresso/tools/bin/../lib/gcc/arm-none-eabi/5.3.1/armv7-m\crtn.o
LOAD c:/nxp/lpcxpresso_8.2.0_647/lpcxpresso/tools/bin/../lib/gcc/arm-none-eabi/5.3.1/armv7-m\crtbegin.o
LOAD c:/nxp/lpcxpresso_8.2.0_647/lpcxpresso/tools/bin/../lib/gcc/arm-none-eabi/5.3.1/armv7-m\crtend.o
END GROUP
                0x00000000                __base_MFlash256 = 0x0
                0x00000000                __base_Flash = 0x0
                0x00040000                __top_MFlash256 = 0x40000
                0x00040000                __top_Flash = 0x40000
                0x02000000                __base_Ram0_16 = 0x2000000
                0x02000000                __base_RAM = 0x2000000
                0x02004000                __top_Ram0_16 = 0x2004000
                0x02004000                __top_RAM = 0x2004000
                0x02004000                __base_Ram1_16 = 0x2004000
                0x02004000                __base_RAM2 = 0x2004000
                0x02008000                __top_Ram1_16 = 0x2008000
                0x02008000                __top_RAM2 = 0x2008000
                0x02008000                __base_Ram2_4 = 0x2008000
                0x02008000                __base_RAM3 = 0x2008000
                0x02009000                __top_Ram2_4 = 0x2009000
                0x02009000                __top_RAM3 = 0x2009000

.text           0x00000000     0x773c
 FILL mask 0xff
                0x00000000                __vectors_start__ = ABSOLUTE (.)
 *(.isr_vector)
 .isr_vector    0x00000000       0xfc ./src/cr_startup_lpc15xx.o
                0x00000000                g_pfnVectors
                0x000000fc                . = ALIGN (0x4)
                0x000000fc                __section_table_start = .
                0x000000fc                __data_section_table = .
                0x000000fc        0x4 LONG 0x7744 LOADADDR (.data)
                0x00000100        0x4 LONG 0x2000000 ADDR (.data)
                0x00000104        0x4 LONG 0x87c SIZEOF (.data)
                0x00000108        0x4 LONG 0x7744 LOADADDR (.data_RAM2)
                0x0000010c        0x4 LONG 0x2004000 ADDR (.data_RAM2)
                0x00000110        0x4 LONG 0x0 SIZEOF (.data_RAM2)
                0x00000114        0x4 LONG 0x7744 LOADADDR (.data_RAM3)
                0x00000118        0x4 LONG 0x2008000 ADDR (.data_RAM3)
                0x0000011c        0x4 LONG 0x0 SIZEOF (.data_RAM3)
                0x00000120                __data_section_table_end = .
                0x00000120                __bss_section_table = .
                0x00000120        0x4 LONG 0x200087c ADDR (.bss)
                0x00000124        0x4 LONG 0x1f8 SIZEOF (.bss)
                0x00000128        0x4 LONG 0x2004000 ADDR (.bss_RAM2)
                0x0000012c        0x4 LONG 0x0 SIZEOF (.bss_RAM2)
                0x00000130        0x4 LONG 0x2008000 ADDR (.bss_RAM3)
                0x00000134        0x4 LONG 0x0 SIZEOF (.bss_RAM3)
                0x00000138                __bss_section_table_end = .
                0x00000138                __section_table_end = .
 *(.after_vectors*)
 .after_vectors
                0x00000138      0x158 ./src/cr_startup_lpc15xx.o
                0x00000138                data_init(unsigned int, unsigned int, unsigned int)
                0x0000017c                bss_init(unsigned int, unsigned int)
                0x000001b4                ResetISR
                0x00000240                NMI_Handler
                0x00000248                HardFault_Handler
                0x00000250                MemManage_Handler
                0x00000258                BusFault_Handler
                0x00000260                UsageFault_Handler
                0x00000270                DebugMon_Handler
                0x00000288                UART1_IRQHandler
                0x00000288                RTC_WAKE_IRQHandler
                0x00000288                UART0_IRQHandler
                0x00000288                MRT_IRQHandler
                0x00000288                ADC1_THCMP_IRQHandler
                0x00000288                SPI1_IRQHandler
                0x00000288                PIN_INT6_IRQHandler
                0x00000288                IntDefaultHandler
                0x00000288                PIN_INT4_IRQHandler
                0x00000288                CAN_IRQHandler
                0x00000288                RTC_ALARM_IRQHandler
                0x00000288                ADC1B_IRQHandler
                0x00000288                ADC1_OVR_IRQHandler
                0x00000288                USBWakeup_IRQHandler
                0x00000288                UART2_IRQHandler
                0x00000288                ADC0_OVR_IRQHandler
                0x00000288                SCT1_IRQHandler
                0x00000288                PIN_INT2_IRQHandler
                0x00000288                USB_FIQHandler
                0x00000288                SCT3_IRQHandler
                0x00000288                PIN_INT7_IRQHandler
                0x00000288                I2C0_IRQHandler
                0x00000288                PIN_INT1_IRQHandler
                0x00000288                USB_IRQHandler
                0x00000288                BOD_IRQHandler
                0x00000288                ADC0B_IRQHandler
                0x00000288                ACMP0_IRQHandler
                0x00000288                RIT_IRQHandler
                0x00000288                SCT2_IRQHandler
                0x00000288                WDT_IRQHandler
                0x00000288                PIN_INT0_IRQHandler
                0x00000288                QEI_IRQHandler
                0x00000288                ACMP3_IRQHandler
                0x00000288                GINT0_IRQHandler
                0x00000288                DAC_IRQHandler
                0x00000288                SPI0_IRQHandler
                0x00000288                EEPROM_IRQHandler
                0x00000288                ACMP2_IRQHandler
                0x00000288                PIN_INT5_IRQHandler
                0x00000288                ADC1A_IRQHandler
                0x00000288                DMA_IRQHandler
                0x00000288                PIN_INT3_IRQHandler
                0x00000288                ACMP1_IRQHandler
                0x00000288                SCT0_IRQHandler
                0x00000288                ADC0A_IRQHandler
                0x00000288                FMC_IRQHandler
                0x00000288                GINT1_IRQHandler
                0x00000288                ADC0_THCMP_IRQHandler
 *(.text*)
 .text.Chip_IOCON_PinMuxSet
                0x00000290       0x2c ./src/Lab2.o
 .text.Chip_GPIO_SetPinDIRInput
                0x000002bc       0x40 ./src/Lab2.o
 .text._ZL10readChars2Pv
                0x000002fc       0xc0 ./src/Lab2.o
 .text.main     0x000003bc       0x8c ./src/Lab2.o
                0x000003bc                main
 .text._Z41__static_initialization_and_destruction_0ii
                0x00000448       0x44 ./src/Lab2.o
 .text._GLOBAL__sub_I_xMutex
                0x0000048c       0x10 ./src/Lab2.o
 .text.SystemInit
                0x0000049c        0xc ./src/sysinit.o
                0x0000049c                SystemInit
 .text.vApplicationIdleHook
                0x000004a8       0x10 ./freertos/src/FreeRTOSCommonHooks.o
                0x000004a8                vApplicationIdleHook
 .text.pvPortMalloc
                0x000004b8       0x24 ./freertos/src/heap_3.o
                0x000004b8                pvPortMalloc
 .text.vPortFree
                0x000004dc       0x24 ./freertos/src/heap_3.o
                0x000004dc                vPortFree
 .text.vListInitialise
                0x00000500       0x40 ./freertos/src/list.o
                0x00000500                vListInitialise
 .text.vListInitialiseItem
                0x00000540       0x18 ./freertos/src/list.o
                0x00000540                vListInitialiseItem
 .text.vListInsertEnd
                0x00000558       0x48 ./freertos/src/list.o
                0x00000558                vListInsertEnd
 .text.vListInsert
                0x000005a0       0x70 ./freertos/src/list.o
                0x000005a0                vListInsert
 .text.uxListRemove
                0x00000610       0x54 ./freertos/src/list.o
                0x00000610                uxListRemove
 .text.pxPortInitialiseStack
                0x00000664       0x54 ./freertos/src/port.o
                0x00000664                pxPortInitialiseStack
 .text.prvTaskExitError
                0x000006b8        0xc ./freertos/src/port.o
 .text.SVC_Handler
                0x000006c4       0x28 ./freertos/src/port.o
                0x000006c4                SVC_Handler
 .text.prvPortStartFirstTask
                0x000006ec       0x20 ./freertos/src/port.o
 .text.xPortStartScheduler
                0x0000070c       0x3c ./freertos/src/port.o
                0x0000070c                xPortStartScheduler
 .text.vPortYield
                0x00000748       0x20 ./freertos/src/port.o
                0x00000748                vPortYield
 .text.vPortEnterCritical
                0x00000768       0x24 ./freertos/src/port.o
                0x00000768                vPortEnterCritical
 .text.vPortExitCritical
                0x0000078c       0x24 ./freertos/src/port.o
                0x0000078c                vPortExitCritical
 .text.ulPortSetInterruptMask
                0x000007b0       0x14 ./freertos/src/port.o
                0x000007b0                ulPortSetInterruptMask
 .text.vPortClearInterruptMask
                0x000007c4        0x8 ./freertos/src/port.o
                0x000007c4                vPortClearInterruptMask
 .text.PendSV_Handler
                0x000007cc       0x48 ./freertos/src/port.o
                0x000007cc                PendSV_Handler
 .text.SysTick_Handler
                0x00000814       0x28 ./freertos/src/port.o
                0x00000814                SysTick_Handler
 .text.vPortSuppressTicksAndSleep
                0x0000083c      0x17c ./freertos/src/port.o
                0x0000083c                vPortSuppressTicksAndSleep
 .text.vPortSetupTimerInterrupt
                0x000009b8       0x78 ./freertos/src/port.o
                0x000009b8                vPortSetupTimerInterrupt
 .text.xQueueGenericReset
                0x00000a30       0xa4 ./freertos/src/queue.o
                0x00000a30                xQueueGenericReset
 .text.xQueueGenericCreate
                0x00000ad4       0x58 ./freertos/src/queue.o
                0x00000ad4                xQueueGenericCreate
 .text.prvInitialiseNewQueue
                0x00000b2c       0x48 ./freertos/src/queue.o
 .text.prvInitialiseMutex
                0x00000b74       0x34 ./freertos/src/queue.o
 .text.xQueueCreateMutex
                0x00000ba8       0x30 ./freertos/src/queue.o
                0x00000ba8                xQueueCreateMutex
 .text.xQueueCreateCountingSemaphore
                0x00000bd8       0x2c ./freertos/src/queue.o
                0x00000bd8                xQueueCreateCountingSemaphore
 .text.xQueueGenericSend
                0x00000c04      0x12c ./freertos/src/queue.o
                0x00000c04                xQueueGenericSend
 .text.prvCopyDataToQueue
                0x00000d30       0xd4 ./freertos/src/queue.o
 .text.prvUnlockQueue
                0x00000e04       0xa4 ./freertos/src/queue.o
 .text.prvIsQueueFull
                0x00000ea8       0x30 ./freertos/src/queue.o
 .text.xTaskCreate
                0x00000ed8       0x84 ./freertos/src/tasks.o
                0x00000ed8                xTaskCreate
 .text.prvInitialiseNewTask
                0x00000f5c      0x180 ./freertos/src/tasks.o
 .text.prvAddNewTaskToReadyList
                0x000010dc       0xd0 ./freertos/src/tasks.o
 .text.vTaskStartScheduler
                0x000011ac       0x70 ./freertos/src/tasks.o
                0x000011ac                vTaskStartScheduler
 .text.vTaskSuspendAll
                0x0000121c       0x1c ./freertos/src/tasks.o
                0x0000121c                vTaskSuspendAll
 .text.prvGetExpectedIdleTime
                0x00001238       0x6c ./freertos/src/tasks.o
 .text.xTaskResumeAll
                0x000012a4      0x10c ./freertos/src/tasks.o
                0x000012a4                xTaskResumeAll
 .text.vTaskStepTick
                0x000013b0       0x24 ./freertos/src/tasks.o
                0x000013b0                vTaskStepTick
 .text.xTaskIncrementTick
                0x000013d4      0x15c ./freertos/src/tasks.o
                0x000013d4                xTaskIncrementTick
 .text.vTaskSwitchContext
                0x00001530       0xac ./freertos/src/tasks.o
                0x00001530                vTaskSwitchContext
 .text.vTaskPlaceOnEventList
                0x000015dc       0x2c ./freertos/src/tasks.o
                0x000015dc                vTaskPlaceOnEventList
 .text.xTaskRemoveFromEventList
                0x00001608       0xb0 ./freertos/src/tasks.o
                0x00001608                xTaskRemoveFromEventList
 .text.vTaskSetTimeOutState
                0x000016b8       0x2c ./freertos/src/tasks.o
                0x000016b8                vTaskSetTimeOutState
 .text.xTaskCheckForTimeOut
                0x000016e4       0x88 ./freertos/src/tasks.o
                0x000016e4                xTaskCheckForTimeOut
 .text.vTaskMissedYield
                0x0000176c       0x18 ./freertos/src/tasks.o
                0x0000176c                vTaskMissedYield
 .text.prvIdleTask
                0x00001784       0x48 ./freertos/src/tasks.o
 .text.eTaskConfirmSleepModeStatus
                0x000017cc       0x5c ./freertos/src/tasks.o
                0x000017cc                eTaskConfirmSleepModeStatus
 .text.prvInitialiseTaskLists
                0x00001828       0x80 ./freertos/src/tasks.o
 .text.prvCheckTasksWaitingTermination
                0x000018a8       0x78 ./freertos/src/tasks.o
 .text.prvDeleteTCB
                0x00001920       0x2c ./freertos/src/tasks.o
 .text.prvResetNextTaskUnblockTime
                0x0000194c       0x48 ./freertos/src/tasks.o
 .text.xTaskPriorityDisinherit
                0x00001994       0x98 ./freertos/src/tasks.o
                0x00001994                xTaskPriorityDisinherit
 .text.prvAddCurrentTaskToDelayedList
                0x00001a2c       0xa8 ./freertos/src/tasks.o
 .text.Chip_IOCON_PinMuxSet
                0x00001ad4       0x2c C:\Users\Jaakko\Documents\LPCXpresso_8.2.0_647\workspace\lpc_board_nxp_lpcxpresso_1549\Debug\liblpc_board_nxp_lpcxpresso_1549.a(board.o)
 .text.Chip_SWM_MovablePortPinAssign
                0x00001b00       0x30 C:\Users\Jaakko\Documents\LPCXpresso_8.2.0_647\workspace\lpc_board_nxp_lpcxpresso_1549\Debug\liblpc_board_nxp_lpcxpresso_1549.a(board.o)
 .text.Chip_GPIO_SetPinState
                0x00001b30       0x38 C:\Users\Jaakko\Documents\LPCXpresso_8.2.0_647\workspace\lpc_board_nxp_lpcxpresso_1549\Debug\liblpc_board_nxp_lpcxpresso_1549.a(board.o)
 .text.Chip_GPIO_SetPinDIROutput
                0x00001b68       0x3c C:\Users\Jaakko\Documents\LPCXpresso_8.2.0_647\workspace\lpc_board_nxp_lpcxpresso_1549\Debug\liblpc_board_nxp_lpcxpresso_1549.a(board.o)
 .text.Chip_UART_Enable
                0x00001ba4       0x20 C:\Users\Jaakko\Documents\LPCXpresso_8.2.0_647\workspace\lpc_board_nxp_lpcxpresso_1549\Debug\liblpc_board_nxp_lpcxpresso_1549.a(board.o)
 .text.Chip_UART_TXEnable
                0x00001bc4       0x20 C:\Users\Jaakko\Documents\LPCXpresso_8.2.0_647\workspace\lpc_board_nxp_lpcxpresso_1549\Debug\liblpc_board_nxp_lpcxpresso_1549.a(board.o)
 .text.Chip_UART_ConfigData
                0x00001be4       0x28 C:\Users\Jaakko\Documents\LPCXpresso_8.2.0_647\workspace\lpc_board_nxp_lpcxpresso_1549\Debug\liblpc_board_nxp_lpcxpresso_1549.a(board.o)
 .text.Board_UARTPutChar
                0x00001c0c       0x24 C:\Users\Jaakko\Documents\LPCXpresso_8.2.0_647\workspace\lpc_board_nxp_lpcxpresso_1549\Debug\liblpc_board_nxp_lpcxpresso_1549.a(board.o)
                0x00001c0c                Board_UARTPutChar
 .text.Board_UARTGetChar
                0x00001c30       0x2c C:\Users\Jaakko\Documents\LPCXpresso_8.2.0_647\workspace\lpc_board_nxp_lpcxpresso_1549\Debug\liblpc_board_nxp_lpcxpresso_1549.a(board.o)
                0x00001c30                Board_UARTGetChar
 .text.Board_UARTPutSTR
                0x00001c5c       0x28 C:\Users\Jaakko\Documents\LPCXpresso_8.2.0_647\workspace\lpc_board_nxp_lpcxpresso_1549\Debug\liblpc_board_nxp_lpcxpresso_1549.a(board.o)
                0x00001c5c                Board_UARTPutSTR
 .text.Board_Debug_Init
                0x00001c84       0x70 C:\Users\Jaakko\Documents\LPCXpresso_8.2.0_647\workspace\lpc_board_nxp_lpcxpresso_1549\Debug\liblpc_board_nxp_lpcxpresso_1549.a(board.o)
                0x00001c84                Board_Debug_Init
 .text.Board_LED_Init
                0x00001cf4       0x5c C:\Users\Jaakko\Documents\LPCXpresso_8.2.0_647\workspace\lpc_board_nxp_lpcxpresso_1549\Debug\liblpc_board_nxp_lpcxpresso_1549.a(board.o)
 .text.Board_Init
                0x00001d50       0x18 C:\Users\Jaakko\Documents\LPCXpresso_8.2.0_647\workspace\lpc_board_nxp_lpcxpresso_1549\Debug\liblpc_board_nxp_lpcxpresso_1549.a(board.o)
                0x00001d50                Board_Init
 .text.Chip_SYSCTL_PeriphReset
                0x00001d68       0x24 C:\Users\Jaakko\Documents\LPCXpresso_8.2.0_647\workspace\lpc_board_nxp_lpcxpresso_1549\Debug\liblpc_board_nxp_lpcxpresso_1549.a(board_sysinit.o)
 .text.Chip_Clock_SetUSBPLLSource
                0x00001d8c       0x20 C:\Users\Jaakko\Documents\LPCXpresso_8.2.0_647\workspace\lpc_board_nxp_lpcxpresso_1549\Debug\liblpc_board_nxp_lpcxpresso_1549.a(board_sysinit.o)
 .text.Chip_Clock_SetupUSBPLL
                0x00001dac       0x34 C:\Users\Jaakko\Documents\LPCXpresso_8.2.0_647\workspace\lpc_board_nxp_lpcxpresso_1549\Debug\liblpc_board_nxp_lpcxpresso_1549.a(board_sysinit.o)
 .text.Chip_Clock_IsUSBPLLLocked
                0x00001de0       0x24 C:\Users\Jaakko\Documents\LPCXpresso_8.2.0_647\workspace\lpc_board_nxp_lpcxpresso_1549\Debug\liblpc_board_nxp_lpcxpresso_1549.a(board_sysinit.o)
 .text.Chip_Clock_SetSysTickClockDiv
                0x00001e04       0x20 C:\Users\Jaakko\Documents\LPCXpresso_8.2.0_647\workspace\lpc_board_nxp_lpcxpresso_1549\Debug\liblpc_board_nxp_lpcxpresso_1549.a(board_sysinit.o)
 .text.Chip_SWM_MovablePortPinAssign
                0x00001e24       0x30 C:\Users\Jaakko\Documents\LPCXpresso_8.2.0_647\workspace\lpc_board_nxp_lpcxpresso_1549\Debug\liblpc_board_nxp_lpcxpresso_1549.a(board_sysinit.o)
 .text.Board_SetupMuxing
                0x00001e54       0x80 C:\Users\Jaakko\Documents\LPCXpresso_8.2.0_647\workspace\lpc_board_nxp_lpcxpresso_1549\Debug\liblpc_board_nxp_lpcxpresso_1549.a(board_sysinit.o)
                0x00001e54                Board_SetupMuxing
 .text.Board_SetupClocking
                0x00001ed4       0x3c C:\Users\Jaakko\Documents\LPCXpresso_8.2.0_647\workspace\lpc_board_nxp_lpcxpresso_1549\Debug\liblpc_board_nxp_lpcxpresso_1549.a(board_sysinit.o)
                0x00001ed4                Board_SetupClocking
 .text.Board_SystemInit
                0x00001f10       0x1c C:\Users\Jaakko\Documents\LPCXpresso_8.2.0_647\workspace\lpc_board_nxp_lpcxpresso_1549\Debug\liblpc_board_nxp_lpcxpresso_1549.a(board_sysinit.o)
                0x00001f10                Board_SystemInit
 .text.SystemCoreClockUpdate
                0x00001f2c       0x18 C:\Users\Jaakko\Documents\LPCXpresso_8.2.0_647\workspace\lpc_chip_15xx\Debug\liblpc_chip_15xx.a(chip_15xx.o)
                0x00001f2c                SystemCoreClockUpdate
 .text.Chip_Clock_SetMain_A_ClockSource
                0x00001f44       0x20 C:\Users\Jaakko\Documents\LPCXpresso_8.2.0_647\workspace\lpc_chip_15xx\Debug\liblpc_chip_15xx.a(clock_15xx.o)
 .text.Chip_Clock_GetMain_A_ClockSource
                0x00001f64       0x18 C:\Users\Jaakko\Documents\LPCXpresso_8.2.0_647\workspace\lpc_chip_15xx\Debug\liblpc_chip_15xx.a(clock_15xx.o)
 .text.Chip_Clock_SetMain_B_ClockSource
                0x00001f7c       0x20 C:\Users\Jaakko\Documents\LPCXpresso_8.2.0_647\workspace\lpc_chip_15xx\Debug\liblpc_chip_15xx.a(clock_15xx.o)
 .text.Chip_Clock_GetMain_B_ClockSource
                0x00001f9c       0x18 C:\Users\Jaakko\Documents\LPCXpresso_8.2.0_647\workspace\lpc_chip_15xx\Debug\liblpc_chip_15xx.a(clock_15xx.o)
 .text.Chip_Clock_SetUARTFRGDivider
                0x00001fb4       0x20 C:\Users\Jaakko\Documents\LPCXpresso_8.2.0_647\workspace\lpc_chip_15xx\Debug\liblpc_chip_15xx.a(clock_15xx.o)
 .text.Chip_Clock_GetUARTFRGDivider
                0x00001fd4       0x18 C:\Users\Jaakko\Documents\LPCXpresso_8.2.0_647\workspace\lpc_chip_15xx\Debug\liblpc_chip_15xx.a(clock_15xx.o)
 .text.Chip_Clock_GetMainOscRate
                0x00001fec       0x14 C:\Users\Jaakko\Documents\LPCXpresso_8.2.0_647\workspace\lpc_chip_15xx\Debug\liblpc_chip_15xx.a(clock_15xx.o)
 .text.Chip_Clock_GetIntOscRate
                0x00002000       0x14 C:\Users\Jaakko\Documents\LPCXpresso_8.2.0_647\workspace\lpc_chip_15xx\Debug\liblpc_chip_15xx.a(clock_15xx.o)
 .text.Chip_Clock_GetRTCOscRate
                0x00002014       0x14 C:\Users\Jaakko\Documents\LPCXpresso_8.2.0_647\workspace\lpc_chip_15xx\Debug\liblpc_chip_15xx.a(clock_15xx.o)
 .text.Chip_Clock_GetWDTOSCRate
                0x00002028       0x14 C:\Users\Jaakko\Documents\LPCXpresso_8.2.0_647\workspace\lpc_chip_15xx\Debug\liblpc_chip_15xx.a(clock_15xx.o)
 .text.Chip_Clock_GetPLLFreq
                0x0000203c       0x28 C:\Users\Jaakko\Documents\LPCXpresso_8.2.0_647\workspace\lpc_chip_15xx\Debug\liblpc_chip_15xx.a(clock_15xx.o)
 .text.Chip_Clock_GetPLLInClockRate
                0x00002064       0x38 C:\Users\Jaakko\Documents\LPCXpresso_8.2.0_647\workspace\lpc_chip_15xx\Debug\liblpc_chip_15xx.a(clock_15xx.o)
 .text.Chip_Clock_GetSystemPLLInClockRate
                0x0000209c       0x1c C:\Users\Jaakko\Documents\LPCXpresso_8.2.0_647\workspace\lpc_chip_15xx\Debug\liblpc_chip_15xx.a(clock_15xx.o)
                0x0000209c                Chip_Clock_GetSystemPLLInClockRate
 .text.Chip_Clock_GetSystemPLLOutClockRate
                0x000020b8       0x24 C:\Users\Jaakko\Documents\LPCXpresso_8.2.0_647\workspace\lpc_chip_15xx\Debug\liblpc_chip_15xx.a(clock_15xx.o)
                0x000020b8                Chip_Clock_GetSystemPLLOutClockRate
 .text.Chip_Clock_GetMain_A_ClockRate
                0x000020dc       0x44 C:\Users\Jaakko\Documents\LPCXpresso_8.2.0_647\workspace\lpc_chip_15xx\Debug\liblpc_chip_15xx.a(clock_15xx.o)
                0x000020dc                Chip_Clock_GetMain_A_ClockRate
 .text.Chip_Clock_GetMain_B_ClockRate
                0x00002120       0x58 C:\Users\Jaakko\Documents\LPCXpresso_8.2.0_647\workspace\lpc_chip_15xx\Debug\liblpc_chip_15xx.a(clock_15xx.o)
                0x00002120                Chip_Clock_GetMain_B_ClockRate
 .text.Chip_Clock_SetMainClockSource
                0x00002178       0x3c C:\Users\Jaakko\Documents\LPCXpresso_8.2.0_647\workspace\lpc_chip_15xx\Debug\liblpc_chip_15xx.a(clock_15xx.o)
                0x00002178                Chip_Clock_SetMainClockSource
 .text.Chip_Clock_GetMainClockRate
                0x000021b4       0x28 C:\Users\Jaakko\Documents\LPCXpresso_8.2.0_647\workspace\lpc_chip_15xx\Debug\liblpc_chip_15xx.a(clock_15xx.o)
                0x000021b4                Chip_Clock_GetMainClockRate
 .text.Chip_Clock_EnablePeriphClock
                0x000021dc       0x54 C:\Users\Jaakko\Documents\LPCXpresso_8.2.0_647\workspace\lpc_chip_15xx\Debug\liblpc_chip_15xx.a(clock_15xx.o)
                0x000021dc                Chip_Clock_EnablePeriphClock
 .text.Chip_Clock_GetUARTBaseClockRate
                0x00002230       0x88 C:\Users\Jaakko\Documents\LPCXpresso_8.2.0_647\workspace\lpc_chip_15xx\Debug\liblpc_chip_15xx.a(clock_15xx.o)
                0x00002230                Chip_Clock_GetUARTBaseClockRate
 .text.Chip_Clock_SetUARTBaseClockRate
                0x000022b8       0xa0 C:\Users\Jaakko\Documents\LPCXpresso_8.2.0_647\workspace\lpc_chip_15xx\Debug\liblpc_chip_15xx.a(clock_15xx.o)
                0x000022b8                Chip_Clock_SetUARTBaseClockRate
 .text.Chip_Clock_GetSystemClockRate
                0x00002358       0x1c C:\Users\Jaakko\Documents\LPCXpresso_8.2.0_647\workspace\lpc_chip_15xx\Debug\liblpc_chip_15xx.a(clock_15xx.o)
                0x00002358                Chip_Clock_GetSystemClockRate
 .text.Chip_SYSCTL_PeriphReset
                0x00002374       0x24 C:\Users\Jaakko\Documents\LPCXpresso_8.2.0_647\workspace\lpc_chip_15xx\Debug\liblpc_chip_15xx.a(gpio_15xx.o)
 .text.Chip_GPIO_Init
                0x00002398       0x30 C:\Users\Jaakko\Documents\LPCXpresso_8.2.0_647\workspace\lpc_chip_15xx\Debug\liblpc_chip_15xx.a(gpio_15xx.o)
                0x00002398                Chip_GPIO_Init
 .text.Chip_IOCON_PinMuxSet
                0x000023c8       0x2c C:\Users\Jaakko\Documents\LPCXpresso_8.2.0_647\workspace\lpc_chip_15xx\Debug\liblpc_chip_15xx.a(iocon_15xx.o)
 .text.Chip_IOCON_SetPinMuxing
                0x000023f4       0x50 C:\Users\Jaakko\Documents\LPCXpresso_8.2.0_647\workspace\lpc_chip_15xx\Debug\liblpc_chip_15xx.a(iocon_15xx.o)
                0x000023f4                Chip_IOCON_SetPinMuxing
 .text.Chip_SWM_MovablePinAssign
                0x00002444       0x5c C:\Users\Jaakko\Documents\LPCXpresso_8.2.0_647\workspace\lpc_chip_15xx\Debug\liblpc_chip_15xx.a(swm_15xx.o)
                0x00002444                Chip_SWM_MovablePinAssign
 .text.Chip_SYSCTL_AssertPeriphReset
                0x000024a0       0x48 C:\Users\Jaakko\Documents\LPCXpresso_8.2.0_647\workspace\lpc_chip_15xx\Debug\liblpc_chip_15xx.a(sysctl_15xx.o)
                0x000024a0                Chip_SYSCTL_AssertPeriphReset
 .text.Chip_SYSCTL_DeassertPeriphReset
                0x000024e8       0x4c C:\Users\Jaakko\Documents\LPCXpresso_8.2.0_647\workspace\lpc_chip_15xx\Debug\liblpc_chip_15xx.a(sysctl_15xx.o)
                0x000024e8                Chip_SYSCTL_DeassertPeriphReset
 .text.Chip_SYSCTL_PowerDown
                0x00002534       0x40 C:\Users\Jaakko\Documents\LPCXpresso_8.2.0_647\workspace\lpc_chip_15xx\Debug\liblpc_chip_15xx.a(sysctl_15xx.o)
                0x00002534                Chip_SYSCTL_PowerDown
 .text.Chip_SYSCTL_PowerUp
                0x00002574       0x40 C:\Users\Jaakko\Documents\LPCXpresso_8.2.0_647\workspace\lpc_chip_15xx\Debug\liblpc_chip_15xx.a(sysctl_15xx.o)
                0x00002574                Chip_SYSCTL_PowerUp
 .text.Chip_FMC_SetFLASHAccess
                0x000025b4       0x38 C:\Users\Jaakko\Documents\LPCXpresso_8.2.0_647\workspace\lpc_chip_15xx\Debug\liblpc_chip_15xx.a(sysinit_15xx.o)
 .text.Chip_Clock_SetSystemPLLSource
                0x000025ec       0x20 C:\Users\Jaakko\Documents\LPCXpresso_8.2.0_647\workspace\lpc_chip_15xx\Debug\liblpc_chip_15xx.a(sysinit_15xx.o)
 .text.Chip_Clock_SetupSystemPLL
                0x0000260c       0x34 C:\Users\Jaakko\Documents\LPCXpresso_8.2.0_647\workspace\lpc_chip_15xx\Debug\liblpc_chip_15xx.a(sysinit_15xx.o)
 .text.Chip_Clock_IsSystemPLLLocked
                0x00002640       0x24 C:\Users\Jaakko\Documents\LPCXpresso_8.2.0_647\workspace\lpc_chip_15xx\Debug\liblpc_chip_15xx.a(sysinit_15xx.o)
 .text.Chip_Clock_SetSysClockDiv
                0x00002664       0x20 C:\Users\Jaakko\Documents\LPCXpresso_8.2.0_647\workspace\lpc_chip_15xx\Debug\liblpc_chip_15xx.a(sysinit_15xx.o)
 .text.Chip_SetupXtalClocking
                0x00002684       0x6c C:\Users\Jaakko\Documents\LPCXpresso_8.2.0_647\workspace\lpc_chip_15xx\Debug\liblpc_chip_15xx.a(sysinit_15xx.o)
                0x00002684                Chip_SetupXtalClocking
 .text.Chip_SYSCTL_PeriphReset
                0x000026f0       0x24 C:\Users\Jaakko\Documents\LPCXpresso_8.2.0_647\workspace\lpc_chip_15xx\Debug\liblpc_chip_15xx.a(uart_15xx.o)
 .text.Chip_UART_SendByte
                0x00002714       0x1c C:\Users\Jaakko\Documents\LPCXpresso_8.2.0_647\workspace\lpc_chip_15xx\Debug\liblpc_chip_15xx.a(uart_15xx.o)
 .text.Chip_UART_ReadByte
                0x00002730       0x1c C:\Users\Jaakko\Documents\LPCXpresso_8.2.0_647\workspace\lpc_chip_15xx\Debug\liblpc_chip_15xx.a(uart_15xx.o)
 .text.Chip_UART_GetStatus
                0x0000274c       0x18 C:\Users\Jaakko\Documents\LPCXpresso_8.2.0_647\workspace\lpc_chip_15xx\Debug\liblpc_chip_15xx.a(uart_15xx.o)
 .text.getUARTClockID
                0x00002764       0x34 C:\Users\Jaakko\Documents\LPCXpresso_8.2.0_647\workspace\lpc_chip_15xx\Debug\liblpc_chip_15xx.a(uart_15xx.o)
 .text.Chip_UART_Init
                0x00002798       0x4c C:\Users\Jaakko\Documents\LPCXpresso_8.2.0_647\workspace\lpc_chip_15xx\Debug\liblpc_chip_15xx.a(uart_15xx.o)
                0x00002798                Chip_UART_Init
 .text.Chip_UART_Send
                0x000027e4       0x50 C:\Users\Jaakko\Documents\LPCXpresso_8.2.0_647\workspace\lpc_chip_15xx\Debug\liblpc_chip_15xx.a(uart_15xx.o)
                0x000027e4                Chip_UART_Send
 .text.Chip_UART_SendBlocking
                0x00002834       0x4c C:\Users\Jaakko\Documents\LPCXpresso_8.2.0_647\workspace\lpc_chip_15xx\Debug\liblpc_chip_15xx.a(uart_15xx.o)
                0x00002834                Chip_UART_SendBlocking
 .text.Chip_UART_Read
                0x00002880       0x54 C:\Users\Jaakko\Documents\LPCXpresso_8.2.0_647\workspace\lpc_chip_15xx\Debug\liblpc_chip_15xx.a(uart_15xx.o)
                0x00002880                Chip_UART_Read
 .text.Chip_UART_SetBaud
                0x000028d4       0x2c C:\Users\Jaakko\Documents\LPCXpresso_8.2.0_647\workspace\lpc_chip_15xx\Debug\liblpc_chip_15xx.a(uart_15xx.o)
                0x000028d4                Chip_UART_SetBaud
 .text          0x00002900       0x30 c:/nxp/lpcxpresso_8.2.0_647/lpcxpresso/tools/bin/../lib/gcc/arm-none-eabi/5.3.1/armv7-m\libgcc.a(_aeabi_uldivmod.o)
                0x00002900                __aeabi_uldivmod
 .text          0x00002930      0x2ec c:/nxp/lpcxpresso_8.2.0_647/lpcxpresso/tools/bin/../lib/gcc/arm-none-eabi/5.3.1/armv7-m\libgcc.a(_udivmoddi4.o)
                0x00002930                __udivmoddi4
 .text          0x00002c1c        0x4 c:/nxp/lpcxpresso_8.2.0_647/lpcxpresso/tools/bin/../lib/gcc/arm-none-eabi/5.3.1/armv7-m\libgcc.a(_dvmd_tls.o)
                0x00002c1c                __aeabi_idiv0
                0x00002c1c                __aeabi_ldiv0
 .text.__libc_init_array
                0x00002c20       0x50 c:/nxp/lpcxpresso_8.2.0_647/lpcxpresso/tools/bin/../lib/gcc/arm-none-eabi/5.3.1/../../../../arm-none-eabi/lib/armv7-m\libc.a(lib_a-init.o)
                0x00002c20                __libc_init_array
 .text.malloc   0x00002c70       0x10 c:/nxp/lpcxpresso_8.2.0_647/lpcxpresso/tools/bin/../lib/gcc/arm-none-eabi/5.3.1/../../../../arm-none-eabi/lib/armv7-m\libc.a(lib_a-malloc.o)
                0x00002c70                malloc
 .text.free     0x00002c80       0x10 c:/nxp/lpcxpresso_8.2.0_647/lpcxpresso/tools/bin/../lib/gcc/arm-none-eabi/5.3.1/../../../../arm-none-eabi/lib/armv7-m\libc.a(lib_a-malloc.o)
                0x00002c80                free
 .text._malloc_r
                0x00002c90      0x558 c:/nxp/lpcxpresso_8.2.0_647/lpcxpresso/tools/bin/../lib/gcc/arm-none-eabi/5.3.1/../../../../arm-none-eabi/lib/armv7-m\libc.a(lib_a-mallocr.o)
                0x00002c90                _malloc_r
 .text          0x000031e8       0xec c:/nxp/lpcxpresso_8.2.0_647/lpcxpresso/tools/bin/../lib/gcc/arm-none-eabi/5.3.1/../../../../arm-none-eabi/lib/armv7-m\libc.a(lib_a-memcpy.o)
                0x000031e8                memcpy
 .text.memset   0x000032d4       0x9c c:/nxp/lpcxpresso_8.2.0_647/lpcxpresso/tools/bin/../lib/gcc/arm-none-eabi/5.3.1/../../../../arm-none-eabi/lib/armv7-m\libc.a(lib_a-memset.o)
                0x000032d4                memset
 .text.__malloc_lock
                0x00003370        0x4 c:/nxp/lpcxpresso_8.2.0_647/lpcxpresso/tools/bin/../lib/gcc/arm-none-eabi/5.3.1/../../../../arm-none-eabi/lib/armv7-m\libc.a(lib_a-mlock.o)
                0x00003370                __malloc_lock
 .text.__malloc_unlock
                0x00003374        0x4 c:/nxp/lpcxpresso_8.2.0_647/lpcxpresso/tools/bin/../lib/gcc/arm-none-eabi/5.3.1/../../../../arm-none-eabi/lib/armv7-m\libc.a(lib_a-mlock.o)
                0x00003374                __malloc_unlock
 .text.cleanup_glue
                0x00003378       0x1c c:/nxp/lpcxpresso_8.2.0_647/lpcxpresso/tools/bin/../lib/gcc/arm-none-eabi/5.3.1/../../../../arm-none-eabi/lib/armv7-m\libc.a(lib_a-reent.o)
                0x00003378                cleanup_glue
 .text._reclaim_reent
                0x00003394       0x88 c:/nxp/lpcxpresso_8.2.0_647/lpcxpresso/tools/bin/../lib/gcc/arm-none-eabi/5.3.1/../../../../arm-none-eabi/lib/armv7-m\libc.a(lib_a-reent.o)
                0x00003394                _reclaim_reent
 .text._sbrk_r  0x0000341c       0x24 c:/nxp/lpcxpresso_8.2.0_647/lpcxpresso/tools/bin/../lib/gcc/arm-none-eabi/5.3.1/../../../../arm-none-eabi/lib/armv7-m\libc.a(lib_a-sbrkr.o)
                0x0000341c                _sbrk_r
 .text.sprintf  0x00003440       0x4c c:/nxp/lpcxpresso_8.2.0_647/lpcxpresso/tools/bin/../lib/gcc/arm-none-eabi/5.3.1/../../../../arm-none-eabi/lib/armv7-m\libc.a(lib_a-sprintf.o)
                0x00003440                sprintf
 .text._svfprintf_r
                0x0000348c     0x175c c:/nxp/lpcxpresso_8.2.0_647/lpcxpresso/tools/bin/../lib/gcc/arm-none-eabi/5.3.1/../../../../arm-none-eabi/lib/armv7-m\libc.a(lib_a-svfprintf.o)
                0x0000348c                _svfprintf_r
 .text.quorem   0x00004be8      0x12c c:/nxp/lpcxpresso_8.2.0_647/lpcxpresso/tools/bin/../lib/gcc/arm-none-eabi/5.3.1/../../../../arm-none-eabi/lib/armv7-m\libc.a(lib_a-dtoa.o)
 *fill*         0x00004d14        0x4 ff
 .text._dtoa_r  0x00004d18      0xe4c c:/nxp/lpcxpresso_8.2.0_647/lpcxpresso/tools/bin/../lib/gcc/arm-none-eabi/5.3.1/../../../../arm-none-eabi/lib/armv7-m\libc.a(lib_a-dtoa.o)
                0x00004d18                _dtoa_r
 .text._malloc_trim_r
                0x00005b64       0x9c c:/nxp/lpcxpresso_8.2.0_647/lpcxpresso/tools/bin/../lib/gcc/arm-none-eabi/5.3.1/../../../../arm-none-eabi/lib/armv7-m\libc.a(lib_a-freer.o)
                0x00005b64                _malloc_trim_r
 .text._free_r  0x00005c00      0x1d0 c:/nxp/lpcxpresso_8.2.0_647/lpcxpresso/tools/bin/../lib/gcc/arm-none-eabi/5.3.1/../../../../arm-none-eabi/lib/armv7-m\libc.a(lib_a-freer.o)
                0x00005c00                _free_r
 .text._localeconv_r
                0x00005dd0        0x8 c:/nxp/lpcxpresso_8.2.0_647/lpcxpresso/tools/bin/../lib/gcc/arm-none-eabi/5.3.1/../../../../arm-none-eabi/lib/armv7-m\libc.a(lib_a-locale.o)
                0x00005dd0                _localeconv_r
 .text.memchr   0x00005dd8       0x8c c:/nxp/lpcxpresso_8.2.0_647/lpcxpresso/tools/bin/../lib/gcc/arm-none-eabi/5.3.1/../../../../arm-none-eabi/lib/armv7-m\libc.a(lib_a-memchr-stub.o)
                0x00005dd8                memchr
 .text._Balloc  0x00005e64       0x50 c:/nxp/lpcxpresso_8.2.0_647/lpcxpresso/tools/bin/../lib/gcc/arm-none-eabi/5.3.1/../../../../arm-none-eabi/lib/armv7-m\libc.a(lib_a-mprec.o)
                0x00005e64                _Balloc
 .text._Bfree   0x00005eb4       0x14 c:/nxp/lpcxpresso_8.2.0_647/lpcxpresso/tools/bin/../lib/gcc/arm-none-eabi/5.3.1/../../../../arm-none-eabi/lib/armv7-m\libc.a(lib_a-mprec.o)
                0x00005eb4                _Bfree
 .text.__multadd
                0x00005ec8       0x80 c:/nxp/lpcxpresso_8.2.0_647/lpcxpresso/tools/bin/../lib/gcc/arm-none-eabi/5.3.1/../../../../arm-none-eabi/lib/armv7-m\libc.a(lib_a-mprec.o)
                0x00005ec8                __multadd
 .text.__hi0bits
                0x00005f48       0x40 c:/nxp/lpcxpresso_8.2.0_647/lpcxpresso/tools/bin/../lib/gcc/arm-none-eabi/5.3.1/../../../../arm-none-eabi/lib/armv7-m\libc.a(lib_a-mprec.o)
                0x00005f48                __hi0bits
 .text.__lo0bits
                0x00005f88       0x5c c:/nxp/lpcxpresso_8.2.0_647/lpcxpresso/tools/bin/../lib/gcc/arm-none-eabi/5.3.1/../../../../arm-none-eabi/lib/armv7-m\libc.a(lib_a-mprec.o)
                0x00005f88                __lo0bits
 .text.__i2b    0x00005fe4       0x14 c:/nxp/lpcxpresso_8.2.0_647/lpcxpresso/tools/bin/../lib/gcc/arm-none-eabi/5.3.1/../../../../arm-none-eabi/lib/armv7-m\libc.a(lib_a-mprec.o)
                0x00005fe4                __i2b
 .text.__multiply
                0x00005ff8      0x13c c:/nxp/lpcxpresso_8.2.0_647/lpcxpresso/tools/bin/../lib/gcc/arm-none-eabi/5.3.1/../../../../arm-none-eabi/lib/armv7-m\libc.a(lib_a-mprec.o)
                0x00005ff8                __multiply
 .text.__pow5mult
                0x00006134       0xa0 c:/nxp/lpcxpresso_8.2.0_647/lpcxpresso/tools/bin/../lib/gcc/arm-none-eabi/5.3.1/../../../../arm-none-eabi/lib/armv7-m\libc.a(lib_a-mprec.o)
                0x00006134                __pow5mult
 .text.__lshift
                0x000061d4       0xac c:/nxp/lpcxpresso_8.2.0_647/lpcxpresso/tools/bin/../lib/gcc/arm-none-eabi/5.3.1/../../../../arm-none-eabi/lib/armv7-m\libc.a(lib_a-mprec.o)
                0x000061d4                __lshift
 .text.__mcmp   0x00006280       0x40 c:/nxp/lpcxpresso_8.2.0_647/lpcxpresso/tools/bin/../lib/gcc/arm-none-eabi/5.3.1/../../../../arm-none-eabi/lib/armv7-m\libc.a(lib_a-mprec.o)
                0x00006280                __mcmp
 .text.__mdiff  0x000062c0      0x128 c:/nxp/lpcxpresso_8.2.0_647/lpcxpresso/tools/bin/../lib/gcc/arm-none-eabi/5.3.1/../../../../arm-none-eabi/lib/armv7-m\libc.a(lib_a-mprec.o)
                0x000062c0                __mdiff
 .text.__d2b    0x000063e8       0xa8 c:/nxp/lpcxpresso_8.2.0_647/lpcxpresso/tools/bin/../lib/gcc/arm-none-eabi/5.3.1/../../../../arm-none-eabi/lib/armv7-m\libc.a(lib_a-mprec.o)
                0x000063e8                __d2b
 .text.strlen   0x00006490       0x5c c:/nxp/lpcxpresso_8.2.0_647/lpcxpresso/tools/bin/../lib/gcc/arm-none-eabi/5.3.1/../../../../arm-none-eabi/lib/armv7-m\libc.a(lib_a-strlen-stub.o)
                0x00006490                strlen
 .text.__ssprint_r
                0x000064ec      0x100 c:/nxp/lpcxpresso_8.2.0_647/lpcxpresso/tools/bin/../lib/gcc/arm-none-eabi/5.3.1/../../../../arm-none-eabi/lib/armv7-m\libc.a(lib_a-svfiprintf.o)
                0x000064ec                __ssprint_r
 .text._calloc_r
                0x000065ec       0x60 c:/nxp/lpcxpresso_8.2.0_647/lpcxpresso/tools/bin/../lib/gcc/arm-none-eabi/5.3.1/../../../../arm-none-eabi/lib/armv7-m\libc.a(lib_a-callocr.o)
                0x000065ec                _calloc_r
 .text.memmove  0x0000664c       0xc8 c:/nxp/lpcxpresso_8.2.0_647/lpcxpresso/tools/bin/../lib/gcc/arm-none-eabi/5.3.1/../../../../arm-none-eabi/lib/armv7-m\libc.a(lib_a-memmove.o)
                0x0000664c                memmove
 .text._realloc_r
                0x00006714      0x3d4 c:/nxp/lpcxpresso_8.2.0_647/lpcxpresso/tools/bin/../lib/gcc/arm-none-eabi/5.3.1/../../../../arm-none-eabi/lib/armv7-m\libc.a(lib_a-reallocr.o)
                0x00006714                _realloc_r
 .text._sbrk    0x00006ae8       0x3c c:/nxp/lpcxpresso_8.2.0_647/lpcxpresso/tools/bin/../lib/gcc/arm-none-eabi/5.3.1/../../../../arm-none-eabi/lib/armv7-m\libcr_newlib_nohost.a(_cr_sbrk.o)
                0x00006ae8                _sbrk
 .text.__check_heap_overflow
                0x00006b24       0x18 c:/nxp/lpcxpresso_8.2.0_647/lpcxpresso/tools/bin/../lib/gcc/arm-none-eabi/5.3.1/../../../../arm-none-eabi/lib/armv7-m\libcr_newlib_nohost.a(_cr_check_heap.o)
                0x00006b24                __check_heap_overflow
 .text          0x00006b3c       0x5c c:/nxp/lpcxpresso_8.2.0_647/lpcxpresso/tools/bin/../lib/gcc/arm-none-eabi/5.3.1/armv7-m\crtbegin.o
 .text          0x00006b98      0x370 c:/nxp/lpcxpresso_8.2.0_647/lpcxpresso/tools/bin/../lib/gcc/arm-none-eabi/5.3.1/armv7-m\libgcc.a(_arm_addsubdf3.o)
                0x00006b98                __aeabi_drsub
                0x00006ba0                __aeabi_dsub
                0x00006ba0                __subdf3
                0x00006ba4                __aeabi_dadd
                0x00006ba4                __adddf3
                0x00006e1c                __floatunsidf
                0x00006e1c                __aeabi_ui2d
                0x00006e3c                __floatsidf
                0x00006e3c                __aeabi_i2d
                0x00006e60                __aeabi_f2d
                0x00006e60                __extendsfdf2
                0x00006e9c                __floatundidf
                0x00006e9c                __aeabi_ul2d
                0x00006eac                __floatdidf
                0x00006eac                __aeabi_l2d
 .text          0x00006f08      0x424 c:/nxp/lpcxpresso_8.2.0_647/lpcxpresso/tools/bin/../lib/gcc/arm-none-eabi/5.3.1/armv7-m\libgcc.a(_arm_muldivdf3.o)
                0x00006f08                __aeabi_dmul
                0x00006f08                __muldf3
                0x0000715c                __divdf3
                0x0000715c                __aeabi_ddiv
 .text          0x0000732c      0x110 c:/nxp/lpcxpresso_8.2.0_647/lpcxpresso/tools/bin/../lib/gcc/arm-none-eabi/5.3.1/armv7-m\libgcc.a(_arm_cmpdf2.o)
                0x0000732c                __gtdf2
                0x0000732c                __gedf2
                0x00007334                __ltdf2
                0x00007334                __ledf2
                0x0000733c                __nedf2
                0x0000733c                __eqdf2
                0x0000733c                __cmpdf2
                0x000073b8                __aeabi_cdrcmple
                0x000073c8                __aeabi_cdcmpeq
                0x000073c8                __aeabi_cdcmple
                0x000073d8                __aeabi_dcmpeq
                0x000073ec                __aeabi_dcmplt
                0x00007400                __aeabi_dcmple
                0x00007414                __aeabi_dcmpge
                0x00007428                __aeabi_dcmpgt
 .text          0x0000743c       0x2c c:/nxp/lpcxpresso_8.2.0_647/lpcxpresso/tools/bin/../lib/gcc/arm-none-eabi/5.3.1/armv7-m\libgcc.a(_arm_unorddf2.o)
                0x0000743c                __unorddf2
                0x0000743c                __aeabi_dcmpun
 .text          0x00007468       0x50 c:/nxp/lpcxpresso_8.2.0_647/lpcxpresso/tools/bin/../lib/gcc/arm-none-eabi/5.3.1/armv7-m\libgcc.a(_arm_fixdfsi.o)
                0x00007468                __aeabi_d2iz
                0x00007468                __fixdfsi
 .text.__errno  0x000074b8        0xc c:/nxp/lpcxpresso_8.2.0_647/lpcxpresso/tools/bin/../lib/gcc/arm-none-eabi/5.3.1/../../../../arm-none-eabi/lib/armv7-m\libc.a(lib_a-errno.o)
                0x000074b8                __errno
 *(.rodata .rodata.* .constdata .constdata.*)
 .rodata        0x000074c4       0x3f ./src/Lab2.o
 *fill*         0x00007503        0x1 ff
 .rodata        0x00007504        0x9 ./freertos/src/tasks.o
 *fill*         0x0000750d        0x3 ff
 .rodata.OscRateIn
                0x00007510        0x4 C:\Users\Jaakko\Documents\LPCXpresso_8.2.0_647\workspace\lpc_board_nxp_lpcxpresso_1549\Debug\liblpc_board_nxp_lpcxpresso_1549.a(board.o)
                0x00007510                OscRateIn
 .rodata.RTCOscRateIn
                0x00007514        0x4 C:\Users\Jaakko\Documents\LPCXpresso_8.2.0_647\workspace\lpc_board_nxp_lpcxpresso_1549\Debug\liblpc_board_nxp_lpcxpresso_1549.a(board.o)
                0x00007514                RTCOscRateIn
 .rodata.ledpins
                0x00007518        0x3 C:\Users\Jaakko\Documents\LPCXpresso_8.2.0_647\workspace\lpc_board_nxp_lpcxpresso_1549\Debug\liblpc_board_nxp_lpcxpresso_1549.a(board.o)
 *fill*         0x0000751b        0x1 ff
 .rodata.ledports
                0x0000751c        0x3 C:\Users\Jaakko\Documents\LPCXpresso_8.2.0_647\workspace\lpc_board_nxp_lpcxpresso_1549\Debug\liblpc_board_nxp_lpcxpresso_1549.a(board.o)
 *fill*         0x0000751f        0x1 ff
 .rodata.ioconSetup
                0x00007520       0x74 C:\Users\Jaakko\Documents\LPCXpresso_8.2.0_647\workspace\lpc_board_nxp_lpcxpresso_1549\Debug\liblpc_board_nxp_lpcxpresso_1549.a(board_sysinit.o)
 .rodata.swmSetup
                0x00007594        0x6 C:\Users\Jaakko\Documents\LPCXpresso_8.2.0_647\workspace\lpc_board_nxp_lpcxpresso_1549\Debug\liblpc_board_nxp_lpcxpresso_1549.a(board_sysinit.o)
 *fill*         0x0000759a        0x2 ff
 .rodata.str1.4
                0x0000759c        0x2 c:/nxp/lpcxpresso_8.2.0_647/lpcxpresso/tools/bin/../lib/gcc/arm-none-eabi/5.3.1/../../../../arm-none-eabi/lib/armv7-m\libc.a(lib_a-impure.o)
 *fill*         0x0000759e        0x2 ff
 .rodata.zeroes.7035
                0x000075a0       0x10 c:/nxp/lpcxpresso_8.2.0_647/lpcxpresso/tools/bin/../lib/gcc/arm-none-eabi/5.3.1/../../../../arm-none-eabi/lib/armv7-m\libc.a(lib_a-svfprintf.o)
 .rodata.str1.4
                0x000075b0       0x42 c:/nxp/lpcxpresso_8.2.0_647/lpcxpresso/tools/bin/../lib/gcc/arm-none-eabi/5.3.1/../../../../arm-none-eabi/lib/armv7-m\libc.a(lib_a-svfprintf.o)
 *fill*         0x000075f2        0x2 ff
 .rodata.blanks.7034
                0x000075f4       0x10 c:/nxp/lpcxpresso_8.2.0_647/lpcxpresso/tools/bin/../lib/gcc/arm-none-eabi/5.3.1/../../../../arm-none-eabi/lib/armv7-m\libc.a(lib_a-svfprintf.o)
 .rodata.str1.4
                0x00007604       0x10 c:/nxp/lpcxpresso_8.2.0_647/lpcxpresso/tools/bin/../lib/gcc/arm-none-eabi/5.3.1/../../../../arm-none-eabi/lib/armv7-m\libc.a(lib_a-dtoa.o)
                                 0x12 (size before relaxing)
 .rodata.str1.4
                0x00007614        0xc c:/nxp/lpcxpresso_8.2.0_647/lpcxpresso/tools/bin/../lib/gcc/arm-none-eabi/5.3.1/../../../../arm-none-eabi/lib/armv7-m\libc.a(lib_a-locale.o)
                                 0x12 (size before relaxing)
 .rodata.__mprec_tens
                0x00007620       0xc8 c:/nxp/lpcxpresso_8.2.0_647/lpcxpresso/tools/bin/../lib/gcc/arm-none-eabi/5.3.1/../../../../arm-none-eabi/lib/armv7-m\libc.a(lib_a-mprec.o)
                0x00007620                __mprec_tens
 .rodata.__mprec_bigtens
                0x000076e8       0x28 c:/nxp/lpcxpresso_8.2.0_647/lpcxpresso/tools/bin/../lib/gcc/arm-none-eabi/5.3.1/../../../../arm-none-eabi/lib/armv7-m\libc.a(lib_a-mprec.o)
                0x000076e8                __mprec_bigtens
 .rodata.p05.5373
                0x00007710        0xc c:/nxp/lpcxpresso_8.2.0_647/lpcxpresso/tools/bin/../lib/gcc/arm-none-eabi/5.3.1/../../../../arm-none-eabi/lib/armv7-m\libc.a(lib_a-mprec.o)
                0x0000771c                . = ALIGN (0x4)
                0x0000771c                . = ALIGN (0x4)
 *(.init)
 .init          0x0000771c        0x4 c:/nxp/lpcxpresso_8.2.0_647/lpcxpresso/tools/bin/../lib/gcc/arm-none-eabi/5.3.1/armv7-m\crti.o
                0x0000771c                _init
 .init          0x00007720        0x8 c:/nxp/lpcxpresso_8.2.0_647/lpcxpresso/tools/bin/../lib/gcc/arm-none-eabi/5.3.1/armv7-m\crtn.o
                0x00007728                . = ALIGN (0x4)
                0x00007728                __preinit_array_start = .
 *(.preinit_array)
                0x00007728                __preinit_array_end = .
                0x00007728                . = ALIGN (0x4)
                0x00007728                __init_array_start = .
 *(SORT(.init_array.*))
 *(.init_array)
 .init_array    0x00007728        0x4 ./src/Lab2.o
 .init_array    0x0000772c        0x4 c:/nxp/lpcxpresso_8.2.0_647/lpcxpresso/tools/bin/../lib/gcc/arm-none-eabi/5.3.1/armv7-m\crtbegin.o
                0x00007730                __init_array_end = .
 *(.fini)
 .fini          0x00007730        0x4 c:/nxp/lpcxpresso_8.2.0_647/lpcxpresso/tools/bin/../lib/gcc/arm-none-eabi/5.3.1/armv7-m\crti.o
                0x00007730                _fini
 .fini          0x00007734        0x8 c:/nxp/lpcxpresso_8.2.0_647/lpcxpresso/tools/bin/../lib/gcc/arm-none-eabi/5.3.1/armv7-m\crtn.o
                0x0000773c                . = ALIGN (0x4)
 *crtbegin.o(.ctors)
 *(EXCLUDE_FILE(*crtend.o) .ctors)
 *(SORT(.ctors.*))
 *crtend.o(.ctors)
                0x0000773c                . = ALIGN (0x4)
 *crtbegin.o(.dtors)
 *(EXCLUDE_FILE(*crtend.o) .dtors)
 *(SORT(.dtors.*))
 *crtend.o(.dtors)
                0x0000773c                . = ALIGN (0x4)

.glue_7         0x0000773c        0x0
 .glue_7        0x0000773c        0x0 linker stubs

.glue_7t        0x0000773c        0x0
 .glue_7t       0x0000773c        0x0 linker stubs

.vfp11_veneer   0x0000773c        0x0
 .vfp11_veneer  0x0000773c        0x0 linker stubs

.v4_bx          0x0000773c        0x0
 .v4_bx         0x0000773c        0x0 linker stubs

.iplt           0x0000773c        0x0
 .iplt          0x0000773c        0x0 ./src/Lab2.o

.ARM.extab
 *(.ARM.extab* .gnu.linkonce.armextab.*)
                0x0000773c                __exidx_start = .

.ARM.exidx      0x0000773c        0x8
 *(.ARM.exidx* .gnu.linkonce.armexidx.*)
 .ARM.exidx     0x0000773c        0x8 c:/nxp/lpcxpresso_8.2.0_647/lpcxpresso/tools/bin/../lib/gcc/arm-none-eabi/5.3.1/armv7-m\libgcc.a(_udivmoddi4.o)
                0x00007744                __exidx_end = .
                0x00007744                _etext = .

.rel.dyn        0x00007744        0x0
 .rel.iplt      0x00007744        0x0 ./src/Lab2.o

.eh_frame       0x00007744        0x0
 .eh_frame      0x00007744        0x0 c:/nxp/lpcxpresso_8.2.0_647/lpcxpresso/tools/bin/../lib/gcc/arm-none-eabi/5.3.1/armv7-m\crtbegin.o

.data_RAM2      0x02004000        0x0 load address 0x00007744
 FILL mask 0xff
                [!provide]                PROVIDE (__start_data_RAM2, .)
 *(.ramfunc.$RAM2)
 *(.ramfunc.$Ram1_16)
 *(.data.$RAM2*)
 *(.data.$Ram1_16*)
                0x02004000                . = ALIGN (0x4)
                [!provide]                PROVIDE (__end_data_RAM2, .)

.data_RAM3      0x02008000        0x0 load address 0x00007744
 FILL mask 0xff
                [!provide]                PROVIDE (__start_data_RAM3, .)
 *(.ramfunc.$RAM3)
 *(.ramfunc.$Ram2_4)
 *(.data.$RAM3*)
 *(.data.$Ram2_4*)
                0x02008000                . = ALIGN (0x4)
                [!provide]                PROVIDE (__end_data_RAM3, .)

.uninit_RESERVED
                0x02000000        0x0
 *(.bss.$RESERVED*)
                0x02000000                . = ALIGN (0x4)
                0x02000000                _end_uninit_RESERVED = .

.data           0x02000000      0x87c load address 0x00007744
 FILL mask 0xff
                0x02000000                _data = .
 *(vtable)
 *(.ramfunc*)
 *(.data*)
 .data.uxCriticalNesting
                0x02000000        0x4 ./freertos/src/port.o
 *fill*         0x02000004        0x4 ff
 .data.impure_data
                0x02000008      0x428 c:/nxp/lpcxpresso_8.2.0_647/lpcxpresso/tools/bin/../lib/gcc/arm-none-eabi/5.3.1/../../../../arm-none-eabi/lib/armv7-m\libc.a(lib_a-impure.o)
 .data._impure_ptr
                0x02000430        0x4 c:/nxp/lpcxpresso_8.2.0_647/lpcxpresso/tools/bin/../lib/gcc/arm-none-eabi/5.3.1/../../../../arm-none-eabi/lib/armv7-m\libc.a(lib_a-impure.o)
                0x02000430                _impure_ptr
 .data.__malloc_av_
                0x02000434      0x408 c:/nxp/lpcxpresso_8.2.0_647/lpcxpresso/tools/bin/../lib/gcc/arm-none-eabi/5.3.1/../../../../arm-none-eabi/lib/armv7-m\libc.a(lib_a-mallocr.o)
                0x02000434                __malloc_av_
 .data.__malloc_trim_threshold
                0x0200083c        0x4 c:/nxp/lpcxpresso_8.2.0_647/lpcxpresso/tools/bin/../lib/gcc/arm-none-eabi/5.3.1/../../../../arm-none-eabi/lib/armv7-m\libc.a(lib_a-mallocr.o)
                0x0200083c                __malloc_trim_threshold
 .data.__malloc_sbrk_base
                0x02000840        0x4 c:/nxp/lpcxpresso_8.2.0_647/lpcxpresso/tools/bin/../lib/gcc/arm-none-eabi/5.3.1/../../../../arm-none-eabi/lib/armv7-m\libc.a(lib_a-mallocr.o)
                0x02000840                __malloc_sbrk_base
 .data.lconv    0x02000844       0x38 c:/nxp/lpcxpresso_8.2.0_647/lpcxpresso/tools/bin/../lib/gcc/arm-none-eabi/5.3.1/../../../../arm-none-eabi/lib/armv7-m\libc.a(lib_a-locale.o)
                0x0200087c                . = ALIGN (0x4)
                0x0200087c                _edata = .

.igot.plt       0x0200087c        0x0 load address 0x00007fc0
 .igot.plt      0x0200087c        0x0 ./src/Lab2.o

.jcr            0x0200087c        0x0 load address 0x00007fc0
 .jcr           0x0200087c        0x0 c:/nxp/lpcxpresso_8.2.0_647/lpcxpresso/tools/bin/../lib/gcc/arm-none-eabi/5.3.1/armv7-m\crtbegin.o

.bss_RAM2       0x02004000        0x0
                [!provide]                PROVIDE (__start_bss_RAM2, .)
 *(.bss.$RAM2*)
 *(.bss.$Ram1_16*)
                0x02004000                . = ALIGN ((. != 0x0)?0x4:0x1)
                [!provide]                PROVIDE (__end_bss_RAM2, .)

.bss_RAM3       0x02008000        0x0
                [!provide]                PROVIDE (__start_bss_RAM3, .)
 *(.bss.$RAM3*)
 *(.bss.$Ram2_4*)
                0x02008000                . = ALIGN ((. != 0x0)?0x4:0x1)
                [!provide]                PROVIDE (__end_bss_RAM3, .)

.bss            0x0200087c      0x1f8
                0x0200087c                _bss = .
 *(.bss*)
 .bss.xMutex    0x0200087c        0x4 ./src/Lab2.o
                0x0200087c                xMutex
 .bss.xBool     0x02000880        0x4 ./src/Lab2.o
                0x02000880                xBool
 .bss.word      0x02000884       0x3d ./src/Lab2.o
                0x02000884                word
 *fill*         0x020008c1        0x3 
 .bss.indexi    0x020008c4        0x4 ./src/Lab2.o
                0x020008c4                indexi
 .bss._ZZ4mainE1i
                0x020008c8        0x4 ./src/Lab2.o
 .bss.ulTimerCountsForOneTick
                0x020008cc        0x4 ./freertos/src/port.o
 .bss.xMaximumPossibleSuppressedTicks
                0x020008d0        0x4 ./freertos/src/port.o
 .bss.ulStoppedTimerCompensation
                0x020008d4        0x4 ./freertos/src/port.o
 .bss.pxCurrentTCB
                0x020008d8        0x4 ./freertos/src/tasks.o
                0x020008d8                pxCurrentTCB
 .bss.pxReadyTasksLists
                0x020008dc       0xa0 ./freertos/src/tasks.o
 .bss.xDelayedTaskList1
                0x0200097c       0x14 ./freertos/src/tasks.o
 .bss.xDelayedTaskList2
                0x02000990       0x14 ./freertos/src/tasks.o
 .bss.pxDelayedTaskList
                0x020009a4        0x4 ./freertos/src/tasks.o
 .bss.pxOverflowDelayedTaskList
                0x020009a8        0x4 ./freertos/src/tasks.o
 .bss.xPendingReadyList
                0x020009ac       0x14 ./freertos/src/tasks.o
 .bss.xTasksWaitingTermination
                0x020009c0       0x14 ./freertos/src/tasks.o
 .bss.uxDeletedTasksWaitingCleanUp
                0x020009d4        0x4 ./freertos/src/tasks.o
 .bss.xSuspendedTaskList
                0x020009d8       0x14 ./freertos/src/tasks.o
 .bss.uxCurrentNumberOfTasks
                0x020009ec        0x4 ./freertos/src/tasks.o
 .bss.xTickCount
                0x020009f0        0x4 ./freertos/src/tasks.o
 .bss.uxTopReadyPriority
                0x020009f4        0x4 ./freertos/src/tasks.o
 .bss.xSchedulerRunning
                0x020009f8        0x4 ./freertos/src/tasks.o
 .bss.uxPendedTicks
                0x020009fc        0x4 ./freertos/src/tasks.o
 .bss.xYieldPending
                0x02000a00        0x4 ./freertos/src/tasks.o
 .bss.xNumOfOverflows
                0x02000a04        0x4 ./freertos/src/tasks.o
 .bss.uxTaskNumber
                0x02000a08        0x4 ./freertos/src/tasks.o
 .bss.xNextTaskUnblockTime
                0x02000a0c        0x4 ./freertos/src/tasks.o
 .bss.xIdleTaskHandle
                0x02000a10        0x4 ./freertos/src/tasks.o
 .bss.uxSchedulerSuspended
                0x02000a14        0x4 ./freertos/src/tasks.o
 .bss.__malloc_max_total_mem
                0x02000a18        0x4 c:/nxp/lpcxpresso_8.2.0_647/lpcxpresso/tools/bin/../lib/gcc/arm-none-eabi/5.3.1/../../../../arm-none-eabi/lib/armv7-m\libc.a(lib_a-mallocr.o)
                0x02000a18                __malloc_max_total_mem
 .bss.__malloc_max_sbrked_mem
                0x02000a1c        0x4 c:/nxp/lpcxpresso_8.2.0_647/lpcxpresso/tools/bin/../lib/gcc/arm-none-eabi/5.3.1/../../../../arm-none-eabi/lib/armv7-m\libc.a(lib_a-mallocr.o)
                0x02000a1c                __malloc_max_sbrked_mem
 .bss.__malloc_top_pad
                0x02000a20        0x4 c:/nxp/lpcxpresso_8.2.0_647/lpcxpresso/tools/bin/../lib/gcc/arm-none-eabi/5.3.1/../../../../arm-none-eabi/lib/armv7-m\libc.a(lib_a-mallocr.o)
                0x02000a20                __malloc_top_pad
 .bss.__malloc_current_mallinfo
                0x02000a24       0x28 c:/nxp/lpcxpresso_8.2.0_647/lpcxpresso/tools/bin/../lib/gcc/arm-none-eabi/5.3.1/../../../../arm-none-eabi/lib/armv7-m\libc.a(lib_a-mallocr.o)
                0x02000a24                __malloc_current_mallinfo
 .bss.__end_of_heap
                0x02000a4c        0x4 c:/nxp/lpcxpresso_8.2.0_647/lpcxpresso/tools/bin/../lib/gcc/arm-none-eabi/5.3.1/../../../../arm-none-eabi/lib/armv7-m\libcr_newlib_nohost.a(_cr_sbrk.o)
                0x02000a4c                __end_of_heap
 .bss           0x02000a50       0x1c c:/nxp/lpcxpresso_8.2.0_647/lpcxpresso/tools/bin/../lib/gcc/arm-none-eabi/5.3.1/armv7-m\crtbegin.o
 *(COMMON)
 COMMON         0x02000a6c        0x4 C:\Users\Jaakko\Documents\LPCXpresso_8.2.0_647\workspace\lpc_chip_15xx\Debug\liblpc_chip_15xx.a(chip_15xx.o)
                0x02000a6c                SystemCoreClock
 COMMON         0x02000a70        0x4 c:/nxp/lpcxpresso_8.2.0_647/lpcxpresso/tools/bin/../lib/gcc/arm-none-eabi/5.3.1/../../../../arm-none-eabi/lib/armv7-m\libc.a(lib_a-reent.o)
                0x02000a70                errno
                0x02000a74                . = ALIGN (0x4)
                0x02000a74                _ebss = .
                [!provide]                PROVIDE (end, .)

.noinit_RAM2    0x02004000        0x0
 *(.noinit.$RAM2*)
 *(.noinit.$Ram1_16*)
                0x02004000                . = ALIGN (0x4)

.noinit_RAM3    0x02008000        0x0
 *(.noinit.$RAM3*)
 *(.noinit.$Ram2_4*)
                0x02008000                . = ALIGN (0x4)

.noinit         0x02000a74        0x0
                0x02000a74                _noinit = .
 *(.noinit*)
                0x02000a74                . = ALIGN (0x4)
                0x02000a74                _end_noinit = .
                0x02000a74                PROVIDE (_pvHeapStart, DEFINED (__user_heap_base)?__user_heap_base:.)
                0x02004000                PROVIDE (_vStackTop, DEFINED (__user_stack_top)?__user_stack_top:(__top_Ram0_16 - 0x0))
                0xfdffb2b6                PROVIDE (__valid_user_code_checksum, (0x0 - ((((((_vStackTop + (ResetISR + 0x1)) + (NMI_Handler + 0x1)) + (HardFault_Handler + 0x1)) + (DEFINED (MemManage_Handler)?MemManage_Handler:0x0 + 0x1)) + (DEFINED (BusFault_Handler)?BusFault_Handler:0x0 + 0x1)) + (DEFINED (UsageFault_Handler)?UsageFault_Handler:0x0 + 0x1))))
OUTPUT(Lab-2.axf elf32-littlearm)

.debug_info     0x00000000     0xa4a9
 .debug_info    0x00000000     0x1250 ./src/Lab2.o
 .debug_info    0x00001250      0x281 ./src/cr_startup_lpc15xx.o
 .debug_info    0x000014d1       0xee ./src/sysinit.o
 .debug_info    0x000015bf      0x1ae ./freertos/src/FreeRTOSCommonHooks.o
 .debug_info    0x0000176d      0x143 ./freertos/src/heap_3.o
 .debug_info    0x000018b0      0x2ee ./freertos/src/list.o
 .debug_info    0x00001b9e      0x46a ./freertos/src/port.o
 .debug_info    0x00002008      0xf10 ./freertos/src/queue.o
 .debug_info    0x00002f18     0x20a2 ./freertos/src/tasks.o
 .debug_info    0x00004fba      0xaa8 C:\Users\Jaakko\Documents\LPCXpresso_8.2.0_647\workspace\lpc_board_nxp_lpcxpresso_1549\Debug\liblpc_board_nxp_lpcxpresso_1549.a(board.o)
 .debug_info    0x00005a62      0xc90 C:\Users\Jaakko\Documents\LPCXpresso_8.2.0_647\workspace\lpc_board_nxp_lpcxpresso_1549\Debug\liblpc_board_nxp_lpcxpresso_1549.a(board_sysinit.o)
 .debug_info    0x000066f2      0x98d C:\Users\Jaakko\Documents\LPCXpresso_8.2.0_647\workspace\lpc_chip_15xx\Debug\liblpc_chip_15xx.a(chip_15xx.o)
 .debug_info    0x0000707f      0xd3e C:\Users\Jaakko\Documents\LPCXpresso_8.2.0_647\workspace\lpc_chip_15xx\Debug\liblpc_chip_15xx.a(clock_15xx.o)
 .debug_info    0x00007dbd      0x624 C:\Users\Jaakko\Documents\LPCXpresso_8.2.0_647\workspace\lpc_chip_15xx\Debug\liblpc_chip_15xx.a(gpio_15xx.o)
 .debug_info    0x000083e1      0x1f9 C:\Users\Jaakko\Documents\LPCXpresso_8.2.0_647\workspace\lpc_chip_15xx\Debug\liblpc_chip_15xx.a(iocon_15xx.o)
 .debug_info    0x000085da      0x5ea C:\Users\Jaakko\Documents\LPCXpresso_8.2.0_647\workspace\lpc_chip_15xx\Debug\liblpc_chip_15xx.a(swm_15xx.o)
 .debug_info    0x00008bc4      0x74c C:\Users\Jaakko\Documents\LPCXpresso_8.2.0_647\workspace\lpc_chip_15xx\Debug\liblpc_chip_15xx.a(sysctl_15xx.o)
 .debug_info    0x00009310      0x738 C:\Users\Jaakko\Documents\LPCXpresso_8.2.0_647\workspace\lpc_chip_15xx\Debug\liblpc_chip_15xx.a(sysinit_15xx.o)
 .debug_info    0x00009a48      0x8d3 C:\Users\Jaakko\Documents\LPCXpresso_8.2.0_647\workspace\lpc_chip_15xx\Debug\liblpc_chip_15xx.a(uart_15xx.o)
 .debug_info    0x0000a31b      0x124 c:/nxp/lpcxpresso_8.2.0_647/lpcxpresso/tools/bin/../lib/gcc/arm-none-eabi/5.3.1/../../../../arm-none-eabi/lib/armv7-m\libcr_newlib_nohost.a(_cr_sbrk.o)
 .debug_info    0x0000a43f       0x6a c:/nxp/lpcxpresso_8.2.0_647/lpcxpresso/tools/bin/../lib/gcc/arm-none-eabi/5.3.1/../../../../arm-none-eabi/lib/armv7-m\libcr_newlib_nohost.a(_cr_check_heap.o)

.debug_abbrev   0x00000000     0x1f63
 .debug_abbrev  0x00000000      0x232 ./src/Lab2.o
 .debug_abbrev  0x00000232       0xe7 ./src/cr_startup_lpc15xx.o
 .debug_abbrev  0x00000319       0x82 ./src/sysinit.o
 .debug_abbrev  0x0000039b      0x129 ./freertos/src/FreeRTOSCommonHooks.o
 .debug_abbrev  0x000004c4       0xd4 ./freertos/src/heap_3.o
 .debug_abbrev  0x00000598       0xec ./freertos/src/list.o
 .debug_abbrev  0x00000684      0x1df ./freertos/src/port.o
 .debug_abbrev  0x00000863      0x1e0 ./freertos/src/queue.o
 .debug_abbrev  0x00000a43      0x325 ./freertos/src/tasks.o
 .debug_abbrev  0x00000d68      0x20e C:\Users\Jaakko\Documents\LPCXpresso_8.2.0_647\workspace\lpc_board_nxp_lpcxpresso_1549\Debug\liblpc_board_nxp_lpcxpresso_1549.a(board.o)
 .debug_abbrev  0x00000f76      0x208 C:\Users\Jaakko\Documents\LPCXpresso_8.2.0_647\workspace\lpc_board_nxp_lpcxpresso_1549\Debug\liblpc_board_nxp_lpcxpresso_1549.a(board_sysinit.o)
 .debug_abbrev  0x0000117e      0x1b3 C:\Users\Jaakko\Documents\LPCXpresso_8.2.0_647\workspace\lpc_chip_15xx\Debug\liblpc_chip_15xx.a(chip_15xx.o)
 .debug_abbrev  0x00001331      0x285 C:\Users\Jaakko\Documents\LPCXpresso_8.2.0_647\workspace\lpc_chip_15xx\Debug\liblpc_chip_15xx.a(clock_15xx.o)
 .debug_abbrev  0x000015b6      0x16a C:\Users\Jaakko\Documents\LPCXpresso_8.2.0_647\workspace\lpc_chip_15xx\Debug\liblpc_chip_15xx.a(gpio_15xx.o)
 .debug_abbrev  0x00001720      0x137 C:\Users\Jaakko\Documents\LPCXpresso_8.2.0_647\workspace\lpc_chip_15xx\Debug\liblpc_chip_15xx.a(iocon_15xx.o)
 .debug_abbrev  0x00001857      0x13e C:\Users\Jaakko\Documents\LPCXpresso_8.2.0_647\workspace\lpc_chip_15xx\Debug\liblpc_chip_15xx.a(swm_15xx.o)
 .debug_abbrev  0x00001995      0x12b C:\Users\Jaakko\Documents\LPCXpresso_8.2.0_647\workspace\lpc_chip_15xx\Debug\liblpc_chip_15xx.a(sysctl_15xx.o)
 .debug_abbrev  0x00001ac0      0x18c C:\Users\Jaakko\Documents\LPCXpresso_8.2.0_647\workspace\lpc_chip_15xx\Debug\liblpc_chip_15xx.a(sysinit_15xx.o)
 .debug_abbrev  0x00001c4c      0x1e6 C:\Users\Jaakko\Documents\LPCXpresso_8.2.0_647\workspace\lpc_chip_15xx\Debug\liblpc_chip_15xx.a(uart_15xx.o)
 .debug_abbrev  0x00001e32       0xcf c:/nxp/lpcxpresso_8.2.0_647/lpcxpresso/tools/bin/../lib/gcc/arm-none-eabi/5.3.1/../../../../arm-none-eabi/lib/armv7-m\libcr_newlib_nohost.a(_cr_sbrk.o)
 .debug_abbrev  0x00001f01       0x62 c:/nxp/lpcxpresso_8.2.0_647/lpcxpresso/tools/bin/../lib/gcc/arm-none-eabi/5.3.1/../../../../arm-none-eabi/lib/armv7-m\libcr_newlib_nohost.a(_cr_check_heap.o)

.debug_aranges  0x00000000      0xa80
 .debug_aranges
                0x00000000       0x80 ./src/Lab2.o
 .debug_aranges
                0x00000080       0x80 ./src/cr_startup_lpc15xx.o
 .debug_aranges
                0x00000100       0x20 ./src/sysinit.o
 .debug_aranges
                0x00000120       0x40 ./freertos/src/FreeRTOSCommonHooks.o
 .debug_aranges
                0x00000160       0x28 ./freertos/src/heap_3.o
 .debug_aranges
                0x00000188       0x40 ./freertos/src/list.o
 .debug_aranges
                0x000001c8       0x90 ./freertos/src/port.o
 .debug_aranges
                0x00000258      0x110 ./freertos/src/queue.o
 .debug_aranges
                0x00000368      0x1e8 ./freertos/src/tasks.o
 .debug_aranges
                0x00000550       0xd0 C:\Users\Jaakko\Documents\LPCXpresso_8.2.0_647\workspace\lpc_board_nxp_lpcxpresso_1549\Debug\liblpc_board_nxp_lpcxpresso_1549.a(board.o)
 .debug_aranges
                0x00000620       0x60 C:\Users\Jaakko\Documents\LPCXpresso_8.2.0_647\workspace\lpc_board_nxp_lpcxpresso_1549\Debug\liblpc_board_nxp_lpcxpresso_1549.a(board_sysinit.o)
 .debug_aranges
                0x00000680       0x50 C:\Users\Jaakko\Documents\LPCXpresso_8.2.0_647\workspace\lpc_chip_15xx\Debug\liblpc_chip_15xx.a(chip_15xx.o)
 .debug_aranges
                0x000006d0      0x128 C:\Users\Jaakko\Documents\LPCXpresso_8.2.0_647\workspace\lpc_chip_15xx\Debug\liblpc_chip_15xx.a(clock_15xx.o)
 .debug_aranges
                0x000007f8       0x70 C:\Users\Jaakko\Documents\LPCXpresso_8.2.0_647\workspace\lpc_chip_15xx\Debug\liblpc_chip_15xx.a(gpio_15xx.o)
 .debug_aranges
                0x00000868       0x28 C:\Users\Jaakko\Documents\LPCXpresso_8.2.0_647\workspace\lpc_chip_15xx\Debug\liblpc_chip_15xx.a(iocon_15xx.o)
 .debug_aranges
                0x00000890       0x40 C:\Users\Jaakko\Documents\LPCXpresso_8.2.0_647\workspace\lpc_chip_15xx\Debug\liblpc_chip_15xx.a(swm_15xx.o)
 .debug_aranges
                0x000008d0       0x50 C:\Users\Jaakko\Documents\LPCXpresso_8.2.0_647\workspace\lpc_chip_15xx\Debug\liblpc_chip_15xx.a(sysctl_15xx.o)
 .debug_aranges
                0x00000920       0x58 C:\Users\Jaakko\Documents\LPCXpresso_8.2.0_647\workspace\lpc_chip_15xx\Debug\liblpc_chip_15xx.a(sysinit_15xx.o)
 .debug_aranges
                0x00000978       0xc8 C:\Users\Jaakko\Documents\LPCXpresso_8.2.0_647\workspace\lpc_chip_15xx\Debug\liblpc_chip_15xx.a(uart_15xx.o)
 .debug_aranges
                0x00000a40       0x20 c:/nxp/lpcxpresso_8.2.0_647/lpcxpresso/tools/bin/../lib/gcc/arm-none-eabi/5.3.1/../../../../arm-none-eabi/lib/armv7-m\libcr_newlib_nohost.a(_cr_sbrk.o)
 .debug_aranges
                0x00000a60       0x20 c:/nxp/lpcxpresso_8.2.0_647/lpcxpresso/tools/bin/../lib/gcc/arm-none-eabi/5.3.1/../../../../arm-none-eabi/lib/armv7-m\libcr_newlib_nohost.a(_cr_check_heap.o)

.debug_ranges   0x00000000      0x930
 .debug_ranges  0x00000000       0x70 ./src/Lab2.o
 .debug_ranges  0x00000070       0x70 ./src/cr_startup_lpc15xx.o
 .debug_ranges  0x000000e0       0x10 ./src/sysinit.o
 .debug_ranges  0x000000f0       0x30 ./freertos/src/FreeRTOSCommonHooks.o
 .debug_ranges  0x00000120       0x18 ./freertos/src/heap_3.o
 .debug_ranges  0x00000138       0x30 ./freertos/src/list.o
 .debug_ranges  0x00000168       0x80 ./freertos/src/port.o
 .debug_ranges  0x000001e8      0x100 ./freertos/src/queue.o
 .debug_ranges  0x000002e8      0x1d8 ./freertos/src/tasks.o
 .debug_ranges  0x000004c0       0xc0 C:\Users\Jaakko\Documents\LPCXpresso_8.2.0_647\workspace\lpc_board_nxp_lpcxpresso_1549\Debug\liblpc_board_nxp_lpcxpresso_1549.a(board.o)
 .debug_ranges  0x00000580       0x50 C:\Users\Jaakko\Documents\LPCXpresso_8.2.0_647\workspace\lpc_board_nxp_lpcxpresso_1549\Debug\liblpc_board_nxp_lpcxpresso_1549.a(board_sysinit.o)
 .debug_ranges  0x000005d0       0x40 C:\Users\Jaakko\Documents\LPCXpresso_8.2.0_647\workspace\lpc_chip_15xx\Debug\liblpc_chip_15xx.a(chip_15xx.o)
 .debug_ranges  0x00000610      0x118 C:\Users\Jaakko\Documents\LPCXpresso_8.2.0_647\workspace\lpc_chip_15xx\Debug\liblpc_chip_15xx.a(clock_15xx.o)
 .debug_ranges  0x00000728       0x60 C:\Users\Jaakko\Documents\LPCXpresso_8.2.0_647\workspace\lpc_chip_15xx\Debug\liblpc_chip_15xx.a(gpio_15xx.o)
 .debug_ranges  0x00000788       0x18 C:\Users\Jaakko\Documents\LPCXpresso_8.2.0_647\workspace\lpc_chip_15xx\Debug\liblpc_chip_15xx.a(iocon_15xx.o)
 .debug_ranges  0x000007a0       0x30 C:\Users\Jaakko\Documents\LPCXpresso_8.2.0_647\workspace\lpc_chip_15xx\Debug\liblpc_chip_15xx.a(swm_15xx.o)
 .debug_ranges  0x000007d0       0x40 C:\Users\Jaakko\Documents\LPCXpresso_8.2.0_647\workspace\lpc_chip_15xx\Debug\liblpc_chip_15xx.a(sysctl_15xx.o)
 .debug_ranges  0x00000810       0x48 C:\Users\Jaakko\Documents\LPCXpresso_8.2.0_647\workspace\lpc_chip_15xx\Debug\liblpc_chip_15xx.a(sysinit_15xx.o)
 .debug_ranges  0x00000858       0xb8 C:\Users\Jaakko\Documents\LPCXpresso_8.2.0_647\workspace\lpc_chip_15xx\Debug\liblpc_chip_15xx.a(uart_15xx.o)
 .debug_ranges  0x00000910       0x10 c:/nxp/lpcxpresso_8.2.0_647/lpcxpresso/tools/bin/../lib/gcc/arm-none-eabi/5.3.1/../../../../arm-none-eabi/lib/armv7-m\libcr_newlib_nohost.a(_cr_sbrk.o)
 .debug_ranges  0x00000920       0x10 c:/nxp/lpcxpresso_8.2.0_647/lpcxpresso/tools/bin/../lib/gcc/arm-none-eabi/5.3.1/../../../../arm-none-eabi/lib/armv7-m\libcr_newlib_nohost.a(_cr_check_heap.o)

.debug_macro    0x00000000     0xa347
 .debug_macro   0x00000000      0x45d ./src/Lab2.o
 .debug_macro   0x0000045d      0x958 ./src/Lab2.o
 .debug_macro   0x00000db5       0x1c ./src/Lab2.o
 .debug_macro   0x00000dd1       0x22 ./src/Lab2.o
 .debug_macro   0x00000df3       0x87 ./src/Lab2.o
 .debug_macro   0x00000e7a       0x44 ./src/Lab2.o
 .debug_macro   0x00000ebe       0xfd ./src/Lab2.o
 .debug_macro   0x00000fbb       0x22 ./src/Lab2.o
 .debug_macro   0x00000fdd      0x1df ./src/Lab2.o
 .debug_macro   0x000011bc       0x16 ./src/Lab2.o
 .debug_macro   0x000011d2       0x7b ./src/Lab2.o
 .debug_macro   0x0000124d       0x10 ./src/Lab2.o
 .debug_macro   0x0000125d       0x2d ./src/Lab2.o
 .debug_macro   0x0000128a       0x3a ./src/Lab2.o
 .debug_macro   0x000012c4       0x2d ./src/Lab2.o
 .debug_macro   0x000012f1      0xa7d ./src/Lab2.o
 .debug_macro   0x00001d6e      0x1b4 ./src/Lab2.o
 .debug_macro   0x00001f22       0xca ./src/Lab2.o
 .debug_macro   0x00001fec       0x18 ./src/Lab2.o
 .debug_macro   0x00002004       0xb2 ./src/Lab2.o
 .debug_macro   0x000020b6       0x70 ./src/Lab2.o
 .debug_macro   0x00002126       0x46 ./src/Lab2.o
 .debug_macro   0x0000216c       0xd0 ./src/Lab2.o
 .debug_macro   0x0000223c       0x40 ./src/Lab2.o
 .debug_macro   0x0000227c      0x233 ./src/Lab2.o
 .debug_macro   0x000024af       0x16 ./src/Lab2.o
 .debug_macro   0x000024c5       0x88 ./src/Lab2.o
 .debug_macro   0x0000254d       0x34 ./src/Lab2.o
 .debug_macro   0x00002581       0x6a ./src/Lab2.o
 .debug_macro   0x000025eb       0x40 ./src/Lab2.o
 .debug_macro   0x0000262b       0x1c ./src/Lab2.o
 .debug_macro   0x00002647       0x16 ./src/Lab2.o
 .debug_macro   0x0000265d      0x10c ./src/Lab2.o
 .debug_macro   0x00002769      0x2a9 ./src/Lab2.o
 .debug_macro   0x00002a12       0x76 ./src/Lab2.o
 .debug_macro   0x00002a88       0x22 ./src/Lab2.o
 .debug_macro   0x00002aaa      0x152 ./src/Lab2.o
 .debug_macro   0x00002bfc       0x82 ./src/Lab2.o
 .debug_macro   0x00002c7e       0xe6 ./src/Lab2.o
 .debug_macro   0x00002d64       0x3a ./src/Lab2.o
 .debug_macro   0x00002d9e       0x34 ./src/Lab2.o
 .debug_macro   0x00002dd2       0x10 ./src/Lab2.o
 .debug_macro   0x00002de2       0x76 ./src/Lab2.o
 .debug_macro   0x00002e58       0x58 ./src/Lab2.o
 .debug_macro   0x00002eb0      0x2ca ./src/Lab2.o
 .debug_macro   0x0000317a      0x22b ./src/Lab2.o
 .debug_macro   0x000033a5       0x2e ./src/Lab2.o
 .debug_macro   0x000033d3       0x34 ./src/Lab2.o
 .debug_macro   0x00003407       0x52 ./src/Lab2.o
 .debug_macro   0x00003459       0x35 ./src/Lab2.o
 .debug_macro   0x0000348e       0x9c ./src/Lab2.o
 .debug_macro   0x0000352a       0x16 ./src/Lab2.o
 .debug_macro   0x00003540       0x97 ./src/Lab2.o
 .debug_macro   0x000035d7      0x337 ./src/Lab2.o
 .debug_macro   0x0000390e      0x104 ./src/Lab2.o
 .debug_macro   0x00003a12       0x10 ./src/Lab2.o
 .debug_macro   0x00003a22       0x52 ./src/Lab2.o
 .debug_macro   0x00003a74       0x16 ./src/Lab2.o
 .debug_macro   0x00003a8a       0x43 ./src/Lab2.o
 .debug_macro   0x00003acd      0x187 ./src/Lab2.o
 .debug_macro   0x00003c54       0x22 ./src/Lab2.o
 .debug_macro   0x00003c76       0x3a ./src/Lab2.o
 .debug_macro   0x00003cb0       0x10 ./src/Lab2.o
 .debug_macro   0x00003cc0       0x40 ./src/Lab2.o
 .debug_macro   0x00003d00       0x6c ./src/Lab2.o
 .debug_macro   0x00003d6c       0x16 ./src/Lab2.o
 .debug_macro   0x00003d82      0x182 ./src/Lab2.o
 .debug_macro   0x00003f04       0x20 ./src/Lab2.o
 .debug_macro   0x00003f24       0xfa ./src/Lab2.o
 .debug_macro   0x0000401e      0x168 ./src/Lab2.o
 .debug_macro   0x00004186       0xaf ./src/Lab2.o
 .debug_macro   0x00004235       0x10 ./src/Lab2.o
 .debug_macro   0x00004245       0x1f ./src/Lab2.o
 .debug_macro   0x00004264       0x16 ./src/Lab2.o
 .debug_macro   0x0000427a       0x35 ./src/Lab2.o
 .debug_macro   0x000042af      0x3fb ./src/Lab2.o
 .debug_macro   0x000046aa       0xc0 ./src/Lab2.o
 .debug_macro   0x0000476a       0x8c ./src/Lab2.o
 .debug_macro   0x000047f6       0x94 ./src/Lab2.o
 .debug_macro   0x0000488a       0x78 ./src/Lab2.o
 .debug_macro   0x00004902       0x16 ./src/Lab2.o
 .debug_macro   0x00004918       0x82 ./src/Lab2.o
 .debug_macro   0x0000499a       0x23 ./src/cr_startup_lpc15xx.o
 .debug_macro   0x000049bd      0x3a5 ./src/sysinit.o
 .debug_macro   0x00004d62       0x22 ./src/sysinit.o
 .debug_macro   0x00004d84      0xa7d ./src/sysinit.o
 .debug_macro   0x00005801       0x9c ./src/sysinit.o
 .debug_macro   0x0000589d       0x97 ./src/sysinit.o
 .debug_macro   0x00005934      0x30d ./src/sysinit.o
 .debug_macro   0x00005c41       0xfd ./src/sysinit.o
 .debug_macro   0x00005d3e       0x43 ./src/sysinit.o
 .debug_macro   0x00005d81      0x436 ./freertos/src/FreeRTOSCommonHooks.o
 .debug_macro   0x000061b7      0x174 ./freertos/src/FreeRTOSCommonHooks.o
 .debug_macro   0x0000632b       0x74 ./freertos/src/FreeRTOSCommonHooks.o
 .debug_macro   0x0000639f       0x11 ./freertos/src/FreeRTOSCommonHooks.o
 .debug_macro   0x000063b0       0x35 ./freertos/src/FreeRTOSCommonHooks.o
 .debug_macro   0x000063e5       0xf4 ./freertos/src/FreeRTOSCommonHooks.o
 .debug_macro   0x000064d9      0x45a ./freertos/src/heap_3.o
 .debug_macro   0x00006933      0x43f ./freertos/src/list.o
 .debug_macro   0x00006d72      0x4bd ./freertos/src/port.o
 .debug_macro   0x0000722f      0x4b1 ./freertos/src/queue.o
 .debug_macro   0x000076e0      0x51b ./freertos/src/tasks.o
 .debug_macro   0x00007bfb       0x11 ./freertos/src/tasks.o
 .debug_macro   0x00007c0c      0x284 C:\Users\Jaakko\Documents\LPCXpresso_8.2.0_647\workspace\lpc_board_nxp_lpcxpresso_1549\Debug\liblpc_board_nxp_lpcxpresso_1549.a(board.o)
 .debug_macro   0x00007e90      0x886 C:\Users\Jaakko\Documents\LPCXpresso_8.2.0_647\workspace\lpc_board_nxp_lpcxpresso_1549\Debug\liblpc_board_nxp_lpcxpresso_1549.a(board.o)
 .debug_macro   0x00008716       0x10 C:\Users\Jaakko\Documents\LPCXpresso_8.2.0_647\workspace\lpc_board_nxp_lpcxpresso_1549\Debug\liblpc_board_nxp_lpcxpresso_1549.a(board.o)
 .debug_macro   0x00008726      0x12d C:\Users\Jaakko\Documents\LPCXpresso_8.2.0_647\workspace\lpc_board_nxp_lpcxpresso_1549\Debug\liblpc_board_nxp_lpcxpresso_1549.a(board.o)
 .debug_macro   0x00008853      0x5b2 C:\Users\Jaakko\Documents\LPCXpresso_8.2.0_647\workspace\lpc_board_nxp_lpcxpresso_1549\Debug\liblpc_board_nxp_lpcxpresso_1549.a(board.o)
 .debug_macro   0x00008e05       0x22 C:\Users\Jaakko\Documents\LPCXpresso_8.2.0_647\workspace\lpc_board_nxp_lpcxpresso_1549\Debug\liblpc_board_nxp_lpcxpresso_1549.a(board.o)
 .debug_macro   0x00008e27       0x9a C:\Users\Jaakko\Documents\LPCXpresso_8.2.0_647\workspace\lpc_board_nxp_lpcxpresso_1549\Debug\liblpc_board_nxp_lpcxpresso_1549.a(board.o)
 .debug_macro   0x00008ec1       0x12 C:\Users\Jaakko\Documents\LPCXpresso_8.2.0_647\workspace\lpc_board_nxp_lpcxpresso_1549\Debug\liblpc_board_nxp_lpcxpresso_1549.a(board.o)
 .debug_macro   0x00008ed3      0x288 C:\Users\Jaakko\Documents\LPCXpresso_8.2.0_647\workspace\lpc_board_nxp_lpcxpresso_1549\Debug\liblpc_board_nxp_lpcxpresso_1549.a(board_sysinit.o)
 .debug_macro   0x0000915b      0x239 C:\Users\Jaakko\Documents\LPCXpresso_8.2.0_647\workspace\lpc_chip_15xx\Debug\liblpc_chip_15xx.a(chip_15xx.o)
 .debug_macro   0x00009394      0x239 C:\Users\Jaakko\Documents\LPCXpresso_8.2.0_647\workspace\lpc_chip_15xx\Debug\liblpc_chip_15xx.a(clock_15xx.o)
 .debug_macro   0x000095cd      0x239 C:\Users\Jaakko\Documents\LPCXpresso_8.2.0_647\workspace\lpc_chip_15xx\Debug\liblpc_chip_15xx.a(gpio_15xx.o)
 .debug_macro   0x00009806      0x239 C:\Users\Jaakko\Documents\LPCXpresso_8.2.0_647\workspace\lpc_chip_15xx\Debug\liblpc_chip_15xx.a(iocon_15xx.o)
 .debug_macro   0x00009a3f      0x245 C:\Users\Jaakko\Documents\LPCXpresso_8.2.0_647\workspace\lpc_chip_15xx\Debug\liblpc_chip_15xx.a(swm_15xx.o)
 .debug_macro   0x00009c84      0x251 C:\Users\Jaakko\Documents\LPCXpresso_8.2.0_647\workspace\lpc_chip_15xx\Debug\liblpc_chip_15xx.a(sysctl_15xx.o)
 .debug_macro   0x00009ed5      0x239 C:\Users\Jaakko\Documents\LPCXpresso_8.2.0_647\workspace\lpc_chip_15xx\Debug\liblpc_chip_15xx.a(sysinit_15xx.o)
 .debug_macro   0x0000a10e      0x239 C:\Users\Jaakko\Documents\LPCXpresso_8.2.0_647\workspace\lpc_chip_15xx\Debug\liblpc_chip_15xx.a(uart_15xx.o)

.debug_line     0x00000000     0x8482
 .debug_line    0x00000000      0x8f4 ./src/Lab2.o
 .debug_line    0x000008f4       0xd5 ./src/cr_startup_lpc15xx.o
 .debug_line    0x000009c9      0x666 ./src/sysinit.o
 .debug_line    0x0000102f      0x7d6 ./freertos/src/FreeRTOSCommonHooks.o
 .debug_line    0x00001805      0x793 ./freertos/src/heap_3.o
 .debug_line    0x00001f98      0x7e1 ./freertos/src/list.o
 .debug_line    0x00002779      0x8b1 ./freertos/src/port.o
 .debug_line    0x0000302a      0xb8d ./freertos/src/queue.o
 .debug_line    0x00003bb7     0x116b ./freertos/src/tasks.o
 .debug_line    0x00004d22      0x6dc C:\Users\Jaakko\Documents\LPCXpresso_8.2.0_647\workspace\lpc_board_nxp_lpcxpresso_1549\Debug\liblpc_board_nxp_lpcxpresso_1549.a(board.o)
 .debug_line    0x000053fe      0x59e C:\Users\Jaakko\Documents\LPCXpresso_8.2.0_647\workspace\lpc_board_nxp_lpcxpresso_1549\Debug\liblpc_board_nxp_lpcxpresso_1549.a(board_sysinit.o)
 .debug_line    0x0000599c      0x4ba C:\Users\Jaakko\Documents\LPCXpresso_8.2.0_647\workspace\lpc_chip_15xx\Debug\liblpc_chip_15xx.a(chip_15xx.o)
 .debug_line    0x00005e56      0x70e C:\Users\Jaakko\Documents\LPCXpresso_8.2.0_647\workspace\lpc_chip_15xx\Debug\liblpc_chip_15xx.a(clock_15xx.o)
 .debug_line    0x00006564      0x512 C:\Users\Jaakko\Documents\LPCXpresso_8.2.0_647\workspace\lpc_chip_15xx\Debug\liblpc_chip_15xx.a(gpio_15xx.o)
 .debug_line    0x00006a76      0x45a C:\Users\Jaakko\Documents\LPCXpresso_8.2.0_647\workspace\lpc_chip_15xx\Debug\liblpc_chip_15xx.a(iocon_15xx.o)
 .debug_line    0x00006ed0      0x485 C:\Users\Jaakko\Documents\LPCXpresso_8.2.0_647\workspace\lpc_chip_15xx\Debug\liblpc_chip_15xx.a(swm_15xx.o)
 .debug_line    0x00007355      0x4bc C:\Users\Jaakko\Documents\LPCXpresso_8.2.0_647\workspace\lpc_chip_15xx\Debug\liblpc_chip_15xx.a(sysctl_15xx.o)
 .debug_line    0x00007811      0x4ef C:\Users\Jaakko\Documents\LPCXpresso_8.2.0_647\workspace\lpc_chip_15xx\Debug\liblpc_chip_15xx.a(sysinit_15xx.o)
 .debug_line    0x00007d00      0x634 C:\Users\Jaakko\Documents\LPCXpresso_8.2.0_647\workspace\lpc_chip_15xx\Debug\liblpc_chip_15xx.a(uart_15xx.o)
 .debug_line    0x00008334      0x101 c:/nxp/lpcxpresso_8.2.0_647/lpcxpresso/tools/bin/../lib/gcc/arm-none-eabi/5.3.1/../../../../arm-none-eabi/lib/armv7-m\libcr_newlib_nohost.a(_cr_sbrk.o)
 .debug_line    0x00008435       0x4d c:/nxp/lpcxpresso_8.2.0_647/lpcxpresso/tools/bin/../lib/gcc/arm-none-eabi/5.3.1/../../../../arm-none-eabi/lib/armv7-m\libcr_newlib_nohost.a(_cr_check_heap.o)

.debug_str      0x00000000    0x1f756
 .debug_str     0x00000000    0x18a5d ./src/Lab2.o
                              0x18d8a (size before relaxing)
 .debug_str     0x00018a5d      0x1de ./src/cr_startup_lpc15xx.o
                               0x2aa1 (size before relaxing)
 .debug_str     0x00018c3b      0x283 ./src/sysinit.o
                              0x12239 (size before relaxing)
 .debug_str     0x00018ebe       0xf5 ./freertos/src/FreeRTOSCommonHooks.o
                              0x156a8 (size before relaxing)
 .debug_str     0x00018fb3      0x152 ./freertos/src/heap_3.o
                              0x15712 (size before relaxing)
 .debug_str     0x00019105      0x12d ./freertos/src/list.o
                              0x15227 (size before relaxing)
 .debug_str     0x00019232      0x730 ./freertos/src/port.o
                              0x15f28 (size before relaxing)
 .debug_str     0x00019962      0x737 ./freertos/src/queue.o
                              0x1693a (size before relaxing)
 .debug_str     0x0001a099     0x1e70 ./freertos/src/tasks.o
                              0x179f3 (size before relaxing)
 .debug_str     0x0001bf09     0x1c5e C:\Users\Jaakko\Documents\LPCXpresso_8.2.0_647\workspace\lpc_board_nxp_lpcxpresso_1549\Debug\liblpc_board_nxp_lpcxpresso_1549.a(board.o)
                               0xff6e (size before relaxing)
 .debug_str     0x0001db67      0x7f3 C:\Users\Jaakko\Documents\LPCXpresso_8.2.0_647\workspace\lpc_board_nxp_lpcxpresso_1549\Debug\liblpc_board_nxp_lpcxpresso_1549.a(board_sysinit.o)
                              0x10560 (size before relaxing)
 .debug_str     0x0001e35a       0xb9 C:\Users\Jaakko\Documents\LPCXpresso_8.2.0_647\workspace\lpc_chip_15xx\Debug\liblpc_chip_15xx.a(chip_15xx.o)
                               0xfcb4 (size before relaxing)
 .debug_str     0x0001e413      0x64c C:\Users\Jaakko\Documents\LPCXpresso_8.2.0_647\workspace\lpc_chip_15xx\Debug\liblpc_chip_15xx.a(clock_15xx.o)
                              0x100b4 (size before relaxing)
 .debug_str     0x0001ea5f       0xdf C:\Users\Jaakko\Documents\LPCXpresso_8.2.0_647\workspace\lpc_chip_15xx\Debug\liblpc_chip_15xx.a(gpio_15xx.o)
                               0xf761 (size before relaxing)
 .debug_str     0x0001eb3e       0x41 C:\Users\Jaakko\Documents\LPCXpresso_8.2.0_647\workspace\lpc_chip_15xx\Debug\liblpc_chip_15xx.a(iocon_15xx.o)
                               0xf27e (size before relaxing)
 .debug_str     0x0001eb7f      0x55d C:\Users\Jaakko\Documents\LPCXpresso_8.2.0_647\workspace\lpc_chip_15xx\Debug\liblpc_chip_15xx.a(swm_15xx.o)
                               0xfc86 (size before relaxing)
 .debug_str     0x0001f0dc      0x183 C:\Users\Jaakko\Documents\LPCXpresso_8.2.0_647\workspace\lpc_chip_15xx\Debug\liblpc_chip_15xx.a(sysctl_15xx.o)
                               0xf76b (size before relaxing)
 .debug_str     0x0001f25f      0x13f C:\Users\Jaakko\Documents\LPCXpresso_8.2.0_647\workspace\lpc_chip_15xx\Debug\liblpc_chip_15xx.a(sysinit_15xx.o)
                               0xf75a (size before relaxing)
 .debug_str     0x0001f39e      0x20f C:\Users\Jaakko\Documents\LPCXpresso_8.2.0_647\workspace\lpc_chip_15xx\Debug\liblpc_chip_15xx.a(uart_15xx.o)
                               0xf8bd (size before relaxing)
 .debug_str     0x0001f5ad      0x184 c:/nxp/lpcxpresso_8.2.0_647/lpcxpresso/tools/bin/../lib/gcc/arm-none-eabi/5.3.1/../../../../arm-none-eabi/lib/armv7-m\libcr_newlib_nohost.a(_cr_sbrk.o)
                                0x229 (size before relaxing)
 .debug_str     0x0001f731       0x25 c:/nxp/lpcxpresso_8.2.0_647/lpcxpresso/tools/bin/../lib/gcc/arm-none-eabi/5.3.1/../../../../arm-none-eabi/lib/armv7-m\libcr_newlib_nohost.a(_cr_check_heap.o)
                                0x16b (size before relaxing)

.comment        0x00000000       0xdc
 .comment       0x00000000       0x6e ./src/Lab2.o
                                 0x6f (size before relaxing)
 .comment       0x0000006e       0x6f ./src/cr_startup_lpc15xx.o
 .comment       0x0000006e       0x6f ./src/sysinit.o
 .comment       0x0000006e       0x6f ./freertos/src/FreeRTOSCommonHooks.o
 .comment       0x0000006e       0x6f ./freertos/src/heap_3.o
 .comment       0x0000006e       0x6f ./freertos/src/list.o
 .comment       0x0000006e       0x6f ./freertos/src/port.o
 .comment       0x0000006e       0x6f ./freertos/src/queue.o
 .comment       0x0000006e       0x6f ./freertos/src/tasks.o
 .comment       0x0000006e       0x6f C:\Users\Jaakko\Documents\LPCXpresso_8.2.0_647\workspace\lpc_board_nxp_lpcxpresso_1549\Debug\liblpc_board_nxp_lpcxpresso_1549.a(board.o)
 .comment       0x0000006e       0x6f C:\Users\Jaakko\Documents\LPCXpresso_8.2.0_647\workspace\lpc_board_nxp_lpcxpresso_1549\Debug\liblpc_board_nxp_lpcxpresso_1549.a(board_sysinit.o)
 .comment       0x0000006e       0x6f C:\Users\Jaakko\Documents\LPCXpresso_8.2.0_647\workspace\lpc_chip_15xx\Debug\liblpc_chip_15xx.a(chip_15xx.o)
 .comment       0x0000006e       0x6f C:\Users\Jaakko\Documents\LPCXpresso_8.2.0_647\workspace\lpc_chip_15xx\Debug\liblpc_chip_15xx.a(clock_15xx.o)
 .comment       0x0000006e       0x6f C:\Users\Jaakko\Documents\LPCXpresso_8.2.0_647\workspace\lpc_chip_15xx\Debug\liblpc_chip_15xx.a(gpio_15xx.o)
 .comment       0x0000006e       0x6f C:\Users\Jaakko\Documents\LPCXpresso_8.2.0_647\workspace\lpc_chip_15xx\Debug\liblpc_chip_15xx.a(iocon_15xx.o)
 .comment       0x0000006e       0x6f C:\Users\Jaakko\Documents\LPCXpresso_8.2.0_647\workspace\lpc_chip_15xx\Debug\liblpc_chip_15xx.a(swm_15xx.o)
 .comment       0x0000006e       0x6f C:\Users\Jaakko\Documents\LPCXpresso_8.2.0_647\workspace\lpc_chip_15xx\Debug\liblpc_chip_15xx.a(sysctl_15xx.o)
 .comment       0x0000006e       0x6f C:\Users\Jaakko\Documents\LPCXpresso_8.2.0_647\workspace\lpc_chip_15xx\Debug\liblpc_chip_15xx.a(sysinit_15xx.o)
 .comment       0x0000006e       0x6f C:\Users\Jaakko\Documents\LPCXpresso_8.2.0_647\workspace\lpc_chip_15xx\Debug\liblpc_chip_15xx.a(uart_15xx.o)
 .comment       0x0000006e       0x6e c:/nxp/lpcxpresso_8.2.0_647/lpcxpresso/tools/bin/../lib/gcc/arm-none-eabi/5.3.1/../../../../arm-none-eabi/lib/armv7-m\libcr_newlib_nohost.a(_cr_sbrk.o)
                                 0x6f (size before relaxing)
 .comment       0x000000dc       0x6f c:/nxp/lpcxpresso_8.2.0_647/lpcxpresso/tools/bin/../lib/gcc/arm-none-eabi/5.3.1/../../../../arm-none-eabi/lib/armv7-m\libcr_newlib_nohost.a(_cr_check_heap.o)

.ARM.attributes
                0x00000000       0x31
 .ARM.attributes
                0x00000000       0x33 ./src/Lab2.o
 .ARM.attributes
                0x00000033       0x33 ./src/cr_startup_lpc15xx.o
 .ARM.attributes
                0x00000066       0x33 ./src/sysinit.o
 .ARM.attributes
                0x00000099       0x33 ./freertos/src/FreeRTOSCommonHooks.o
 .ARM.attributes
                0x000000cc       0x33 ./freertos/src/heap_3.o
 .ARM.attributes
                0x000000ff       0x33 ./freertos/src/list.o
 .ARM.attributes
                0x00000132       0x33 ./freertos/src/port.o
 .ARM.attributes
                0x00000165       0x33 ./freertos/src/queue.o
 .ARM.attributes
                0x00000198       0x33 ./freertos/src/tasks.o
 .ARM.attributes
                0x000001cb       0x33 C:\Users\Jaakko\Documents\LPCXpresso_8.2.0_647\workspace\lpc_board_nxp_lpcxpresso_1549\Debug\liblpc_board_nxp_lpcxpresso_1549.a(board.o)
 .ARM.attributes
                0x000001fe       0x33 C:\Users\Jaakko\Documents\LPCXpresso_8.2.0_647\workspace\lpc_board_nxp_lpcxpresso_1549\Debug\liblpc_board_nxp_lpcxpresso_1549.a(board_sysinit.o)
 .ARM.attributes
                0x00000231       0x33 C:\Users\Jaakko\Documents\LPCXpresso_8.2.0_647\workspace\lpc_chip_15xx\Debug\liblpc_chip_15xx.a(chip_15xx.o)
 .ARM.attributes
                0x00000264       0x33 C:\Users\Jaakko\Documents\LPCXpresso_8.2.0_647\workspace\lpc_chip_15xx\Debug\liblpc_chip_15xx.a(clock_15xx.o)
 .ARM.attributes
                0x00000297       0x33 C:\Users\Jaakko\Documents\LPCXpresso_8.2.0_647\workspace\lpc_chip_15xx\Debug\liblpc_chip_15xx.a(gpio_15xx.o)
 .ARM.attributes
                0x000002ca       0x33 C:\Users\Jaakko\Documents\LPCXpresso_8.2.0_647\workspace\lpc_chip_15xx\Debug\liblpc_chip_15xx.a(iocon_15xx.o)
 .ARM.attributes
                0x000002fd       0x33 C:\Users\Jaakko\Documents\LPCXpresso_8.2.0_647\workspace\lpc_chip_15xx\Debug\liblpc_chip_15xx.a(swm_15xx.o)
 .ARM.attributes
                0x00000330       0x33 C:\Users\Jaakko\Documents\LPCXpresso_8.2.0_647\workspace\lpc_chip_15xx\Debug\liblpc_chip_15xx.a(sysctl_15xx.o)
 .ARM.attributes
                0x00000363       0x33 C:\Users\Jaakko\Documents\LPCXpresso_8.2.0_647\workspace\lpc_chip_15xx\Debug\liblpc_chip_15xx.a(sysinit_15xx.o)
 .ARM.attributes
                0x00000396       0x33 C:\Users\Jaakko\Documents\LPCXpresso_8.2.0_647\workspace\lpc_chip_15xx\Debug\liblpc_chip_15xx.a(uart_15xx.o)
 .ARM.attributes
                0x000003c9       0x1d c:/nxp/lpcxpresso_8.2.0_647/lpcxpresso/tools/bin/../lib/gcc/arm-none-eabi/5.3.1/armv7-m\libgcc.a(_aeabi_uldivmod.o)
 .ARM.attributes
                0x000003e6       0x2d c:/nxp/lpcxpresso_8.2.0_647/lpcxpresso/tools/bin/../lib/gcc/arm-none-eabi/5.3.1/armv7-m\libgcc.a(_udivmoddi4.o)
 .ARM.attributes
                0x00000413       0x1d c:/nxp/lpcxpresso_8.2.0_647/lpcxpresso/tools/bin/../lib/gcc/arm-none-eabi/5.3.1/armv7-m\libgcc.a(_dvmd_tls.o)
 .ARM.attributes
                0x00000430       0x2d c:/nxp/lpcxpresso_8.2.0_647/lpcxpresso/tools/bin/../lib/gcc/arm-none-eabi/5.3.1/../../../../arm-none-eabi/lib/armv7-m\libc.a(lib_a-impure.o)
 .ARM.attributes
                0x0000045d       0x2d c:/nxp/lpcxpresso_8.2.0_647/lpcxpresso/tools/bin/../lib/gcc/arm-none-eabi/5.3.1/../../../../arm-none-eabi/lib/armv7-m\libc.a(lib_a-init.o)
 .ARM.attributes
                0x0000048a       0x2d c:/nxp/lpcxpresso_8.2.0_647/lpcxpresso/tools/bin/../lib/gcc/arm-none-eabi/5.3.1/../../../../arm-none-eabi/lib/armv7-m\libc.a(lib_a-malloc.o)
 .ARM.attributes
                0x000004b7       0x2d c:/nxp/lpcxpresso_8.2.0_647/lpcxpresso/tools/bin/../lib/gcc/arm-none-eabi/5.3.1/../../../../arm-none-eabi/lib/armv7-m\libc.a(lib_a-mallocr.o)
 .ARM.attributes
                0x000004e4       0x1b c:/nxp/lpcxpresso_8.2.0_647/lpcxpresso/tools/bin/../lib/gcc/arm-none-eabi/5.3.1/../../../../arm-none-eabi/lib/armv7-m\libc.a(lib_a-memcpy.o)
 .ARM.attributes
                0x000004ff       0x2d c:/nxp/lpcxpresso_8.2.0_647/lpcxpresso/tools/bin/../lib/gcc/arm-none-eabi/5.3.1/../../../../arm-none-eabi/lib/armv7-m\libc.a(lib_a-memset.o)
 .ARM.attributes
                0x0000052c       0x2d c:/nxp/lpcxpresso_8.2.0_647/lpcxpresso/tools/bin/../lib/gcc/arm-none-eabi/5.3.1/../../../../arm-none-eabi/lib/armv7-m\libc.a(lib_a-mlock.o)
 .ARM.attributes
                0x00000559       0x2d c:/nxp/lpcxpresso_8.2.0_647/lpcxpresso/tools/bin/../lib/gcc/arm-none-eabi/5.3.1/../../../../arm-none-eabi/lib/armv7-m\libc.a(lib_a-reent.o)
 .ARM.attributes
                0x00000586       0x2d c:/nxp/lpcxpresso_8.2.0_647/lpcxpresso/tools/bin/../lib/gcc/arm-none-eabi/5.3.1/../../../../arm-none-eabi/lib/armv7-m\libc.a(lib_a-sbrkr.o)
 .ARM.attributes
                0x000005b3       0x2d c:/nxp/lpcxpresso_8.2.0_647/lpcxpresso/tools/bin/../lib/gcc/arm-none-eabi/5.3.1/../../../../arm-none-eabi/lib/armv7-m\libc.a(lib_a-sprintf.o)
 .ARM.attributes
                0x000005e0       0x2d c:/nxp/lpcxpresso_8.2.0_647/lpcxpresso/tools/bin/../lib/gcc/arm-none-eabi/5.3.1/../../../../arm-none-eabi/lib/armv7-m\libc.a(lib_a-svfprintf.o)
 .ARM.attributes
                0x0000060d       0x2d c:/nxp/lpcxpresso_8.2.0_647/lpcxpresso/tools/bin/../lib/gcc/arm-none-eabi/5.3.1/../../../../arm-none-eabi/lib/armv7-m\libc.a(lib_a-dtoa.o)
 .ARM.attributes
                0x0000063a       0x2d c:/nxp/lpcxpresso_8.2.0_647/lpcxpresso/tools/bin/../lib/gcc/arm-none-eabi/5.3.1/../../../../arm-none-eabi/lib/armv7-m\libc.a(lib_a-freer.o)
 .ARM.attributes
                0x00000667       0x2d c:/nxp/lpcxpresso_8.2.0_647/lpcxpresso/tools/bin/../lib/gcc/arm-none-eabi/5.3.1/../../../../arm-none-eabi/lib/armv7-m\libc.a(lib_a-locale.o)
 .ARM.attributes
                0x00000694       0x2d c:/nxp/lpcxpresso_8.2.0_647/lpcxpresso/tools/bin/../lib/gcc/arm-none-eabi/5.3.1/../../../../arm-none-eabi/lib/armv7-m\libc.a(lib_a-memchr-stub.o)
 .ARM.attributes
                0x000006c1       0x2d c:/nxp/lpcxpresso_8.2.0_647/lpcxpresso/tools/bin/../lib/gcc/arm-none-eabi/5.3.1/../../../../arm-none-eabi/lib/armv7-m\libc.a(lib_a-mprec.o)
 .ARM.attributes
                0x000006ee       0x2d c:/nxp/lpcxpresso_8.2.0_647/lpcxpresso/tools/bin/../lib/gcc/arm-none-eabi/5.3.1/../../../../arm-none-eabi/lib/armv7-m\libc.a(lib_a-strlen-stub.o)
 .ARM.attributes