Archive member included to satisfy reference by file (symbol)

C:\Users\Jaakko\Documents\LPCXpresso_8.2.0_647\workspace\lpc_board_nxp_lpcxpresso_1549\Debug\liblpc_board_nxp_lpcxpresso_1549.a(board.o)
                              ./src/Lab2.o (Board_UARTGetChar)
C:\Users\Jaakko\Documents\LPCXpresso_8.2.0_647\workspace\lpc_board_nxp_lpcxpresso_1549\Debug\liblpc_board_nxp_lpcxpresso_1549.a(board_sysinit.o)
                              ./src/sysinit.o (Board_SystemInit)
C:\Users\Jaakko\Documents\LPCXpresso_8.2.0_647\workspace\lpc_chip_15xx\Debug\liblpc_chip_15xx.a(chip_15xx.o)
                              ./freertos/src/port.o (SystemCoreClock)
C:\Users\Jaakko\Documents\LPCXpresso_8.2.0_647\workspace\lpc_chip_15xx\Debug\liblpc_chip_15xx.a(clock_15xx.o)
                              C:\Users\Jaakko\Documents\LPCXpresso_8.2.0_647\workspace\lpc_board_nxp_lpcxpresso_1549\Debug\liblpc_board_nxp_lpcxpresso_1549.a(board.o) (Chip_Clock_GetMainClockRate)
C:\Users\Jaakko\Documents\LPCXpresso_8.2.0_647\workspace\lpc_chip_15xx\Debug\liblpc_chip_15xx.a(gpio_15xx.o)
                              C:\Users\Jaakko\Documents\LPCXpresso_8.2.0_647\workspace\lpc_board_nxp_lpcxpresso_1549\Debug\liblpc_board_nxp_lpcxpresso_1549.a(board.o) (Chip_GPIO_Init)
C:\Users\Jaakko\Documents\LPCXpresso_8.2.0_647\workspace\lpc_chip_15xx\Debug\liblpc_chip_15xx.a(iocon_15xx.o)
                              C:\Users\Jaakko\Documents\LPCXpresso_8.2.0_647\workspace\lpc_board_nxp_lpcxpresso_1549\Debug\liblpc_board_nxp_lpcxpresso_1549.a(board_sysinit.o) (Chip_IOCON_SetPinMuxing)
C:\Users\Jaakko\Documents\LPCXpresso_8.2.0_647\workspace\lpc_chip_15xx\Debug\liblpc_chip_15xx.a(swm_15xx.o)
                              C:\Users\Jaakko\Documents\LPCXpresso_8.2.0_647\workspace\lpc_board_nxp_lpcxpresso_1549\Debug\liblpc_board_nxp_lpcxpresso_1549.a(board.o) (Chip_SWM_MovablePinAssign)
C:\Users\Jaakko\Documents\LPCXpresso_8.2.0_647\workspace\lpc_chip_15xx\Debug\liblpc_chip_15xx.a(sysctl_15xx.o)
                              C:\Users\Jaakko\Documents\LPCXpresso_8.2.0_647\workspace\lpc_board_nxp_lpcxpresso_1549\Debug\liblpc_board_nxp_lpcxpresso_1549.a(board_sysinit.o) (Chip_SYSCTL_AssertPeriphReset)
C:\Users\Jaakko\Documents\LPCXpresso_8.2.0_647\workspace\lpc_chip_15xx\Debug\liblpc_chip_15xx.a(sysinit_15xx.o)
                              C:\Users\Jaakko\Documents\LPCXpresso_8.2.0_647\workspace\lpc_board_nxp_lpcxpresso_1549\Debug\liblpc_board_nxp_lpcxpresso_1549.a(board_sysinit.o) (Chip_SetupXtalClocking)
C:\Users\Jaakko\Documents\LPCXpresso_8.2.0_647\workspace\lpc_chip_15xx\Debug\liblpc_chip_15xx.a(uart_15xx.o)
                              C:\Users\Jaakko\Documents\LPCXpresso_8.2.0_647\workspace\lpc_board_nxp_lpcxpresso_1549\Debug\liblpc_board_nxp_lpcxpresso_1549.a(board.o) (Chip_UART_Init)
C:\Users\Jaakko\Documents\LPCXpresso_8.2.0_647\workspace\lpc_chip_15xx\Debug\liblpc_chip_15xx.a(ring_buffer.o)
                              C:\Users\Jaakko\Documents\LPCXpresso_8.2.0_647\workspace\lpc_chip_15xx\Debug\liblpc_chip_15xx.a(uart_15xx.o) (RingBuffer_Insert)
c:/nxp/lpcxpresso_8.2.0_647/lpcxpresso/tools/bin/../lib/gcc/arm-none-eabi/5.3.1/armv7-m\libgcc.a(_aeabi_uldivmod.o)
                              C:\Users\Jaakko\Documents\LPCXpresso_8.2.0_647\workspace\lpc_chip_15xx\Debug\liblpc_chip_15xx.a(clock_15xx.o) (__aeabi_uldivmod)
c:/nxp/lpcxpresso_8.2.0_647/lpcxpresso/tools/bin/../lib/gcc/arm-none-eabi/5.3.1/armv7-m\libgcc.a(_udivmoddi4.o)
                              c:/nxp/lpcxpresso_8.2.0_647/lpcxpresso/tools/bin/../lib/gcc/arm-none-eabi/5.3.1/armv7-m\libgcc.a(_aeabi_uldivmod.o) (__udivmoddi4)
c:/nxp/lpcxpresso_8.2.0_647/lpcxpresso/tools/bin/../lib/gcc/arm-none-eabi/5.3.1/armv7-m\libgcc.a(_dvmd_tls.o)
                              c:/nxp/lpcxpresso_8.2.0_647/lpcxpresso/tools/bin/../lib/gcc/arm-none-eabi/5.3.1/armv7-m\libgcc.a(_aeabi_uldivmod.o) (__aeabi_ldiv0)
c:/nxp/lpcxpresso_8.2.0_647/lpcxpresso/tools/bin/../lib/gcc/arm-none-eabi/5.3.1/../../../../arm-none-eabi/lib/armv7-m\libc.a(lib_a-impure.o)
                              ./freertos/src/tasks.o (_impure_ptr)
c:/nxp/lpcxpresso_8.2.0_647/lpcxpresso/tools/bin/../lib/gcc/arm-none-eabi/5.3.1/../../../../arm-none-eabi/lib/armv7-m\libc.a(lib_a-init.o)
                              ./src/cr_startup_lpc15xx.o (__libc_init_array)
c:/nxp/lpcxpresso_8.2.0_647/lpcxpresso/tools/bin/../lib/gcc/arm-none-eabi/5.3.1/../../../../arm-none-eabi/lib/armv7-m\libc.a(lib_a-malloc.o)
                              ./src/cr_cpp_config.o (malloc)
c:/nxp/lpcxpresso_8.2.0_647/lpcxpresso/tools/bin/../lib/gcc/arm-none-eabi/5.3.1/../../../../arm-none-eabi/lib/armv7-m\libc.a(lib_a-mallocr.o)
                              c:/nxp/lpcxpresso_8.2.0_647/lpcxpresso/tools/bin/../lib/gcc/arm-none-eabi/5.3.1/../../../../arm-none-eabi/lib/armv7-m\libc.a(lib_a-malloc.o) (_malloc_r)
c:/nxp/lpcxpresso_8.2.0_647/lpcxpresso/tools/bin/../lib/gcc/arm-none-eabi/5.3.1/../../../../arm-none-eabi/lib/armv7-m\libc.a(lib_a-memcpy.o)
[...]
Memory Configuration

Name             Origin             Length             Attributes
MFlash256        0x00000000         0x00040000         xr
Ram0_16          0x02000000         0x00004000         xrw
Ram1_16          0x02004000         0x00004000         xrw
Ram2_4           0x02008000         0x00001000         xrw
*default*        0x00000000         0xffffffff

Linker script and memory map

LOAD ./src/Lab2.o
LOAD ./src/cr_cpp_config.o
LOAD ./src/cr_startup_lpc15xx.o
LOAD ./src/crp.o
LOAD ./src/sysinit.o
LOAD ./freertos/src/FreeRTOSCommonHooks.o
LOAD ./freertos/src/croutine.o
LOAD ./freertos/src/event_groups.o
LOAD ./freertos/src/heap_3.o
LOAD ./freertos/src/list.o
LOAD ./freertos/src/port.o
LOAD ./freertos/src/queue.o
LOAD ./freertos/src/tasks.o
LOAD ./freertos/src/timers.o
LOAD C:\Users\Jaakko\Documents\LPCXpresso_8.2.0_647\workspace\lpc_board_nxp_lpcxpresso_1549\Debug\liblpc_board_nxp_lpcxpresso_1549.a
LOAD C:\Users\Jaakko\Documents\LPCXpresso_8.2.0_647\workspace\lpc_chip_15xx\Debug\liblpc_chip_15xx.a
START GROUP
LOAD c:/nxp/lpcxpresso_8.2.0_647/lpcxpresso/tools/bin/../lib/gcc/arm-none-eabi/5.3.1/armv7-m\libgcc.a
LOAD c:/nxp/lpcxpresso_8.2.0_647/lpcxpresso/tools/bin/../lib/gcc/arm-none-eabi/5.3.1/../../../../arm-none-eabi/lib/armv7-m\libc.a
LOAD c:/nxp/lpcxpresso_8.2.0_647/lpcxpresso/tools/bin/../lib/gcc/arm-none-eabi/5.3.1/../../../../arm-none-eabi/lib/armv7-m\libstdc++.a
LOAD c:/nxp/lpcxpresso_8.2.0_647/lpcxpresso/tools/bin/../lib/gcc/arm-none-eabi/5.3.1/../../../../arm-none-eabi/lib/armv7-m\libm.a
LOAD c:/nxp/lpcxpresso_8.2.0_647/lpcxpresso/tools/bin/../lib/gcc/arm-none-eabi/5.3.1/../../../../arm-none-eabi/lib/armv7-m\libcr_newlib_nohost.a
LOAD c:/nxp/lpcxpresso_8.2.0_647/lpcxpresso/tools/bin/../lib/gcc/arm-none-eabi/5.3.1/armv7-m\crti.o
LOAD c:/nxp/lpcxpresso_8.2.0_647/lpcxpresso/tools/bin/../lib/gcc/arm-none-eabi/5.3.1/armv7-m\crtn.o
LOAD c:/nxp/lpcxpresso_8.2.0_647/lpcxpresso/tools/bin/../lib/gcc/arm-none-eabi/5.3.1/armv7-m\crtbegin.o
LOAD c:/nxp/lpcxpresso_8.2.0_647/lpcxpresso/tools/bin/../lib/gcc/arm-none-eabi/5.3.1/armv7-m\crtend.o
END GROUP
                0x00000000                __base_MFlash256 = 0x0
                0x00000000                __base_Flash = 0x0
                0x00040000                __top_MFlash256 = 0x40000
                0x00040000                __top_Flash = 0x40000
                0x02000000                __base_Ram0_16 = 0x2000000
                0x02000000                __base_RAM = 0x2000000
                0x02004000                __top_Ram0_16 = 0x2004000
                0x02004000                __top_RAM = 0x2004000
                0x02004000                __base_Ram1_16 = 0x2004000
                0x02004000                __base_RAM2 = 0x2004000
                0x02008000                __top_Ram1_16 = 0x2008000
                0x02008000                __top_RAM2 = 0x2008000
                0x02008000                __base_Ram2_4 = 0x2008000
                0x02008000                __base_RAM3 = 0x2008000
                0x02009000                __top_Ram2_4 = 0x2009000
                0x02009000                __top_RAM3 = 0x2009000

.text           0x00000000     0x3acc
 FILL mask 0xff
                0x00000000                __vectors_start__ = ABSOLUTE (.)
 *(.isr_vector)
 .isr_vector    0x00000000       0xfc ./src/cr_startup_lpc15xx.o
                0x00000000                g_pfnVectors
                0x000000fc                . = ALIGN (0x4)
                0x000000fc                __section_table_start = .
                0x000000fc                __data_section_table = .
                0x000000fc        0x4 LONG 0x3ad4 LOADADDR (.data)
                0x00000100        0x4 LONG 0x2000000 ADDR (.data)
                0x00000104        0x4 LONG 0x844 SIZEOF (.data)
                0x00000108        0x4 LONG 0x3ad4 LOADADDR (.data_RAM2)
                0x0000010c        0x4 LONG 0x2004000 ADDR (.data_RAM2)
                0x00000110        0x4 LONG 0x0 SIZEOF (.data_RAM2)
                0x00000114        0x4 LONG 0x3ad4 LOADADDR (.data_RAM3)
                0x00000118        0x4 LONG 0x2008000 ADDR (.data_RAM3)
                0x0000011c        0x4 LONG 0x0 SIZEOF (.data_RAM3)
                0x00000120                __data_section_table_end = .
                0x00000120                __bss_section_table = .
                0x00000120        0x4 LONG 0x2000844 ADDR (.bss)
                0x00000124        0x4 LONG 0x1b8 SIZEOF (.bss)
                0x00000128        0x4 LONG 0x2004000 ADDR (.bss_RAM2)
                0x0000012c        0x4 LONG 0x0 SIZEOF (.bss_RAM2)
                0x00000130        0x4 LONG 0x2008000 ADDR (.bss_RAM3)
                0x00000134        0x4 LONG 0x0 SIZEOF (.bss_RAM3)
                0x00000138                __bss_section_table_end = .
                0x00000138                __section_table_end = .
 *(.after_vectors*)
 .after_vectors
                0x00000138      0x158 ./src/cr_startup_lpc15xx.o
                0x00000138                data_init(unsigned int, unsigned int, unsigned int)
                0x0000017c                bss_init(unsigned int, unsigned int)
                0x000001b4                ResetISR
                0x00000240                NMI_Handler
                0x00000248                HardFault_Handler
                0x00000250                MemManage_Handler
                0x00000258                BusFault_Handler
                0x00000260                UsageFault_Handler
                0x00000270                DebugMon_Handler
                0x00000288                UART1_IRQHandler
                0x00000288                RTC_WAKE_IRQHandler
                0x00000288                UART0_IRQHandler
                0x00000288                MRT_IRQHandler
                0x00000288                ADC1_THCMP_IRQHandler
                0x00000288                SPI1_IRQHandler
                0x00000288                PIN_INT6_IRQHandler
                0x00000288                IntDefaultHandler
                0x00000288                PIN_INT4_IRQHandler
                0x00000288                CAN_IRQHandler
                0x00000288                RTC_ALARM_IRQHandler
                0x00000288                ADC1B_IRQHandler
                0x00000288                ADC1_OVR_IRQHandler
                0x00000288                USBWakeup_IRQHandler
                0x00000288                UART2_IRQHandler
                0x00000288                ADC0_OVR_IRQHandler
                0x00000288                SCT1_IRQHandler
                0x00000288                PIN_INT2_IRQHandler
                0x00000288                USB_FIQHandler
                0x00000288                SCT3_IRQHandler
                0x00000288                PIN_INT7_IRQHandler
                0x00000288                I2C0_IRQHandler
                0x00000288                PIN_INT1_IRQHandler
                0x00000288                USB_IRQHandler
                0x00000288                BOD_IRQHandler
                0x00000288                ADC0B_IRQHandler
                0x00000288                ACMP0_IRQHandler
                0x00000288                RIT_IRQHandler
                0x00000288                SCT2_IRQHandler
                0x00000288                WDT_IRQHandler
                0x00000288                PIN_INT0_IRQHandler
                0x00000288                QEI_IRQHandler
                0x00000288                ACMP3_IRQHandler
                0x00000288                GINT0_IRQHandler
                0x00000288                DAC_IRQHandler
                0x00000288                SPI0_IRQHandler
                0x00000288                EEPROM_IRQHandler
                0x00000288                ACMP2_IRQHandler
                0x00000288                PIN_INT5_IRQHandler
                0x00000288                ADC1A_IRQHandler
                0x00000288                DMA_IRQHandler
                0x00000288                PIN_INT3_IRQHandler
                0x00000288                ACMP1_IRQHandler
                0x00000288                SCT0_IRQHandler
                0x00000288                ADC0A_IRQHandler
                0x00000288                FMC_IRQHandler
                0x00000288                GINT1_IRQHandler
                0x00000288                ADC0_THCMP_IRQHandler
 *(.text*)
 .text.Chip_IOCON_PinMuxSet
                0x00000290       0x2c ./src/Lab2.o
 .text.Chip_GPIO_SetPinDIRInput
                0x000002bc       0x40 ./src/Lab2.o
 .text._ZL9readCharsPv
                0x000002fc       0x2c ./src/Lab2.o
 .text._ZL13receivedCharsPv
                0x00000328       0x44 ./src/Lab2.o
 .text.main     0x0000036c       0xd4 ./src/Lab2.o
                0x0000036c                main
 .text.SystemInit
                0x00000440        0xc ./src/sysinit.o
                0x00000440                SystemInit
 .text.vApplicationIdleHook
                0x0000044c       0x10 ./freertos/src/FreeRTOSCommonHooks.o
                0x0000044c                vApplicationIdleHook
 .text.pvPortMalloc
                0x0000045c       0x24 ./freertos/src/heap_3.o
                0x0000045c                pvPortMalloc
 .text.vPortFree
                0x00000480       0x24 ./freertos/src/heap_3.o
                0x00000480                vPortFree
 .text.vListInitialise
                0x000004a4       0x40 ./freertos/src/list.o
                0x000004a4                vListInitialise
 .text.vListInitialiseItem
                0x000004e4       0x18 ./freertos/src/list.o
                0x000004e4                vListInitialiseItem
 .text.vListInsertEnd
                0x000004fc       0x48 ./freertos/src/list.o
                0x000004fc                vListInsertEnd
 .text.vListInsert
                0x00000544       0x70 ./freertos/src/list.o
                0x00000544                vListInsert
 .text.uxListRemove
                0x000005b4       0x54 ./freertos/src/list.o
                0x000005b4                uxListRemove
 .text.pxPortInitialiseStack
                0x00000608       0x54 ./freertos/src/port.o
                0x00000608                pxPortInitialiseStack
 .text.prvTaskExitError
                0x0000065c        0xc ./freertos/src/port.o
 .text.SVC_Handler
                0x00000668       0x28 ./freertos/src/port.o
                0x00000668                SVC_Handler
 .text.prvPortStartFirstTask
                0x00000690       0x20 ./freertos/src/port.o
 .text.xPortStartScheduler
                0x000006b0       0x3c ./freertos/src/port.o
                0x000006b0                xPortStartScheduler
 .text.vPortYield
                0x000006ec       0x20 ./freertos/src/port.o
                0x000006ec                vPortYield
 .text.vPortEnterCritical
                0x0000070c       0x24 ./freertos/src/port.o
                0x0000070c                vPortEnterCritical
 .text.vPortExitCritical
                0x00000730       0x24 ./freertos/src/port.o
                0x00000730                vPortExitCritical
 .text.ulPortSetInterruptMask
                0x00000754       0x14 ./freertos/src/port.o
                0x00000754                ulPortSetInterruptMask
 .text.vPortClearInterruptMask
                0x00000768        0x8 ./freertos/src/port.o
                0x00000768                vPortClearInterruptMask
 .text.PendSV_Handler
                0x00000770       0x48 ./freertos/src/port.o
                0x00000770                PendSV_Handler
 .text.SysTick_Handler
                0x000007b8       0x28 ./freertos/src/port.o
                0x000007b8                SysTick_Handler
 .text.vPortSuppressTicksAndSleep
                0x000007e0      0x17c ./freertos/src/port.o
                0x000007e0                vPortSuppressTicksAndSleep
 .text.vPortSetupTimerInterrupt
                0x0000095c       0x78 ./freertos/src/port.o
                0x0000095c                vPortSetupTimerInterrupt
 .text.xQueueGenericReset
                0x000009d4       0xa4 ./freertos/src/queue.o
                0x000009d4                xQueueGenericReset
 .text.xQueueGenericCreate
                0x00000a78       0x58 ./freertos/src/queue.o
                0x00000a78                xQueueGenericCreate
 .text.prvInitialiseNewQueue
                0x00000ad0       0x48 ./freertos/src/queue.o
 .text.prvInitialiseMutex
                0x00000b18       0x34 ./freertos/src/queue.o
 .text.xQueueCreateMutex
                0x00000b4c       0x30 ./freertos/src/queue.o
                0x00000b4c                xQueueCreateMutex
 .text.xQueueGenericSend
                0x00000b7c      0x12c ./freertos/src/queue.o
                0x00000b7c                xQueueGenericSend
 .text.xQueueGenericReceive
                0x00000ca8      0x188 ./freertos/src/queue.o
                0x00000ca8                xQueueGenericReceive
 .text.prvCopyDataToQueue
                0x00000e30       0xd4 ./freertos/src/queue.o
 .text.prvCopyDataFromQueue
                0x00000f04       0x4c ./freertos/src/queue.o
 .text.prvUnlockQueue
                0x00000f50       0xa4 ./freertos/src/queue.o
 .text.prvIsQueueEmpty
                0x00000ff4       0x2c ./freertos/src/queue.o
 .text.prvIsQueueFull
                0x00001020       0x30 ./freertos/src/queue.o
 .text.xTaskCreate
                0x00001050       0x84 ./freertos/src/tasks.o
                0x00001050                xTaskCreate
 .text.prvInitialiseNewTask
                0x000010d4      0x180 ./freertos/src/tasks.o
 .text.prvAddNewTaskToReadyList
                0x00001254       0xd0 ./freertos/src/tasks.o
 .text.vTaskDelay
                0x00001324       0x38 ./freertos/src/tasks.o
                0x00001324                vTaskDelay
 .text.vTaskStartScheduler
                0x0000135c       0x70 ./freertos/src/tasks.o
                0x0000135c                vTaskStartScheduler
 .text.vTaskSuspendAll
                0x000013cc       0x1c ./freertos/src/tasks.o
                0x000013cc                vTaskSuspendAll
 .text.prvGetExpectedIdleTime
                0x000013e8       0x6c ./freertos/src/tasks.o
 .text.xTaskResumeAll
                0x00001454      0x10c ./freertos/src/tasks.o
                0x00001454                xTaskResumeAll
 .text.vTaskStepTick
                0x00001560       0x24 ./freertos/src/tasks.o
                0x00001560                vTaskStepTick
 .text.xTaskIncrementTick
                0x00001584      0x15c ./freertos/src/tasks.o
                0x00001584                xTaskIncrementTick
 .text.vTaskSwitchContext
                0x000016e0       0xac ./freertos/src/tasks.o
                0x000016e0                vTaskSwitchContext
 .text.vTaskPlaceOnEventList
                0x0000178c       0x2c ./freertos/src/tasks.o
                0x0000178c                vTaskPlaceOnEventList
 .text.xTaskRemoveFromEventList
                0x000017b8       0xb0 ./freertos/src/tasks.o
                0x000017b8                xTaskRemoveFromEventList
 .text.vTaskSetTimeOutState
                0x00001868       0x2c ./freertos/src/tasks.o
                0x00001868                vTaskSetTimeOutState
 .text.xTaskCheckForTimeOut
                0x00001894       0x88 ./freertos/src/tasks.o
                0x00001894                xTaskCheckForTimeOut
 .text.vTaskMissedYield
                0x0000191c       0x18 ./freertos/src/tasks.o
                0x0000191c                vTaskMissedYield
 .text.prvIdleTask
                0x00001934       0x48 ./freertos/src/tasks.o
 .text.eTaskConfirmSleepModeStatus
                0x0000197c       0x5c ./freertos/src/tasks.o
                0x0000197c                eTaskConfirmSleepModeStatus
 .text.prvInitialiseTaskLists
                0x000019d8       0x80 ./freertos/src/tasks.o
 .text.prvCheckTasksWaitingTermination
                0x00001a58       0x78 ./freertos/src/tasks.o
 .text.prvDeleteTCB
                0x00001ad0       0x2c ./freertos/src/tasks.o
 .text.prvResetNextTaskUnblockTime
                0x00001afc       0x48 ./freertos/src/tasks.o
 .text.vTaskPriorityInherit
                0x00001b44       0xbc ./freertos/src/tasks.o
                0x00001b44                vTaskPriorityInherit
 .text.xTaskPriorityDisinherit
                0x00001c00       0x98 ./freertos/src/tasks.o
                0x00001c00                xTaskPriorityDisinherit
 .text.pvTaskIncrementMutexHeldCount
                0x00001c98       0x28 ./freertos/src/tasks.o
                0x00001c98                pvTaskIncrementMutexHeldCount
 .text.prvAddCurrentTaskToDelayedList
                0x00001cc0       0xa8 ./freertos/src/tasks.o
 .text.Chip_IOCON_PinMuxSet
                0x00001d68       0x2c C:\Users\Jaakko\Documents\LPCXpresso_8.2.0_647\workspace\lpc_board_nxp_lpcxpresso_1549\Debug\liblpc_board_nxp_lpcxpresso_1549.a(board.o)
 .text.Chip_SWM_MovablePortPinAssign
                0x00001d94       0x30 C:\Users\Jaakko\Documents\LPCXpresso_8.2.0_647\workspace\lpc_board_nxp_lpcxpresso_1549\Debug\liblpc_board_nxp_lpcxpresso_1549.a(board.o)
 .text.Chip_GPIO_SetPinState
                0x00001dc4       0x38 C:\Users\Jaakko\Documents\LPCXpresso_8.2.0_647\workspace\lpc_board_nxp_lpcxpresso_1549\Debug\liblpc_board_nxp_lpcxpresso_1549.a(board.o)
 .text.Chip_GPIO_SetPinDIROutput
                0x00001dfc       0x3c C:\Users\Jaakko\Documents\LPCXpresso_8.2.0_647\workspace\lpc_board_nxp_lpcxpresso_1549\Debug\liblpc_board_nxp_lpcxpresso_1549.a(board.o)
 .text.Chip_UART_Enable
                0x00001e38       0x20 C:\Users\Jaakko\Documents\LPCXpresso_8.2.0_647\workspace\lpc_board_nxp_lpcxpresso_1549\Debug\liblpc_board_nxp_lpcxpresso_1549.a(board.o)
 .text.Chip_UART_TXEnable
                0x00001e58       0x20 C:\Users\Jaakko\Documents\LPCXpresso_8.2.0_647\workspace\lpc_board_nxp_lpcxpresso_1549\Debug\liblpc_board_nxp_lpcxpresso_1549.a(board.o)
 .text.Chip_UART_ConfigData
                0x00001e78       0x28 C:\Users\Jaakko\Documents\LPCXpresso_8.2.0_647\workspace\lpc_board_nxp_lpcxpresso_1549\Debug\liblpc_board_nxp_lpcxpresso_1549.a(board.o)
 .text.Board_UARTGetChar
                0x00001ea0       0x2c C:\Users\Jaakko\Documents\LPCXpresso_8.2.0_647\workspace\lpc_board_nxp_lpcxpresso_1549\Debug\liblpc_board_nxp_lpcxpresso_1549.a(board.o)
                0x00001ea0                Board_UARTGetChar
 .text.Board_Debug_Init
                0x00001ecc       0x70 C:\Users\Jaakko\Documents\LPCXpresso_8.2.0_647\workspace\lpc_board_nxp_lpcxpresso_1549\Debug\liblpc_board_nxp_lpcxpresso_1549.a(board.o)
                0x00001ecc                Board_Debug_Init
 .text.Board_LED_Init
                0x00001f3c       0x5c C:\Users\Jaakko\Documents\LPCXpresso_8.2.0_647\workspace\lpc_board_nxp_lpcxpresso_1549\Debug\liblpc_board_nxp_lpcxpresso_1549.a(board.o)
 .text.Board_LED_Set
                0x00001f98       0x54 C:\Users\Jaakko\Documents\LPCXpresso_8.2.0_647\workspace\lpc_board_nxp_lpcxpresso_1549\Debug\liblpc_board_nxp_lpcxpresso_1549.a(board.o)
                0x00001f98                Board_LED_Set
 .text.Board_Init
                0x00001fec       0x18 C:\Users\Jaakko\Documents\LPCXpresso_8.2.0_647\workspace\lpc_board_nxp_lpcxpresso_1549\Debug\liblpc_board_nxp_lpcxpresso_1549.a(board.o)
                0x00001fec                Board_Init
 .text.Chip_SYSCTL_PeriphReset
                0x00002004       0x24 C:\Users\Jaakko\Documents\LPCXpresso_8.2.0_647\workspace\lpc_board_nxp_lpcxpresso_1549\Debug\liblpc_board_nxp_lpcxpresso_1549.a(board_sysinit.o)
 .text.Chip_Clock_SetUSBPLLSource
                0x00002028       0x20 C:\Users\Jaakko\Documents\LPCXpresso_8.2.0_647\workspace\lpc_board_nxp_lpcxpresso_1549\Debug\liblpc_board_nxp_lpcxpresso_1549.a(board_sysinit.o)
 .text.Chip_Clock_SetupUSBPLL
                0x00002048       0x34 C:\Users\Jaakko\Documents\LPCXpresso_8.2.0_647\workspace\lpc_board_nxp_lpcxpresso_1549\Debug\liblpc_board_nxp_lpcxpresso_1549.a(board_sysinit.o)
 .text.Chip_Clock_IsUSBPLLLocked
                0x0000207c       0x24 C:\Users\Jaakko\Documents\LPCXpresso_8.2.0_647\workspace\lpc_board_nxp_lpcxpresso_1549\Debug\liblpc_board_nxp_lpcxpresso_1549.a(board_sysinit.o)
 .text.Chip_Clock_SetSysTickClockDiv
                0x000020a0       0x20 C:\Users\Jaakko\Documents\LPCXpresso_8.2.0_647\workspace\lpc_board_nxp_lpcxpresso_1549\Debug\liblpc_board_nxp_lpcxpresso_1549.a(board_sysinit.o)
 .text.Chip_SWM_MovablePortPinAssign
                0x000020c0       0x30 C:\Users\Jaakko\Documents\LPCXpresso_8.2.0_647\workspace\lpc_board_nxp_lpcxpresso_1549\Debug\liblpc_board_nxp_lpcxpresso_1549.a(board_sysinit.o)
 .text.Board_SetupMuxing
                0x000020f0       0x80 C:\Users\Jaakko\Documents\LPCXpresso_8.2.0_647\workspace\lpc_board_nxp_lpcxpresso_1549\Debug\liblpc_board_nxp_lpcxpresso_1549.a(board_sysinit.o)
                0x000020f0                Board_SetupMuxing
 .text.Board_SetupClocking
                0x00002170       0x3c C:\Users\Jaakko\Documents\LPCXpresso_8.2.0_647\workspace\lpc_board_nxp_lpcxpresso_1549\Debug\liblpc_board_nxp_lpcxpresso_1549.a(board_sysinit.o)
                0x00002170                Board_SetupClocking
 .text.Board_SystemInit
                0x000021ac       0x1c C:\Users\Jaakko\Documents\LPCXpresso_8.2.0_647\workspace\lpc_board_nxp_lpcxpresso_1549\Debug\liblpc_board_nxp_lpcxpresso_1549.a(board_sysinit.o)
                0x000021ac                Board_SystemInit
 .text.SystemCoreClockUpdate
                0x000021c8       0x18 C:\Users\Jaakko\Documents\LPCXpresso_8.2.0_647\workspace\lpc_chip_15xx\Debug\liblpc_chip_15xx.a(chip_15xx.o)
                0x000021c8                SystemCoreClockUpdate
 .text.Chip_Clock_SetMain_A_ClockSource
                0x000021e0       0x20 C:\Users\Jaakko\Documents\LPCXpresso_8.2.0_647\workspace\lpc_chip_15xx\Debug\liblpc_chip_15xx.a(clock_15xx.o)
 .text.Chip_Clock_GetMain_A_ClockSource
                0x00002200       0x18 C:\Users\Jaakko\Documents\LPCXpresso_8.2.0_647\workspace\lpc_chip_15xx\Debug\liblpc_chip_15xx.a(clock_15xx.o)
 .text.Chip_Clock_SetMain_B_ClockSource
                0x00002218       0x20 C:\Users\Jaakko\Documents\LPCXpresso_8.2.0_647\workspace\lpc_chip_15xx\Debug\liblpc_chip_15xx.a(clock_15xx.o)
 .text.Chip_Clock_GetMain_B_ClockSource
                0x00002238       0x18 C:\Users\Jaakko\Documents\LPCXpresso_8.2.0_647\workspace\lpc_chip_15xx\Debug\liblpc_chip_15xx.a(clock_15xx.o)
 .text.Chip_Clock_SetUARTFRGDivider
                0x00002250       0x20 C:\Users\Jaakko\Documents\LPCXpresso_8.2.0_647\workspace\lpc_chip_15xx\Debug\liblpc_chip_15xx.a(clock_15xx.o)
 .text.Chip_Clock_GetUARTFRGDivider
                0x00002270       0x18 C:\Users\Jaakko\Documents\LPCXpresso_8.2.0_647\workspace\lpc_chip_15xx\Debug\liblpc_chip_15xx.a(clock_15xx.o)
 .text.Chip_Clock_GetMainOscRate
                0x00002288       0x14 C:\Users\Jaakko\Documents\LPCXpresso_8.2.0_647\workspace\lpc_chip_15xx\Debug\liblpc_chip_15xx.a(clock_15xx.o)
 .text.Chip_Clock_GetIntOscRate
                0x0000229c       0x14 C:\Users\Jaakko\Documents\LPCXpresso_8.2.0_647\workspace\lpc_chip_15xx\Debug\liblpc_chip_15xx.a(clock_15xx.o)
 .text.Chip_Clock_GetRTCOscRate
                0x000022b0       0x14 C:\Users\Jaakko\Documents\LPCXpresso_8.2.0_647\workspace\lpc_chip_15xx\Debug\liblpc_chip_15xx.a(clock_15xx.o)
 .text.Chip_Clock_GetWDTOSCRate
                0x000022c4       0x14 C:\Users\Jaakko\Documents\LPCXpresso_8.2.0_647\workspace\lpc_chip_15xx\Debug\liblpc_chip_15xx.a(clock_15xx.o)
 .text.Chip_Clock_GetPLLFreq
                0x000022d8       0x28 C:\Users\Jaakko\Documents\LPCXpresso_8.2.0_647\workspace\lpc_chip_15xx\Debug\liblpc_chip_15xx.a(clock_15xx.o)
 .text.Chip_Clock_GetPLLInClockRate
                0x00002300       0x38 C:\Users\Jaakko\Documents\LPCXpresso_8.2.0_647\workspace\lpc_chip_15xx\Debug\liblpc_chip_15xx.a(clock_15xx.o)
 .text.Chip_Clock_GetSystemPLLInClockRate
                0x00002338       0x1c C:\Users\Jaakko\Documents\LPCXpresso_8.2.0_647\workspace\lpc_chip_15xx\Debug\liblpc_chip_15xx.a(clock_15xx.o)
                0x00002338                Chip_Clock_GetSystemPLLInClockRate
 .text.Chip_Clock_GetSystemPLLOutClockRate
                0x00002354       0x24 C:\Users\Jaakko\Documents\LPCXpresso_8.2.0_647\workspace\lpc_chip_15xx\Debug\liblpc_chip_15xx.a(clock_15xx.o)
                0x00002354                Chip_Clock_GetSystemPLLOutClockRate
 .text.Chip_Clock_GetMain_A_ClockRate
                0x00002378       0x44 C:\Users\Jaakko\Documents\LPCXpresso_8.2.0_647\workspace\lpc_chip_15xx\Debug\liblpc_chip_15xx.a(clock_15xx.o)
                0x00002378                Chip_Clock_GetMain_A_ClockRate
 .text.Chip_Clock_GetMain_B_ClockRate
                0x000023bc       0x58 C:\Users\Jaakko\Documents\LPCXpresso_8.2.0_647\workspace\lpc_chip_15xx\Debug\liblpc_chip_15xx.a(clock_15xx.o)
                0x000023bc                Chip_Clock_GetMain_B_ClockRate
 .text.Chip_Clock_SetMainClockSource
                0x00002414       0x3c C:\Users\Jaakko\Documents\LPCXpresso_8.2.0_647\workspace\lpc_chip_15xx\Debug\liblpc_chip_15xx.a(clock_15xx.o)
                0x00002414                Chip_Clock_SetMainClockSource
 .text.Chip_Clock_GetMainClockRate
                0x00002450       0x28 C:\Users\Jaakko\Documents\LPCXpresso_8.2.0_647\workspace\lpc_chip_15xx\Debug\liblpc_chip_15xx.a(clock_15xx.o)
                0x00002450                Chip_Clock_GetMainClockRate
 .text.Chip_Clock_EnablePeriphClock
                0x00002478       0x54 C:\Users\Jaakko\Documents\LPCXpresso_8.2.0_647\workspace\lpc_chip_15xx\Debug\liblpc_chip_15xx.a(clock_15xx.o)
                0x00002478                Chip_Clock_EnablePeriphClock
 .text.Chip_Clock_GetUARTBaseClockRate
                0x000024cc       0x88 C:\Users\Jaakko\Documents\LPCXpresso_8.2.0_647\workspace\lpc_chip_15xx\Debug\liblpc_chip_15xx.a(clock_15xx.o)
                0x000024cc                Chip_Clock_GetUARTBaseClockRate
 .text.Chip_Clock_SetUARTBaseClockRate
                0x00002554       0xa0 C:\Users\Jaakko\Documents\LPCXpresso_8.2.0_647\workspace\lpc_chip_15xx\Debug\liblpc_chip_15xx.a(clock_15xx.o)
                0x00002554                Chip_Clock_SetUARTBaseClockRate
 .text.Chip_Clock_GetSystemClockRate
                0x000025f4       0x1c C:\Users\Jaakko\Documents\LPCXpresso_8.2.0_647\workspace\lpc_chip_15xx\Debug\liblpc_chip_15xx.a(clock_15xx.o)
                0x000025f4                Chip_Clock_GetSystemClockRate
 .text.Chip_SYSCTL_PeriphReset
                0x00002610       0x24 C:\Users\Jaakko\Documents\LPCXpresso_8.2.0_647\workspace\lpc_chip_15xx\Debug\liblpc_chip_15xx.a(gpio_15xx.o)
 .text.Chip_GPIO_Init
                0x00002634       0x30 C:\Users\Jaakko\Documents\LPCXpresso_8.2.0_647\workspace\lpc_chip_15xx\Debug\liblpc_chip_15xx.a(gpio_15xx.o)
                0x00002634                Chip_GPIO_Init
 .text.Chip_IOCON_PinMuxSet
                0x00002664       0x2c C:\Users\Jaakko\Documents\LPCXpresso_8.2.0_647\workspace\lpc_chip_15xx\Debug\liblpc_chip_15xx.a(iocon_15xx.o)
 .text.Chip_IOCON_SetPinMuxing
                0x00002690       0x50 C:\Users\Jaakko\Documents\LPCXpresso_8.2.0_647\workspace\lpc_chip_15xx\Debug\liblpc_chip_15xx.a(iocon_15xx.o)
                0x00002690                Chip_IOCON_SetPinMuxing
 .text.Chip_SWM_MovablePinAssign
                0x000026e0       0x5c C:\Users\Jaakko\Documents\LPCXpresso_8.2.0_647\workspace\lpc_chip_15xx\Debug\liblpc_chip_15xx.a(swm_15xx.o)
                0x000026e0                Chip_SWM_MovablePinAssign
 .text.Chip_SYSCTL_AssertPeriphReset
                0x0000273c       0x48 C:\Users\Jaakko\Documents\LPCXpresso_8.2.0_647\workspace\lpc_chip_15xx\Debug\liblpc_chip_15xx.a(sysctl_15xx.o)
                0x0000273c                Chip_SYSCTL_AssertPeriphReset
 .text.Chip_SYSCTL_DeassertPeriphReset
                0x00002784       0x4c C:\Users\Jaakko\Documents\LPCXpresso_8.2.0_647\workspace\lpc_chip_15xx\Debug\liblpc_chip_15xx.a(sysctl_15xx.o)
                0x00002784                Chip_SYSCTL_DeassertPeriphReset
 .text.Chip_SYSCTL_PowerDown
                0x000027d0       0x40 C:\Users\Jaakko\Documents\LPCXpresso_8.2.0_647\workspace\lpc_chip_15xx\Debug\liblpc_chip_15xx.a(sysctl_15xx.o)
                0x000027d0                Chip_SYSCTL_PowerDown
 .text.Chip_SYSCTL_PowerUp
                0x00002810       0x40 C:\Users\Jaakko\Documents\LPCXpresso_8.2.0_647\workspace\lpc_chip_15xx\Debug\liblpc_chip_15xx.a(sysctl_15xx.o)
                0x00002810                Chip_SYSCTL_PowerUp
 .text.Chip_FMC_SetFLASHAccess
                0x00002850       0x38 C:\Users\Jaakko\Documents\LPCXpresso_8.2.0_647\workspace\lpc_chip_15xx\Debug\liblpc_chip_15xx.a(sysinit_15xx.o)
 .text.Chip_Clock_SetSystemPLLSource
                0x00002888       0x20 C:\Users\Jaakko\Documents\LPCXpresso_8.2.0_647\workspace\lpc_chip_15xx\Debug\liblpc_chip_15xx.a(sysinit_15xx.o)
 .text.Chip_Clock_SetupSystemPLL
                0x000028a8       0x34 C:\Users\Jaakko\Documents\LPCXpresso_8.2.0_647\workspace\lpc_chip_15xx\Debug\liblpc_chip_15xx.a(sysinit_15xx.o)
 .text.Chip_Clock_IsSystemPLLLocked
                0x000028dc       0x24 C:\Users\Jaakko\Documents\LPCXpresso_8.2.0_647\workspace\lpc_chip_15xx\Debug\liblpc_chip_15xx.a(sysinit_15xx.o)
 .text.Chip_Clock_SetSysClockDiv
                0x00002900       0x20 C:\Users\Jaakko\Documents\LPCXpresso_8.2.0_647\workspace\lpc_chip_15xx\Debug\liblpc_chip_15xx.a(sysinit_15xx.o)
 .text.Chip_SetupXtalClocking
                0x00002920       0x6c C:\Users\Jaakko\Documents\LPCXpresso_8.2.0_647\workspace\lpc_chip_15xx\Debug\liblpc_chip_15xx.a(sysinit_15xx.o)
                0x00002920                Chip_SetupXtalClocking
 .text.Chip_SYSCTL_PeriphReset
                0x0000298c       0x24 C:\Users\Jaakko\Documents\LPCXpresso_8.2.0_647\workspace\lpc_chip_15xx\Debug\liblpc_chip_15xx.a(uart_15xx.o)
 .text.Chip_UART_ReadByte
                0x000029b0       0x1c C:\Users\Jaakko\Documents\LPCXpresso_8.2.0_647\workspace\lpc_chip_15xx\Debug\liblpc_chip_15xx.a(uart_15xx.o)
 .text.Chip_UART_GetStatus
                0x000029cc       0x18 C:\Users\Jaakko\Documents\LPCXpresso_8.2.0_647\workspace\lpc_chip_15xx\Debug\liblpc_chip_15xx.a(uart_15xx.o)
 .text.getUARTClockID
                0x000029e4       0x34 C:\Users\Jaakko\Documents\LPCXpresso_8.2.0_647\workspace\lpc_chip_15xx\Debug\liblpc_chip_15xx.a(uart_15xx.o)
 .text.Chip_UART_Init
                0x00002a18       0x4c C:\Users\Jaakko\Documents\LPCXpresso_8.2.0_647\workspace\lpc_chip_15xx\Debug\liblpc_chip_15xx.a(uart_15xx.o)
                0x00002a18                Chip_UART_Init
 .text.Chip_UART_Read
                0x00002a64       0x54 C:\Users\Jaakko\Documents\LPCXpresso_8.2.0_647\workspace\lpc_chip_15xx\Debug\liblpc_chip_15xx.a(uart_15xx.o)
                0x00002a64                Chip_UART_Read
 .text.Chip_UART_SetBaud
                0x00002ab8       0x2c C:\Users\Jaakko\Documents\LPCXpresso_8.2.0_647\workspace\lpc_chip_15xx\Debug\liblpc_chip_15xx.a(uart_15xx.o)
                0x00002ab8                Chip_UART_SetBaud
 .text          0x00002ae4       0x30 c:/nxp/lpcxpresso_8.2.0_647/lpcxpresso/tools/bin/../lib/gcc/arm-none-eabi/5.3.1/armv7-m\libgcc.a(_aeabi_uldivmod.o)
                0x00002ae4                __aeabi_uldivmod
 .text          0x00002b14      0x2ec c:/nxp/lpcxpresso_8.2.0_647/lpcxpresso/tools/bin/../lib/gcc/arm-none-eabi/5.3.1/armv7-m\libgcc.a(_udivmoddi4.o)
                0x00002b14                __udivmoddi4
 .text          0x00002e00        0x4 c:/nxp/lpcxpresso_8.2.0_647/lpcxpresso/tools/bin/../lib/gcc/arm-none-eabi/5.3.1/armv7-m\libgcc.a(_dvmd_tls.o)
                0x00002e00                __aeabi_idiv0
                0x00002e00                __aeabi_ldiv0
 .text.__libc_init_array
                0x00002e04       0x50 c:/nxp/lpcxpresso_8.2.0_647/lpcxpresso/tools/bin/../lib/gcc/arm-none-eabi/5.3.1/../../../../arm-none-eabi/lib/armv7-m\libc.a(lib_a-init.o)
                0x00002e04                __libc_init_array
 .text.malloc   0x00002e54       0x10 c:/nxp/lpcxpresso_8.2.0_647/lpcxpresso/tools/bin/../lib/gcc/arm-none-eabi/5.3.1/../../../../arm-none-eabi/lib/armv7-m\libc.a(lib_a-malloc.o)
                0x00002e54                malloc
 .text.free     0x00002e64       0x10 c:/nxp/lpcxpresso_8.2.0_647/lpcxpresso/tools/bin/../lib/gcc/arm-none-eabi/5.3.1/../../../../arm-none-eabi/lib/armv7-m\libc.a(lib_a-malloc.o)
                0x00002e64                free
 .text._malloc_r
                0x00002e74      0x558 c:/nxp/lpcxpresso_8.2.0_647/lpcxpresso/tools/bin/../lib/gcc/arm-none-eabi/5.3.1/../../../../arm-none-eabi/lib/armv7-m\libc.a(lib_a-mallocr.o)
                0x00002e74                _malloc_r
 .text          0x000033cc       0xec c:/nxp/lpcxpresso_8.2.0_647/lpcxpresso/tools/bin/../lib/gcc/arm-none-eabi/5.3.1/../../../../arm-none-eabi/lib/armv7-m\libc.a(lib_a-memcpy.o)
                0x000033cc                memcpy
 .text.memset   0x000034b8       0x9c c:/nxp/lpcxpresso_8.2.0_647/lpcxpresso/tools/bin/../lib/gcc/arm-none-eabi/5.3.1/../../../../arm-none-eabi/lib/armv7-m\libc.a(lib_a-memset.o)
                0x000034b8                memset
 .text.__malloc_lock
                0x00003554        0x4 c:/nxp/lpcxpresso_8.2.0_647/lpcxpresso/tools/bin/../lib/gcc/arm-none-eabi/5.3.1/../../../../arm-none-eabi/lib/armv7-m\libc.a(lib_a-mlock.o)
                0x00003554                __malloc_lock
 .text.__malloc_unlock
                0x00003558        0x4 c:/nxp/lpcxpresso_8.2.0_647/lpcxpresso/tools/bin/../lib/gcc/arm-none-eabi/5.3.1/../../../../arm-none-eabi/lib/armv7-m\libc.a(lib_a-mlock.o)
                0x00003558                __malloc_unlock
 .text.cleanup_glue
                0x0000355c       0x1c c:/nxp/lpcxpresso_8.2.0_647/lpcxpresso/tools/bin/../lib/gcc/arm-none-eabi/5.3.1/../../../../arm-none-eabi/lib/armv7-m\libc.a(lib_a-reent.o)
                0x0000355c                cleanup_glue
 .text._reclaim_reent
                0x00003578       0x88 c:/nxp/lpcxpresso_8.2.0_647/lpcxpresso/tools/bin/../lib/gcc/arm-none-eabi/5.3.1/../../../../arm-none-eabi/lib/armv7-m\libc.a(lib_a-reent.o)
                0x00003578                _reclaim_reent
 .text._sbrk_r  0x00003600       0x24 c:/nxp/lpcxpresso_8.2.0_647/lpcxpresso/tools/bin/../lib/gcc/arm-none-eabi/5.3.1/../../../../arm-none-eabi/lib/armv7-m\libc.a(lib_a-sbrkr.o)
                0x00003600                _sbrk_r
 .text._malloc_trim_r
                0x00003624       0x9c c:/nxp/lpcxpresso_8.2.0_647/lpcxpresso/tools/bin/../lib/gcc/arm-none-eabi/5.3.1/../../../../arm-none-eabi/lib/armv7-m\libc.a(lib_a-freer.o)
                0x00003624                _malloc_trim_r
 .text._free_r  0x000036c0      0x1d0 c:/nxp/lpcxpresso_8.2.0_647/lpcxpresso/tools/bin/../lib/gcc/arm-none-eabi/5.3.1/../../../../arm-none-eabi/lib/armv7-m\libc.a(lib_a-freer.o)
                0x000036c0                _free_r
 .text._sbrk    0x00003890       0x3c c:/nxp/lpcxpresso_8.2.0_647/lpcxpresso/tools/bin/../lib/gcc/arm-none-eabi/5.3.1/../../../../arm-none-eabi/lib/armv7-m\libcr_newlib_nohost.a(_cr_sbrk.o)
                0x00003890                _sbrk
 .text.__check_heap_overflow
                0x000038cc       0x18 c:/nxp/lpcxpresso_8.2.0_647/lpcxpresso/tools/bin/../lib/gcc/arm-none-eabi/5.3.1/../../../../arm-none-eabi/lib/armv7-m\libcr_newlib_nohost.a(_cr_check_heap.o)
                0x000038cc                __check_heap_overflow
 .text          0x000038e4       0x5c c:/nxp/lpcxpresso_8.2.0_647/lpcxpresso/tools/bin/../lib/gcc/arm-none-eabi/5.3.1/armv7-m\crtbegin.o
 .text.__errno  0x00003940        0xc c:/nxp/lpcxpresso_8.2.0_647/lpcxpresso/tools/bin/../lib/gcc/arm-none-eabi/5.3.1/../../../../arm-none-eabi/lib/armv7-m\libc.a(lib_a-errno.o)
                0x00003940                __errno
 *(.rodata .rodata.* .constdata .constdata.*)
 .rodata        0x0000394c       0xc6 ./src/Lab2.o
 *fill*         0x00003a12        0x2 ff
 .rodata        0x00003a14        0x9 ./freertos/src/tasks.o
 *fill*         0x00003a1d        0x3 ff
 .rodata.OscRateIn
                0x00003a20        0x4 C:\Users\Jaakko\Documents\LPCXpresso_8.2.0_647\workspace\lpc_board_nxp_lpcxpresso_1549\Debug\liblpc_board_nxp_lpcxpresso_1549.a(board.o)
                0x00003a20                OscRateIn
 .rodata.RTCOscRateIn
                0x00003a24        0x4 C:\Users\Jaakko\Documents\LPCXpresso_8.2.0_647\workspace\lpc_board_nxp_lpcxpresso_1549\Debug\liblpc_board_nxp_lpcxpresso_1549.a(board.o)
                0x00003a24                RTCOscRateIn
 .rodata.ledpins
                0x00003a28        0x3 C:\Users\Jaakko\Documents\LPCXpresso_8.2.0_647\workspace\lpc_board_nxp_lpcxpresso_1549\Debug\liblpc_board_nxp_lpcxpresso_1549.a(board.o)
 *fill*         0x00003a2b        0x1 ff
 .rodata.ledports
                0x00003a2c        0x3 C:\Users\Jaakko\Documents\LPCXpresso_8.2.0_647\workspace\lpc_board_nxp_lpcxpresso_1549\Debug\liblpc_board_nxp_lpcxpresso_1549.a(board.o)
 *fill*         0x00003a2f        0x1 ff
 .rodata.ioconSetup
                0x00003a30       0x74 C:\Users\Jaakko\Documents\LPCXpresso_8.2.0_647\workspace\lpc_board_nxp_lpcxpresso_1549\Debug\liblpc_board_nxp_lpcxpresso_1549.a(board_sysinit.o)
 .rodata.swmSetup
                0x00003aa4        0x6 C:\Users\Jaakko\Documents\LPCXpresso_8.2.0_647\workspace\lpc_board_nxp_lpcxpresso_1549\Debug\liblpc_board_nxp_lpcxpresso_1549.a(board_sysinit.o)
 *fill*         0x00003aaa        0x2 ff
 .rodata.str1.4
                0x00003aac        0x4 c:/nxp/lpcxpresso_8.2.0_647/lpcxpresso/tools/bin/../lib/gcc/arm-none-eabi/5.3.1/../../../../arm-none-eabi/lib/armv7-m\libc.a(lib_a-impure.o)
                                  0x2 (size before relaxing)
                0x00003ab0                . = ALIGN (0x4)
                0x00003ab0                . = ALIGN (0x4)
 *(.init)
 .init          0x00003ab0        0x4 c:/nxp/lpcxpresso_8.2.0_647/lpcxpresso/tools/bin/../lib/gcc/arm-none-eabi/5.3.1/armv7-m\crti.o
                0x00003ab0                _init
 .init          0x00003ab4        0x8 c:/nxp/lpcxpresso_8.2.0_647/lpcxpresso/tools/bin/../lib/gcc/arm-none-eabi/5.3.1/armv7-m\crtn.o
                0x00003abc                . = ALIGN (0x4)
                0x00003abc                __preinit_array_start = .
 *(.preinit_array)
                0x00003abc                __preinit_array_end = .
                0x00003abc                . = ALIGN (0x4)
                0x00003abc                __init_array_start = .
 *(SORT(.init_array.*))
 *(.init_array)
 .init_array    0x00003abc        0x4 c:/nxp/lpcxpresso_8.2.0_647/lpcxpresso/tools/bin/../lib/gcc/arm-none-eabi/5.3.1/armv7-m\crtbegin.o
                0x00003ac0                __init_array_end = .
 *(.fini)
 .fini          0x00003ac0        0x4 c:/nxp/lpcxpresso_8.2.0_647/lpcxpresso/tools/bin/../lib/gcc/arm-none-eabi/5.3.1/armv7-m\crti.o
                0x00003ac0                _fini
 .fini          0x00003ac4        0x8 c:/nxp/lpcxpresso_8.2.0_647/lpcxpresso/tools/bin/../lib/gcc/arm-none-eabi/5.3.1/armv7-m\crtn.o
                0x00003acc                . = ALIGN (0x4)
 *crtbegin.o(.ctors)
 *(EXCLUDE_FILE(*crtend.o) .ctors)
 *(SORT(.ctors.*))
 *crtend.o(.ctors)
                0x00003acc                . = ALIGN (0x4)
 *crtbegin.o(.dtors)
 *(EXCLUDE_FILE(*crtend.o) .dtors)
 *(SORT(.dtors.*))
 *crtend.o(.dtors)
                0x00003acc                . = ALIGN (0x4)

.glue_7         0x00003acc        0x0
 .glue_7        0x00003acc        0x0 linker stubs

.glue_7t        0x00003acc        0x0
 .glue_7t       0x00003acc        0x0 linker stubs

.vfp11_veneer   0x00003acc        0x0
 .vfp11_veneer  0x00003acc        0x0 linker stubs

.v4_bx          0x00003acc        0x0
 .v4_bx         0x00003acc        0x0 linker stubs

.iplt           0x00003acc        0x0
 .iplt          0x00003acc        0x0 ./src/Lab2.o

.ARM.extab
 *(.ARM.extab* .gnu.linkonce.armextab.*)
                0x00003acc                __exidx_start = .

.ARM.exidx      0x00003acc        0x8
 *(.ARM.exidx* .gnu.linkonce.armexidx.*)
 .ARM.exidx     0x00003acc        0x8 c:/nxp/lpcxpresso_8.2.0_647/lpcxpresso/tools/bin/../lib/gcc/arm-none-eabi/5.3.1/armv7-m\libgcc.a(_udivmoddi4.o)
                0x00003ad4                __exidx_end = .
                0x00003ad4                _etext = .

.rel.dyn        0x00003ad4        0x0
 .rel.iplt      0x00003ad4        0x0 ./src/Lab2.o

.eh_frame       0x00003ad4        0x0
 .eh_frame      0x00003ad4        0x0 c:/nxp/lpcxpresso_8.2.0_647/lpcxpresso/tools/bin/../lib/gcc/arm-none-eabi/5.3.1/armv7-m\crtbegin.o

.data_RAM2      0x02004000        0x0 load address 0x00003ad4
 FILL mask 0xff
                [!provide]                PROVIDE (__start_data_RAM2, .)
 *(.ramfunc.$RAM2)
 *(.ramfunc.$Ram1_16)
 *(.data.$RAM2*)
 *(.data.$Ram1_16*)
                0x02004000                . = ALIGN (0x4)
                [!provide]                PROVIDE (__end_data_RAM2, .)

.data_RAM3      0x02008000        0x0 load address 0x00003ad4
 FILL mask 0xff
                [!provide]                PROVIDE (__start_data_RAM3, .)
 *(.ramfunc.$RAM3)
 *(.ramfunc.$Ram2_4)
 *(.data.$RAM3*)
 *(.data.$Ram2_4*)
                0x02008000                . = ALIGN (0x4)
                [!provide]                PROVIDE (__end_data_RAM3, .)

.uninit_RESERVED
                0x02000000        0x0
 *(.bss.$RESERVED*)
                0x02000000                . = ALIGN (0x4)
                0x02000000                _end_uninit_RESERVED = .

.data           0x02000000      0x844 load address 0x00003ad4
 FILL mask 0xff
                0x02000000                _data = .
 *(vtable)
 *(.ramfunc*)
 *(.data*)
 .data.uxCriticalNesting
                0x02000000        0x4 ./freertos/src/port.o
 *fill*         0x02000004        0x4 ff
 .data.impure_data
                0x02000008      0x428 c:/nxp/lpcxpresso_8.2.0_647/lpcxpresso/tools/bin/../lib/gcc/arm-none-eabi/5.3.1/../../../../arm-none-eabi/lib/armv7-m\libc.a(lib_a-impure.o)
 .data._impure_ptr
                0x02000430        0x4 c:/nxp/lpcxpresso_8.2.0_647/lpcxpresso/tools/bin/../lib/gcc/arm-none-eabi/5.3.1/../../../../arm-none-eabi/lib/armv7-m\libc.a(lib_a-impure.o)
                0x02000430                _impure_ptr
 .data.__malloc_av_
                0x02000434      0x408 c:/nxp/lpcxpresso_8.2.0_647/lpcxpresso/tools/bin/../lib/gcc/arm-none-eabi/5.3.1/../../../../arm-none-eabi/lib/armv7-m\libc.a(lib_a-mallocr.o)
                0x02000434                __malloc_av_
 .data.__malloc_trim_threshold
                0x0200083c        0x4 c:/nxp/lpcxpresso_8.2.0_647/lpcxpresso/tools/bin/../lib/gcc/arm-none-eabi/5.3.1/../../../../arm-none-eabi/lib/armv7-m\libc.a(lib_a-mallocr.o)
                0x0200083c                __malloc_trim_threshold
 .data.__malloc_sbrk_base
                0x02000840        0x4 c:/nxp/lpcxpresso_8.2.0_647/lpcxpresso/tools/bin/../lib/gcc/arm-none-eabi/5.3.1/../../../../arm-none-eabi/lib/armv7-m\libc.a(lib_a-mallocr.o)
                0x02000840                __malloc_sbrk_base
                0x02000844                . = ALIGN (0x4)
                0x02000844                _edata = .

.igot.plt       0x02000844        0x0 load address 0x00004318
 .igot.plt      0x02000844        0x0 ./src/Lab2.o

.jcr            0x02000844        0x0 load address 0x00004318
 .jcr           0x02000844        0x0 c:/nxp/lpcxpresso_8.2.0_647/lpcxpresso/tools/bin/../lib/gcc/arm-none-eabi/5.3.1/armv7-m\crtbegin.o

.bss_RAM2       0x02004000        0x0
                [!provide]                PROVIDE (__start_bss_RAM2, .)
 *(.bss.$RAM2*)
 *(.bss.$Ram1_16*)
                0x02004000                . = ALIGN ((. != 0x0)?0x4:0x1)
                [!provide]                PROVIDE (__end_bss_RAM2, .)

.bss_RAM3       0x02008000        0x0
                [!provide]                PROVIDE (__start_bss_RAM3, .)
 *(.bss.$RAM3*)
 *(.bss.$Ram2_4*)
                0x02008000                . = ALIGN ((. != 0x0)?0x4:0x1)
                [!provide]                PROVIDE (__end_bss_RAM3, .)

.bss            0x02000844      0x1b8
                0x02000844                _bss = .
 *(.bss*)
 .bss.xMutex    0x02000844        0x4 ./src/Lab2.o
                0x02000844                xMutex
 .bss.xBinary   0x02000848        0x4 ./src/Lab2.o
                0x02000848                xBinary
 .bss.xQueue1   0x0200084c        0x4 ./src/Lab2.o
                0x0200084c                xQueue1
 .bss._ZZ4mainE1i
                0x02000850        0x4 ./src/Lab2.o
 .bss.ulTimerCountsForOneTick
                0x02000854        0x4 ./freertos/src/port.o
 .bss.xMaximumPossibleSuppressedTicks
                0x02000858        0x4 ./freertos/src/port.o
 .bss.ulStoppedTimerCompensation
                0x0200085c        0x4 ./freertos/src/port.o
 .bss.pxCurrentTCB
                0x02000860        0x4 ./freertos/src/tasks.o
                0x02000860                pxCurrentTCB
 .bss.pxReadyTasksLists
                0x02000864       0xa0 ./freertos/src/tasks.o
 .bss.xDelayedTaskList1
                0x02000904       0x14 ./freertos/src/tasks.o
 .bss.xDelayedTaskList2
                0x02000918       0x14 ./freertos/src/tasks.o
 .bss.pxDelayedTaskList
                0x0200092c        0x4 ./freertos/src/tasks.o
 .bss.pxOverflowDelayedTaskList
                0x02000930        0x4 ./freertos/src/tasks.o
 .bss.xPendingReadyList
                0x02000934       0x14 ./freertos/src/tasks.o
 .bss.xTasksWaitingTermination
                0x02000948       0x14 ./freertos/src/tasks.o
 .bss.uxDeletedTasksWaitingCleanUp
                0x0200095c        0x4 ./freertos/src/tasks.o
 .bss.xSuspendedTaskList
                0x02000960       0x14 ./freertos/src/tasks.o
 .bss.uxCurrentNumberOfTasks
                0x02000974        0x4 ./freertos/src/tasks.o
 .bss.xTickCount
                0x02000978        0x4 ./freertos/src/tasks.o
 .bss.uxTopReadyPriority
                0x0200097c        0x4 ./freertos/src/tasks.o
 .bss.xSchedulerRunning
                0x02000980        0x4 ./freertos/src/tasks.o
 .bss.uxPendedTicks
                0x02000984        0x4 ./freertos/src/tasks.o
 .bss.xYieldPending
                0x02000988        0x4 ./freertos/src/tasks.o
 .bss.xNumOfOverflows
                0x0200098c        0x4 ./freertos/src/tasks.o
 .bss.uxTaskNumber
                0x02000990        0x4 ./freertos/src/tasks.o
 .bss.xNextTaskUnblockTime
                0x02000994        0x4 ./freertos/src/tasks.o
 .bss.xIdleTaskHandle
                0x02000998        0x4 ./freertos/src/tasks.o
 .bss.uxSchedulerSuspended
                0x0200099c        0x4 ./freertos/src/tasks.o
 .bss.__malloc_max_total_mem
                0x020009a0        0x4 c:/nxp/lpcxpresso_8.2.0_647/lpcxpresso/tools/bin/../lib/gcc/arm-none-eabi/5.3.1/../../../../arm-none-eabi/lib/armv7-m\libc.a(lib_a-mallocr.o)
                0x020009a0                __malloc_max_total_mem
 .bss.__malloc_max_sbrked_mem
                0x020009a4        0x4 c:/nxp/lpcxpresso_8.2.0_647/lpcxpresso/tools/bin/../lib/gcc/arm-none-eabi/5.3.1/../../../../arm-none-eabi/lib/armv7-m\libc.a(lib_a-mallocr.o)
                0x020009a4                __malloc_max_sbrked_mem
 .bss.__malloc_top_pad
                0x020009a8        0x4 c:/nxp/lpcxpresso_8.2.0_647/lpcxpresso/tools/bin/../lib/gcc/arm-none-eabi/5.3.1/../../../../arm-none-eabi/lib/armv7-m\libc.a(lib_a-mallocr.o)
                0x020009a8                __malloc_top_pad
 .bss.__malloc_current_mallinfo
                0x020009ac       0x28 c:/nxp/lpcxpresso_8.2.0_647/lpcxpresso/tools/bin/../lib/gcc/arm-none-eabi/5.3.1/../../../../arm-none-eabi/lib/armv7-m\libc.a(lib_a-mallocr.o)
                0x020009ac                __malloc_current_mallinfo
 .bss.__end_of_heap
                0x020009d4        0x4 c:/nxp/lpcxpresso_8.2.0_647/lpcxpresso/tools/bin/../lib/gcc/arm-none-eabi/5.3.1/../../../../arm-none-eabi/lib/armv7-m\libcr_newlib_nohost.a(_cr_sbrk.o)
                0x020009d4                __end_of_heap
 .bss           0x020009d8       0x1c c:/nxp/lpcxpresso_8.2.0_647/lpcxpresso/tools/bin/../lib/gcc/arm-none-eabi/5.3.1/armv7-m\crtbegin.o
 *(COMMON)
 COMMON         0x020009f4        0x4 C:\Users\Jaakko\Documents\LPCXpresso_8.2.0_647\workspace\lpc_chip_15xx\Debug\liblpc_chip_15xx.a(chip_15xx.o)
                0x020009f4                SystemCoreClock
 COMMON         0x020009f8        0x4 c:/nxp/lpcxpresso_8.2.0_647/lpcxpresso/tools/bin/../lib/gcc/arm-none-eabi/5.3.1/../../../../arm-none-eabi/lib/armv7-m\libc.a(lib_a-reent.o)
                0x020009f8                errno
                0x020009fc                . = ALIGN (0x4)
                0x020009fc                _ebss = .
                [!provide]                PROVIDE (end, .)

.noinit_RAM2    0x02004000        0x0
 *(.noinit.$RAM2*)
 *(.noinit.$Ram1_16*)
                0x02004000                . = ALIGN (0x4)

.noinit_RAM3    0x02008000        0x0
 *(.noinit.$RAM3*)
 *(.noinit.$Ram2_4*)
                0x02008000                . = ALIGN (0x4)

.noinit         0x020009fc        0x0
                0x020009fc                _noinit = .
 *(.noinit*)
                0x020009fc                . = ALIGN (0x4)
                0x020009fc                _end_noinit = .
                0x020009fc                PROVIDE (_pvHeapStart, DEFINED (__user_heap_base)?__user_heap_base:.)
                0x02004000                PROVIDE (_vStackTop, DEFINED (__user_stack_top)?__user_stack_top:(__top_Ram0_16 - 0x0))
                0xfdffb2b6                PROVIDE (__valid_user_code_checksum, (0x0 - ((((((_vStackTop + (ResetISR + 0x1)) + (NMI_Handler + 0x1)) + (HardFault_Handler + 0x1)) + (DEFINED (MemManage_Handler)?MemManage_Handler:0x0 + 0x1)) + (DEFINED (BusFault_Handler)?BusFault_Handler:0x0 + 0x1)) + (DEFINED (UsageFault_Handler)?UsageFault_Handler:0x0 + 0x1))))
OUTPUT(Lab-2.axf elf32-littlearm)

.debug_info     0x00000000     0xaac6
 .debug_info    0x00000000     0x16c9 ./src/Lab2.o
 .debug_info    0x000016c9      0x281 ./src/cr_startup_lpc15xx.o
 .debug_info    0x0000194a       0xee ./src/sysinit.o
 .debug_info    0x00001a38      0x1ae ./freertos/src/FreeRTOSCommonHooks.o
 .debug_info    0x00001be6      0x143 ./freertos/src/heap_3.o
 .debug_info    0x00001d29      0x2ee ./freertos/src/list.o
 .debug_info    0x00002017      0x46a ./freertos/src/port.o
 .debug_info    0x00002481      0xf10 ./freertos/src/queue.o
 .debug_info    0x00003391     0x20a2 ./freertos/src/tasks.o
 .debug_info    0x00005433      0xb0d C:\Users\Jaakko\Documents\LPCXpresso_8.2.0_647\workspace\lpc_board_nxp_lpcxpresso_1549\Debug\liblpc_board_nxp_lpcxpresso_1549.a(board.o)
 .debug_info    0x00005f40      0xcbc C:\Users\Jaakko\Documents\LPCXpresso_8.2.0_647\workspace\lpc_board_nxp_lpcxpresso_1549\Debug\liblpc_board_nxp_lpcxpresso_1549.a(board_sysinit.o)
 .debug_info    0x00006bfc      0x9ae C:\Users\Jaakko\Documents\LPCXpresso_8.2.0_647\workspace\lpc_chip_15xx\Debug\liblpc_chip_15xx.a(chip_15xx.o)
 .debug_info    0x000075aa      0xd6a C:\Users\Jaakko\Documents\LPCXpresso_8.2.0_647\workspace\lpc_chip_15xx\Debug\liblpc_chip_15xx.a(clock_15xx.o)
 .debug_info    0x00008314      0x645 C:\Users\Jaakko\Documents\LPCXpresso_8.2.0_647\workspace\lpc_chip_15xx\Debug\liblpc_chip_15xx.a(gpio_15xx.o)
 .debug_info    0x00008959      0x21a C:\Users\Jaakko\Documents\LPCXpresso_8.2.0_647\workspace\lpc_chip_15xx\Debug\liblpc_chip_15xx.a(iocon_15xx.o)
 .debug_info    0x00008b73      0x60b C:\Users\Jaakko\Documents\LPCXpresso_8.2.0_647\workspace\lpc_chip_15xx\Debug\liblpc_chip_15xx.a(swm_15xx.o)
 .debug_info    0x0000917e      0x76d C:\Users\Jaakko\Documents\LPCXpresso_8.2.0_647\workspace\lpc_chip_15xx\Debug\liblpc_chip_15xx.a(sysctl_15xx.o)
 .debug_info    0x000098eb      0x759 C:\Users\Jaakko\Documents\LPCXpresso_8.2.0_647\workspace\lpc_chip_15xx\Debug\liblpc_chip_15xx.a(sysinit_15xx.o)
 .debug_info    0x0000a044      0x8f4 C:\Users\Jaakko\Documents\LPCXpresso_8.2.0_647\workspace\lpc_chip_15xx\Debug\liblpc_chip_15xx.a(uart_15xx.o)
 .debug_info    0x0000a938      0x124 c:/nxp/lpcxpresso_8.2.0_647/lpcxpresso/tools/bin/../lib/gcc/arm-none-eabi/5.3.1/../../../../arm-none-eabi/lib/armv7-m\libcr_newlib_nohost.a(_cr_sbrk.o)
 .debug_info    0x0000aa5c       0x6a c:/nxp/lpcxpresso_8.2.0_647/lpcxpresso/tools/bin/../lib/gcc/arm-none-eabi/5.3.1/../../../../arm-none-eabi/lib/armv7-m\libcr_newlib_nohost.a(_cr_check_heap.o)

.debug_abbrev   0x00000000     0x204e
 .debug_abbrev  0x00000000      0x2eb ./src/Lab2.o
 .debug_abbrev  0x000002eb       0xe7 ./src/cr_startup_lpc15xx.o
 .debug_abbrev  0x000003d2       0x82 ./src/sysinit.o
 .debug_abbrev  0x00000454      0x129 ./freertos/src/FreeRTOSCommonHooks.o
 .debug_abbrev  0x0000057d       0xd4 ./freertos/src/heap_3.o
 .debug_abbrev  0x00000651       0xec ./freertos/src/list.o
 .debug_abbrev  0x0000073d      0x1df ./freertos/src/port.o
 .debug_abbrev  0x0000091c      0x1e0 ./freertos/src/queue.o
 .debug_abbrev  0x00000afc      0x325 ./freertos/src/tasks.o
 .debug_abbrev  0x00000e21      0x240 C:\Users\Jaakko\Documents\LPCXpresso_8.2.0_647\workspace\lpc_board_nxp_lpcxpresso_1549\Debug\liblpc_board_nxp_lpcxpresso_1549.a(board.o)
 .debug_abbrev  0x00001061      0x208 C:\Users\Jaakko\Documents\LPCXpresso_8.2.0_647\workspace\lpc_board_nxp_lpcxpresso_1549\Debug\liblpc_board_nxp_lpcxpresso_1549.a(board_sysinit.o)
 .debug_abbrev  0x00001269      0x1b3 C:\Users\Jaakko\Documents\LPCXpresso_8.2.0_647\workspace\lpc_chip_15xx\Debug\liblpc_chip_15xx.a(chip_15xx.o)
 .debug_abbrev  0x0000141c      0x285 C:\Users\Jaakko\Documents\LPCXpresso_8.2.0_647\workspace\lpc_chip_15xx\Debug\liblpc_chip_15xx.a(clock_15xx.o)
 .debug_abbrev  0x000016a1      0x16a C:\Users\Jaakko\Documents\LPCXpresso_8.2.0_647\workspace\lpc_chip_15xx\Debug\liblpc_chip_15xx.a(gpio_15xx.o)
 .debug_abbrev  0x0000180b      0x137 C:\Users\Jaakko\Documents\LPCXpresso_8.2.0_647\workspace\lpc_chip_15xx\Debug\liblpc_chip_15xx.a(iocon_15xx.o)
 .debug_abbrev  0x00001942      0x13e C:\Users\Jaakko\Documents\LPCXpresso_8.2.0_647\workspace\lpc_chip_15xx\Debug\liblpc_chip_15xx.a(swm_15xx.o)
 .debug_abbrev  0x00001a80      0x12b C:\Users\Jaakko\Documents\LPCXpresso_8.2.0_647\workspace\lpc_chip_15xx\Debug\liblpc_chip_15xx.a(sysctl_15xx.o)
 .debug_abbrev  0x00001bab      0x18c C:\Users\Jaakko\Documents\LPCXpresso_8.2.0_647\workspace\lpc_chip_15xx\Debug\liblpc_chip_15xx.a(sysinit_15xx.o)
 .debug_abbrev  0x00001d37      0x1e6 C:\Users\Jaakko\Documents\LPCXpresso_8.2.0_647\workspace\lpc_chip_15xx\Debug\liblpc_chip_15xx.a(uart_15xx.o)
 .debug_abbrev  0x00001f1d       0xcf c:/nxp/lpcxpresso_8.2.0_647/lpcxpresso/tools/bin/../lib/gcc/arm-none-eabi/5.3.1/../../../../arm-none-eabi/lib/armv7-m\libcr_newlib_nohost.a(_cr_sbrk.o)
 .debug_abbrev  0x00001fec       0x62 c:/nxp/lpcxpresso_8.2.0_647/lpcxpresso/tools/bin/../lib/gcc/arm-none-eabi/5.3.1/../../../../arm-none-eabi/lib/armv7-m\libcr_newlib_nohost.a(_cr_check_heap.o)

.debug_aranges  0x00000000      0xa70
 .debug_aranges
                0x00000000       0x70 ./src/Lab2.o
 .debug_aranges
                0x00000070       0x80 ./src/cr_startup_lpc15xx.o
 .debug_aranges
                0x000000f0       0x20 ./src/sysinit.o
 .debug_aranges
                0x00000110       0x40 ./freertos/src/FreeRTOSCommonHooks.o
 .debug_aranges
                0x00000150       0x28 ./freertos/src/heap_3.o
 .debug_aranges
                0x00000178       0x40 ./freertos/src/list.o
 .debug_aranges
                0x000001b8       0x90 ./freertos/src/port.o
 .debug_aranges
                0x00000248      0x110 ./freertos/src/queue.o
 .debug_aranges
                0x00000358      0x1e8 ./freertos/src/tasks.o
 .debug_aranges
                0x00000540       0xd0 C:\Users\Jaakko\Documents\LPCXpresso_8.2.0_647\workspace\lpc_board_nxp_lpcxpresso_1549\Debug\liblpc_board_nxp_lpcxpresso_1549.a(board.o)
 .debug_aranges
                0x00000610       0x60 C:\Users\Jaakko\Documents\LPCXpresso_8.2.0_647\workspace\lpc_board_nxp_lpcxpresso_1549\Debug\liblpc_board_nxp_lpcxpresso_1549.a(board_sysinit.o)
 .debug_aranges
                0x00000670       0x50 C:\Users\Jaakko\Documents\LPCXpresso_8.2.0_647\workspace\lpc_chip_15xx\Debug\liblpc_chip_15xx.a(chip_15xx.o)
 .debug_aranges
                0x000006c0      0x128 C:\Users\Jaakko\Documents\LPCXpresso_8.2.0_647\workspace\lpc_chip_15xx\Debug\liblpc_chip_15xx.a(clock_15xx.o)
 .debug_aranges
                0x000007e8       0x70 C:\Users\Jaakko\Documents\LPCXpresso_8.2.0_647\workspace\lpc_chip_15xx\Debug\liblpc_chip_15xx.a(gpio_15xx.o)
 .debug_aranges
                0x00000858       0x28 C:\Users\Jaakko\Documents\LPCXpresso_8.2.0_647\workspace\lpc_chip_15xx\Debug\liblpc_chip_15xx.a(iocon_15xx.o)
 .debug_aranges
                0x00000880       0x40 C:\Users\Jaakko\Documents\LPCXpresso_8.2.0_647\workspace\lpc_chip_15xx\Debug\liblpc_chip_15xx.a(swm_15xx.o)
 .debug_aranges
                0x000008c0       0x50 C:\Users\Jaakko\Documents\LPCXpresso_8.2.0_647\workspace\lpc_chip_15xx\Debug\liblpc_chip_15xx.a(sysctl_15xx.o)
 .debug_aranges
                0x00000910       0x58 C:\Users\Jaakko\Documents\LPCXpresso_8.2.0_647\workspace\lpc_chip_15xx\Debug\liblpc_chip_15xx.a(sysinit_15xx.o)
 .debug_aranges
                0x00000968       0xc8 C:\Users\Jaakko\Documents\LPCXpresso_8.2.0_647\workspace\lpc_chip_15xx\Debug\liblpc_chip_15xx.a(uart_15xx.o)
 .debug_aranges
                0x00000a30       0x20 c:/nxp/lpcxpresso_8.2.0_647/lpcxpresso/tools/bin/../lib/gcc/arm-none-eabi/5.3.1/../../../../arm-none-eabi/lib/armv7-m\libcr_newlib_nohost.a(_cr_sbrk.o)
 .debug_aranges
                0x00000a50       0x20 c:/nxp/lpcxpresso_8.2.0_647/lpcxpresso/tools/bin/../lib/gcc/arm-none-eabi/5.3.1/../../../../arm-none-eabi/lib/armv7-m\libcr_newlib_nohost.a(_cr_check_heap.o)

.debug_ranges   0x00000000      0x938
 .debug_ranges  0x00000000       0x60 ./src/Lab2.o
 .debug_ranges  0x00000060       0x70 ./src/cr_startup_lpc15xx.o
 .debug_ranges  0x000000d0       0x10 ./src/sysinit.o
 .debug_ranges  0x000000e0       0x30 ./freertos/src/FreeRTOSCommonHooks.o
 .debug_ranges  0x00000110       0x18 ./freertos/src/heap_3.o
 .debug_ranges  0x00000128       0x30 ./freertos/src/list.o
 .debug_ranges  0x00000158       0x80 ./freertos/src/port.o
 .debug_ranges  0x000001d8      0x100 ./freertos/src/queue.o
 .debug_ranges  0x000002d8      0x1d8 ./freertos/src/tasks.o
 .debug_ranges  0x000004b0       0xd8 C:\Users\Jaakko\Documents\LPCXpresso_8.2.0_647\workspace\lpc_board_nxp_lpcxpresso_1549\Debug\liblpc_board_nxp_lpcxpresso_1549.a(board.o)
 .debug_ranges  0x00000588       0x50 C:\Users\Jaakko\Documents\LPCXpresso_8.2.0_647\workspace\lpc_board_nxp_lpcxpresso_1549\Debug\liblpc_board_nxp_lpcxpresso_1549.a(board_sysinit.o)
 .debug_ranges  0x000005d8       0x40 C:\Users\Jaakko\Documents\LPCXpresso_8.2.0_647\workspace\lpc_chip_15xx\Debug\liblpc_chip_15xx.a(chip_15xx.o)
 .debug_ranges  0x00000618      0x118 C:\Users\Jaakko\Documents\LPCXpresso_8.2.0_647\workspace\lpc_chip_15xx\Debug\liblpc_chip_15xx.a(clock_15xx.o)
 .debug_ranges  0x00000730       0x60 C:\Users\Jaakko\Documents\LPCXpresso_8.2.0_647\workspace\lpc_chip_15xx\Debug\liblpc_chip_15xx.a(gpio_15xx.o)
 .debug_ranges  0x00000790       0x18 C:\Users\Jaakko\Documents\LPCXpresso_8.2.0_647\workspace\lpc_chip_15xx\Debug\liblpc_chip_15xx.a(iocon_15xx.o)
 .debug_ranges  0x000007a8       0x30 C:\Users\Jaakko\Documents\LPCXpresso_8.2.0_647\workspace\lpc_chip_15xx\Debug\liblpc_chip_15xx.a(swm_15xx.o)
 .debug_ranges  0x000007d8       0x40 C:\Users\Jaakko\Documents\LPCXpresso_8.2.0_647\workspace\lpc_chip_15xx\Debug\liblpc_chip_15xx.a(sysctl_15xx.o)
 .debug_ranges  0x00000818       0x48 C:\Users\Jaakko\Documents\LPCXpresso_8.2.0_647\workspace\lpc_chip_15xx\Debug\liblpc_chip_15xx.a(sysinit_15xx.o)
 .debug_ranges  0x00000860       0xb8 C:\Users\Jaakko\Documents\LPCXpresso_8.2.0_647\workspace\lpc_chip_15xx\Debug\liblpc_chip_15xx.a(uart_15xx.o)
 .debug_ranges  0x00000918       0x10 c:/nxp/lpcxpresso_8.2.0_647/lpcxpresso/tools/bin/../lib/gcc/arm-none-eabi/5.3.1/../../../../arm-none-eabi/lib/armv7-m\libcr_newlib_nohost.a(_cr_sbrk.o)
 .debug_ranges  0x00000928       0x10 c:/nxp/lpcxpresso_8.2.0_647/lpcxpresso/tools/bin/../lib/gcc/arm-none-eabi/5.3.1/../../../../arm-none-eabi/lib/armv7-m\libcr_newlib_nohost.a(_cr_check_heap.o)

.debug_macro    0x00000000     0xa548
 .debug_macro   0x00000000      0x4ca ./src/Lab2.o
 .debug_macro   0x000004ca      0x958 ./src/Lab2.o
 .debug_macro   0x00000e22       0x1c ./src/Lab2.o
 .debug_macro   0x00000e3e       0x22 ./src/Lab2.o
 .debug_macro   0x00000e60       0x87 ./src/Lab2.o
 .debug_macro   0x00000ee7       0x44 ./src/Lab2.o
 .debug_macro   0x00000f2b       0xfd ./src/Lab2.o
 .debug_macro   0x00001028       0x22 ./src/Lab2.o
 .debug_macro   0x0000104a      0x1df ./src/Lab2.o
 .debug_macro   0x00001229       0x16 ./src/Lab2.o
 .debug_macro   0x0000123f       0x7b ./src/Lab2.o
 .debug_macro   0x000012ba       0x10 ./src/Lab2.o
 .debug_macro   0x000012ca       0x2d ./src/Lab2.o
 .debug_macro   0x000012f7       0x3a ./src/Lab2.o
 .debug_macro   0x00001331       0x2d ./src/Lab2.o
 .debug_macro   0x0000135e      0xa7d ./src/Lab2.o
 .debug_macro   0x00001ddb      0x1b4 ./src/Lab2.o
 .debug_macro   0x00001f8f       0xca ./src/Lab2.o
 .debug_macro   0x00002059       0x18 ./src/Lab2.o
 .debug_macro   0x00002071       0xb2 ./src/Lab2.o
 .debug_macro   0x00002123       0x70 ./src/Lab2.o
 .debug_macro   0x00002193       0x46 ./src/Lab2.o
 .debug_macro   0x000021d9       0xd0 ./src/Lab2.o
 .debug_macro   0x000022a9       0x40 ./src/Lab2.o
 .debug_macro   0x000022e9      0x233 ./src/Lab2.o
 .debug_macro   0x0000251c       0x16 ./src/Lab2.o
 .debug_macro   0x00002532       0x88 ./src/Lab2.o
 .debug_macro   0x000025ba       0x34 ./src/Lab2.o
 .debug_macro   0x000025ee       0x6a ./src/Lab2.o
 .debug_macro   0x00002658       0x40 ./src/Lab2.o
 .debug_macro   0x00002698       0x1c ./src/Lab2.o
 .debug_macro   0x000026b4       0x16 ./src/Lab2.o
 .debug_macro   0x000026ca      0x10c ./src/Lab2.o
 .debug_macro   0x000027d6      0x2a9 ./src/Lab2.o
 .debug_macro   0x00002a7f       0x76 ./src/Lab2.o
 .debug_macro   0x00002af5       0x22 ./src/Lab2.o
 .debug_macro   0x00002b17      0x152 ./src/Lab2.o
 .debug_macro   0x00002c69       0x82 ./src/Lab2.o
 .debug_macro   0x00002ceb       0xe6 ./src/Lab2.o
 .debug_macro   0x00002dd1       0x3a ./src/Lab2.o
 .debug_macro   0x00002e0b       0x34 ./src/Lab2.o
 .debug_macro   0x00002e3f       0x10 ./src/Lab2.o
 .debug_macro   0x00002e4f       0x76 ./src/Lab2.o
 .debug_macro   0x00002ec5       0x58 ./src/Lab2.o
 .debug_macro   0x00002f1d      0x2ca ./src/Lab2.o
 .debug_macro   0x000031e7      0x22b ./src/Lab2.o
 .debug_macro   0x00003412       0x2e ./src/Lab2.o
 .debug_macro   0x00003440       0x34 ./src/Lab2.o
 .debug_macro   0x00003474       0x52 ./src/Lab2.o
 .debug_macro   0x000034c6       0x35 ./src/Lab2.o
 .debug_macro   0x000034fb       0x9c ./src/Lab2.o
 .debug_macro   0x00003597       0x16 ./src/Lab2.o
 .debug_macro   0x000035ad       0x97 ./src/Lab2.o
 .debug_macro   0x00003644      0x337 ./src/Lab2.o
 .debug_macro   0x0000397b      0x104 ./src/Lab2.o
 .debug_macro   0x00003a7f       0x10 ./src/Lab2.o
 .debug_macro   0x00003a8f       0x52 ./src/Lab2.o
 .debug_macro   0x00003ae1       0x16 ./src/Lab2.o
 .debug_macro   0x00003af7       0x43 ./src/Lab2.o
 .debug_macro   0x00003b3a      0x187 ./src/Lab2.o
 .debug_macro   0x00003cc1       0x22 ./src/Lab2.o
 .debug_macro   0x00003ce3       0x3a ./src/Lab2.o
 .debug_macro   0x00003d1d       0x10 ./src/Lab2.o
 .debug_macro   0x00003d2d       0x40 ./src/Lab2.o
 .debug_macro   0x00003d6d       0x6c ./src/Lab2.o
 .debug_macro   0x00003dd9       0x16 ./src/Lab2.o
 .debug_macro   0x00003def      0x182 ./src/Lab2.o
 .debug_macro   0x00003f71       0x20 ./src/Lab2.o
 .debug_macro   0x00003f91       0xfa ./src/Lab2.o
 .debug_macro   0x0000408b      0x168 ./src/Lab2.o
 .debug_macro   0x000041f3       0xaf ./src/Lab2.o
 .debug_macro   0x000042a2       0x10 ./src/Lab2.o
 .debug_macro   0x000042b2       0x1f ./src/Lab2.o
 .debug_macro   0x000042d1       0x16 ./src/Lab2.o
 .debug_macro   0x000042e7       0x35 ./src/Lab2.o
 .debug_macro   0x0000431c      0x3fb ./src/Lab2.o
 .debug_macro   0x00004717       0xc0 ./src/Lab2.o
 .debug_macro   0x000047d7       0x8c ./src/Lab2.o
 .debug_macro   0x00004863       0x94 ./src/Lab2.o
 .debug_macro   0x000048f7       0x78 ./src/Lab2.o
 .debug_macro   0x0000496f       0x16 ./src/Lab2.o
 .debug_macro   0x00004985      0x136 ./src/Lab2.o
 .debug_macro   0x00004abb      0x353 ./src/Lab2.o
 .debug_macro   0x00004e0e       0x16 ./src/Lab2.o
 .debug_macro   0x00004e24       0x16 ./src/Lab2.o
 .debug_macro   0x00004e3a       0x29 ./src/Lab2.o
 .debug_macro   0x00004e63       0xac ./src/Lab2.o
 .debug_macro   0x00004f0f       0x82 ./src/Lab2.o
 .debug_macro   0x00004f91       0x23 ./src/cr_startup_lpc15xx.o
 .debug_macro   0x00004fb4      0x3a5 ./src/sysinit.o
 .debug_macro   0x00005359       0x22 ./src/sysinit.o
 .debug_macro   0x0000537b      0xa7d ./src/sysinit.o
 .debug_macro   0x00005df8       0x9c ./src/sysinit.o
 .debug_macro   0x00005e94       0x97 ./src/sysinit.o
 .debug_macro   0x00005f2b      0x30d ./src/sysinit.o
 .debug_macro   0x00006238       0xfd ./src/sysinit.o
 .debug_macro   0x00006335       0x43 ./src/sysinit.o
 .debug_macro   0x00006378      0x436 ./freertos/src/FreeRTOSCommonHooks.o
 .debug_macro   0x000067ae      0x174 ./freertos/src/FreeRTOSCommonHooks.o
 .debug_macro   0x00006922       0x74 ./freertos/src/FreeRTOSCommonHooks.o
 .debug_macro   0x00006996       0x11 ./freertos/src/FreeRTOSCommonHooks.o
 .debug_macro   0x000069a7       0x35 ./freertos/src/FreeRTOSCommonHooks.o
 .debug_macro   0x000069dc       0xf4 ./freertos/src/FreeRTOSCommonHooks.o
 .debug_macro   0x00006ad0      0x45a ./freertos/src/heap_3.o
 .debug_macro   0x00006f2a      0x43f ./freertos/src/list.o
 .debug_macro   0x00007369      0x4bd ./freertos/src/port.o
 .debug_macro   0x00007826      0x4b1 ./freertos/src/queue.o
 .debug_macro   0x00007cd7      0x51b ./freertos/src/tasks.o
 .debug_macro   0x000081f2       0x11 ./freertos/src/tasks.o
 .debug_macro   0x00008203      0x3bb C:\Users\Jaakko\Documents\LPCXpresso_8.2.0_647\workspace\lpc_board_nxp_lpcxpresso_1549\Debug\liblpc_board_nxp_lpcxpresso_1549.a(board.o)
 .debug_macro   0x000085be      0x88c C:\Users\Jaakko\Documents\LPCXpresso_8.2.0_647\workspace\lpc_board_nxp_lpcxpresso_1549\Debug\liblpc_board_nxp_lpcxpresso_1549.a(board.o)
 .debug_macro   0x00008e4a       0x12 C:\Users\Jaakko\Documents\LPCXpresso_8.2.0_647\workspace\lpc_board_nxp_lpcxpresso_1549\Debug\liblpc_board_nxp_lpcxpresso_1549.a(board.o)
 .debug_macro   0x00008e5c      0x3c8 C:\Users\Jaakko\Documents\LPCXpresso_8.2.0_647\workspace\lpc_board_nxp_lpcxpresso_1549\Debug\liblpc_board_nxp_lpcxpresso_1549.a(board_sysinit.o)
 .debug_macro   0x00009224      0x260 C:\Users\Jaakko\Documents\LPCXpresso_8.2.0_647\workspace\lpc_chip_15xx\Debug\liblpc_chip_15xx.a(chip_15xx.o)
 .debug_macro   0x00009484      0x260 C:\Users\Jaakko\Documents\LPCXpresso_8.2.0_647\workspace\lpc_chip_15xx\Debug\liblpc_chip_15xx.a(clock_15xx.o)
 .debug_macro   0x000096e4      0x260 C:\Users\Jaakko\Documents\LPCXpresso_8.2.0_647\workspace\lpc_chip_15xx\Debug\liblpc_chip_15xx.a(gpio_15xx.o)
 .debug_macro   0x00009944      0x260 C:\Users\Jaakko\Documents\LPCXpresso_8.2.0_647\workspace\lpc_chip_15xx\Debug\liblpc_chip_15xx.a(iocon_15xx.o)
 .debug_macro   0x00009ba4      0x26c C:\Users\Jaakko\Documents\LPCXpresso_8.2.0_647\workspace\lpc_chip_15xx\Debug\liblpc_chip_15xx.a(swm_15xx.o)
 .debug_macro   0x00009e10      0x278 C:\Users\Jaakko\Documents\LPCXpresso_8.2.0_647\workspace\lpc_chip_15xx\Debug\liblpc_chip_15xx.a(sysctl_15xx.o)
 .debug_macro   0x0000a088      0x260 C:\Users\Jaakko\Documents\LPCXpresso_8.2.0_647\workspace\lpc_chip_15xx\Debug\liblpc_chip_15xx.a(sysinit_15xx.o)
 .debug_macro   0x0000a2e8      0x260 C:\Users\Jaakko\Documents\LPCXpresso_8.2.0_647\workspace\lpc_chip_15xx\Debug\liblpc_chip_15xx.a(uart_15xx.o)

.debug_line     0x00000000     0x8f93
 .debug_line    0x00000000      0x9f3 ./src/Lab2.o
 .debug_line    0x000009f3       0xd5 ./src/cr_startup_lpc15xx.o
 .debug_line    0x00000ac8      0x666 ./src/sysinit.o
 .debug_line    0x0000112e      0x7d6 ./freertos/src/FreeRTOSCommonHooks.o
 .debug_line    0x00001904      0x793 ./freertos/src/heap_3.o
 .debug_line    0x00002097      0x7e1 ./freertos/src/list.o
 .debug_line    0x00002878      0x8b1 ./freertos/src/port.o
 .debug_line    0x00003129      0xb8d ./freertos/src/queue.o
 .debug_line    0x00003cb6     0x116b ./freertos/src/tasks.o
 .debug_line    0x00004e21      0x8a5 C:\Users\Jaakko\Documents\LPCXpresso_8.2.0_647\workspace\lpc_board_nxp_lpcxpresso_1549\Debug\liblpc_board_nxp_lpcxpresso_1549.a(board.o)
 .debug_line    0x000056c6      0x75f C:\Users\Jaakko\Documents\LPCXpresso_8.2.0_647\workspace\lpc_board_nxp_lpcxpresso_1549\Debug\liblpc_board_nxp_lpcxpresso_1549.a(board_sysinit.o)
 .debug_line    0x00005e25      0x58b C:\Users\Jaakko\Documents\LPCXpresso_8.2.0_647\workspace\lpc_chip_15xx\Debug\liblpc_chip_15xx.a(chip_15xx.o)
 .debug_line    0x000063b0      0x7df C:\Users\Jaakko\Documents\LPCXpresso_8.2.0_647\workspace\lpc_chip_15xx\Debug\liblpc_chip_15xx.a(clock_15xx.o)
 .debug_line    0x00006b8f      0x5e3 C:\Users\Jaakko\Documents\LPCXpresso_8.2.0_647\workspace\lpc_chip_15xx\Debug\liblpc_chip_15xx.a(gpio_15xx.o)
 .debug_line    0x00007172      0x52b C:\Users\Jaakko\Documents\LPCXpresso_8.2.0_647\workspace\lpc_chip_15xx\Debug\liblpc_chip_15xx.a(iocon_15xx.o)
 .debug_line    0x0000769d      0x556 C:\Users\Jaakko\Documents\LPCXpresso_8.2.0_647\workspace\lpc_chip_15xx\Debug\liblpc_chip_15xx.a(swm_15xx.o)
 .debug_line    0x00007bf3      0x58d C:\Users\Jaakko\Documents\LPCXpresso_8.2.0_647\workspace\lpc_chip_15xx\Debug\liblpc_chip_15xx.a(sysctl_15xx.o)
 .debug_line    0x00008180      0x5c0 C:\Users\Jaakko\Documents\LPCXpresso_8.2.0_647\workspace\lpc_chip_15xx\Debug\liblpc_chip_15xx.a(sysinit_15xx.o)
 .debug_line    0x00008740      0x705 C:\Users\Jaakko\Documents\LPCXpresso_8.2.0_647\workspace\lpc_chip_15xx\Debug\liblpc_chip_15xx.a(uart_15xx.o)
 .debug_line    0x00008e45      0x101 c:/nxp/lpcxpresso_8.2.0_647/lpcxpresso/tools/bin/../lib/gcc/arm-none-eabi/5.3.1/../../../../arm-none-eabi/lib/armv7-m\libcr_newlib_nohost.a(_cr_sbrk.o)
 .debug_line    0x00008f46       0x4d c:/nxp/lpcxpresso_8.2.0_647/lpcxpresso/tools/bin/../lib/gcc/arm-none-eabi/5.3.1/../../../../arm-none-eabi/lib/armv7-m\libcr_newlib_nohost.a(_cr_check_heap.o)

.debug_str      0x00000000    0x1f1af
 .debug_str     0x00000000    0x19e80 ./src/Lab2.o
                              0x1a1ed (size before relaxing)
 .debug_str     0x00019e80      0x1de ./src/cr_startup_lpc15xx.o
                               0x2aa1 (size before relaxing)
 .debug_str     0x0001a05e      0x283 ./src/sysinit.o
                              0x12239 (size before relaxing)
 .debug_str     0x0001a2e1       0xf5 ./freertos/src/FreeRTOSCommonHooks.o
                              0x156a8 (size before relaxing)
 .debug_str     0x0001a3d6       0x8e ./freertos/src/heap_3.o
                              0x15712 (size before relaxing)
 .debug_str     0x0001a464      0x12d ./freertos/src/list.o
                              0x15227 (size before relaxing)
 .debug_str     0x0001a591      0x730 ./freertos/src/port.o
                              0x15f28 (size before relaxing)
 .debug_str     0x0001acc1      0x737 ./freertos/src/queue.o
                              0x1693a (size before relaxing)
 .debug_str     0x0001b3f8     0x1e6a ./freertos/src/tasks.o
                              0x179f3 (size before relaxing)
 .debug_str     0x0001d262      0x371 C:\Users\Jaakko\Documents\LPCXpresso_8.2.0_647\workspace\lpc_board_nxp_lpcxpresso_1549\Debug\liblpc_board_nxp_lpcxpresso_1549.a(board.o)
                              0x12c05 (size before relaxing)
 .debug_str     0x0001d5d3      0x7de C:\Users\Jaakko\Documents\LPCXpresso_8.2.0_647\workspace\lpc_board_nxp_lpcxpresso_1549\Debug\liblpc_board_nxp_lpcxpresso_1549.a(board_sysinit.o)
                              0x1320f (size before relaxing)
 .debug_str     0x0001ddb1       0xb9 C:\Users\Jaakko\Documents\LPCXpresso_8.2.0_647\workspace\lpc_chip_15xx\Debug\liblpc_chip_15xx.a(chip_15xx.o)
                               0xf371 (size before relaxing)
 .debug_str     0x0001de6a      0x64e C:\Users\Jaakko\Documents\LPCXpresso_8.2.0_647\workspace\lpc_chip_15xx\Debug\liblpc_chip_15xx.a(clock_15xx.o)
                               0xf77c (size before relaxing)
 .debug_str     0x0001e4b8       0xdf C:\Users\Jaakko\Documents\LPCXpresso_8.2.0_647\workspace\lpc_chip_15xx\Debug\liblpc_chip_15xx.a(gpio_15xx.o)
                               0xee1e (size before relaxing)
 .debug_str     0x0001e597       0x41 C:\Users\Jaakko\Documents\LPCXpresso_8.2.0_647\workspace\lpc_chip_15xx\Debug\liblpc_chip_15xx.a(iocon_15xx.o)
                               0xe93b (size before relaxing)
 .debug_str     0x0001e5d8      0x55d C:\Users\Jaakko\Documents\LPCXpresso_8.2.0_647\workspace\lpc_chip_15xx\Debug\liblpc_chip_15xx.a(swm_15xx.o)
                               0xf343 (size before relaxing)
 .debug_str     0x0001eb35      0x183 C:\Users\Jaakko\Documents\LPCXpresso_8.2.0_647\workspace\lpc_chip_15xx\Debug\liblpc_chip_15xx.a(sysctl_15xx.o)
                               0xee29 (size before relaxing)
 .debug_str     0x0001ecb8      0x13f C:\Users\Jaakko\Documents\LPCXpresso_8.2.0_647\workspace\lpc_chip_15xx\Debug\liblpc_chip_15xx.a(sysinit_15xx.o)
                               0xee17 (size before relaxing)
 .debug_str     0x0001edf7      0x20f C:\Users\Jaakko\Documents\LPCXpresso_8.2.0_647\workspace\lpc_chip_15xx\Debug\liblpc_chip_15xx.a(uart_15xx.o)
                               0xef7a (size before relaxing)
 .debug_str     0x0001f006      0x184 c:/nxp/lpcxpresso_8.2.0_647/lpcxpresso/tools/bin/../lib/gcc/arm-none-eabi/5.3.1/../../../../arm-none-eabi/lib/armv7-m\libcr_newlib_nohost.a(_cr_sbrk.o)
                                0x229 (size before relaxing)
 .debug_str     0x0001f18a       0x25 c:/nxp/lpcxpresso_8.2.0_647/lpcxpresso/tools/bin/../lib/gcc/arm-none-eabi/5.3.1/../../../../arm-none-eabi/lib/armv7-m\libcr_newlib_nohost.a(_cr_check_heap.o)
                                0x16b (size before relaxing)

.comment        0x00000000       0xdc
 .comment       0x00000000       0x6e ./src/Lab2.o
                                 0x6f (size before relaxing)
 .comment       0x0000006e       0x6f ./src/cr_startup_lpc15xx.o
 .comment       0x0000006e       0x6f ./src/sysinit.o
 .comment       0x0000006e       0x6f ./freertos/src/FreeRTOSCommonHooks.o
 .comment       0x0000006e       0x6f ./freertos/src/heap_3.o
 .comment       0x0000006e       0x6f ./freertos/src/list.o
 .comment       0x0000006e       0x6f ./freertos/src/port.o
 .comment       0x0000006e       0x6f ./freertos/src/queue.o
 .comment       0x0000006e       0x6f ./freertos/src/tasks.o
 .comment       0x0000006e       0x6f C:\Users\Jaakko\Documents\LPCXpresso_8.2.0_647\workspace\lpc_board_nxp_lpcxpresso_1549\Debug\liblpc_board_nxp_lpcxpresso_1549.a(board.o)
 .comment       0x0000006e       0x6f C:\Users\Jaakko\Documents\LPCXpresso_8.2.0_647\workspace\lpc_board_nxp_lpcxpresso_1549\Debug\liblpc_board_nxp_lpcxpresso_1549.a(board_sysinit.o)
 .comment       0x0000006e       0x6f C:\Users\Jaakko\Documents\LPCXpresso_8.2.0_647\workspace\lpc_chip_15xx\Debug\liblpc_chip_15xx.a(chip_15xx.o)
 .comment       0x0000006e       0x6f C:\Users\Jaakko\Documents\LPCXpresso_8.2.0_647\workspace\lpc_chip_15xx\Debug\liblpc_chip_15xx.a(clock_15xx.o)
 .comment       0x0000006e       0x6f C:\Users\Jaakko\Documents\LPCXpresso_8.2.0_647\workspace\lpc_chip_15xx\Debug\liblpc_chip_15xx.a(gpio_15xx.o)
 .comment       0x0000006e       0x6f C:\Users\Jaakko\Documents\LPCXpresso_8.2.0_647\workspace\lpc_chip_15xx\Debug\liblpc_chip_15xx.a(iocon_15xx.o)
 .comment       0x0000006e       0x6f C:\Users\Jaakko\Documents\LPCXpresso_8.2.0_647\workspace\lpc_chip_15xx\Debug\liblpc_chip_15xx.a(swm_15xx.o)
 .comment       0x0000006e       0x6f C:\Users\Jaakko\Documents\LPCXpresso_8.2.0_647\workspace\lpc_chip_15xx\Debug\liblpc_chip_15xx.a(sysctl_15xx.o)
 .comment       0x0000006e       0x6f C:\Users\Jaakko\Documents\LPCXpresso_8.2.0_647\workspace\lpc_chip_15xx\Debug\liblpc_chip_15xx.a(sysinit_15xx.o)
 .comment       0x0000006e       0x6f C:\Users\Jaakko\Documents\LPCXpresso_8.2.0_647\workspace\lpc_chip_15xx\Debug\liblpc_chip_15xx.a(uart_15xx.o)
 .comment       0x0000006e       0x6e c:/nxp/lpcxpresso_8.2.0_647/lpcxpresso/tools/bin/../lib/gcc/arm-none-eabi/5.3.1/../../../../arm-none-eabi/lib/armv7-m\libcr_newlib_nohost.a(_cr_sbrk.o)
                                 0x6f (size before relaxing)
 .comment       0x000000dc       0x6f c:/nxp/lpcxpresso_8.2.0_647/lpcxpresso/tools/bin/../lib/gcc/arm-none-eabi/5.3.1/../../../../arm-none-eabi/lib/armv7-m\libcr_newlib_nohost.a(_cr_check_heap.o)

.ARM.attributes
                0x00000000       0x31
 .ARM.attributes
                0x00000000       0x33 ./src/Lab2.o
 .ARM.attributes
                0x00000033       0x33 ./src/cr_startup_lpc15xx.o
 .ARM.attributes
                0x00000066       0x33 ./src/sysinit.o
 .ARM.attributes
                0x00000099       0x33 ./freertos/src/FreeRTOSCommonHooks.o
 .ARM.attributes
                0x000000cc       0x33 ./freertos/src/heap_3.o
 .ARM.attributes
                0x000000ff       0x33 ./freertos/src/list.o
 .ARM.attributes
                0x00000132       0x33 ./freertos/src/port.o
 .ARM.attributes
                0x00000165       0x33 ./freertos/src/queue.o
 .ARM.attributes
                0x00000198       0x33 ./freertos/src/tasks.o
 .ARM.attributes
                0x000001cb       0x33 C:\Users\Jaakko\Documents\LPCXpresso_8.2.0_647\workspace\lpc_board_nxp_lpcxpresso_1549\Debug\liblpc_board_nxp_lpcxpresso_1549.a(board.o)
 .ARM.attributes
                0x000001fe       0x33 C:\Users\Jaakko\Documents\LPCXpresso_8.2.0_647\workspace\lpc_board_nxp_lpcxpresso_1549\Debug\liblpc_board_nxp_lpcxpresso_1549.a(board_sysinit.o)
 .ARM.attributes
                0x00000231       0x33 C:\Users\Jaakko\Documents\LPCXpresso_8.2.0_647\workspace\lpc_chip_15xx\Debug\liblpc_chip_15xx.a(chip_15xx.o)
 .ARM.attributes
                0x00000264       0x33 C:\Users\Jaakko\Documents\LPCXpresso_8.2.0_647\workspace\lpc_chip_15xx\Debug\liblpc_chip_15xx.a(clock_15xx.o)
 .ARM.attributes
                0x00000297       0x33 C:\Users\Jaakko\Documents\LPCXpresso_8.2.0_647\workspace\lpc_chip_15xx\Debug\liblpc_chip_15xx.a(gpio_15xx.o)
 .ARM.attributes
                0x000002ca       0x33 C:\Users\Jaakko\Documents\LPCXpresso_8.2.0_647\workspace\lpc_chip_15xx\Debug\liblpc_chip_15xx.a(iocon_15xx.o)
 .ARM.attributes
                0x000002fd       0x33 C:\Users\Jaakko\Documents\LPCXpresso_8.2.0_647\workspace\lpc_chip_15xx\Debug\liblpc_chip_15xx.a(swm_15xx.o)
 .ARM.attributes
                0x00000330       0x33 C:\Users\Jaakko\Documents\LPCXpresso_8.2.0_647\workspace\lpc_chip_15xx\Debug\liblpc_chip_15xx.a(sysctl_15xx.o)
 .ARM.attributes
                0x00000363       0x33 C:\Users\Jaakko\Documents\LPCXpresso_8.2.0_647\workspace\lpc_chip_15xx\Debug\liblpc_chip_15xx.a(sysinit_15xx.o)
 .ARM.attributes
                0x00000396       0x33 C:\Users\Jaakko\Documents\LPCXpresso_8.2.0_647\workspace\lpc_chip_15xx\Debug\liblpc_chip_15xx.a(uart_15xx.o)
 .ARM.attributes
                0x000003c9       0x1d c:/nxp/lpcxpresso_8.2.0_647/lpcxpresso/tools/bin/../lib/gcc/arm-none-eabi/5.3.1/armv7-m\libgcc.a(_aeabi_uldivmod.o)
 .ARM.attributes
                0x000003e6       0x2d c:/nxp/lpcxpresso_8.2.0_647/lpcxpresso/tools/bin/../lib/gcc/arm-none-eabi/5.3.1/armv7-m\libgcc.a(_udivmoddi4.o)
 .ARM.attributes
                0x00000413       0x1d c:/nxp/lpcxpresso_8.2.0_647/lpcxpresso/tools/bin/../lib/gcc/arm-none-eabi/5.3.1/armv7-m\libgcc.a(_dvmd_tls.o)
 .ARM.attributes
                0x00000430       0x2d c:/nxp/lpcxpresso_8.2.0_647/lpcxpresso/tools/bin/../lib/gcc/arm-none-eabi/5.3.1/../../../../arm-none-eabi/lib/armv7-m\libc.a(lib_a-impure.o)
 .ARM.attributes
                0x0000045d       0x2d c:/nxp/lpcxpresso_8.2.0_647/lpcxpresso/tools/bin/../lib/gcc/arm-none-eabi/5.3.1/../../../../arm-none-eabi/lib/armv7-m\libc.a(lib_a-init.o)
 .ARM.attributes
                0x0000048a       0x2d c:/nxp/lpcxpresso_8.2.0_647/lpcxpresso/tools/bin/../lib/gcc/arm-none-eabi/5.3.1/../../../../arm-none-eabi/lib/armv7-m\libc.a(lib_a-malloc.o)
 .ARM.attributes
                0x000004b7       0x2d c:/nxp/lpcxpresso_8.2.0_647/lpcxpresso/tools/bin/../lib/gcc/arm-none-eabi/5.3.1/../../../../arm-none-eabi/lib/armv7-m\libc.a(lib_a-mallocr.o)
 .ARM.attributes
                0x000004e4       0x1b c:/nxp/lpcxpresso_8.2.0_647/lpcxpresso/tools/bin/../lib/gcc/arm-none-eabi/5.3.1/../../../../arm-none-eabi/lib/armv7-m\libc.a(lib_a-memcpy.o)
 .ARM.attributes
                0x000004ff       0x2d c:/nxp/lpcxpresso_8.2.0_647/lpcxpresso/tools/bin/../lib/gcc/arm-none-eabi/5.3.1/../../../../arm-none-eabi/lib/armv7-m\libc.a(lib_a-memset.o)
 .ARM.attributes
                0x0000052c       0x2d c:/nxp/lpcxpresso_8.2.0_647/lpcxpresso/tools/bin/../lib/gcc/arm-none-eabi/5.3.1/../../../../arm-none-eabi/lib/armv7-m\libc.a(lib_a-mlock.o)
 .ARM.attributes
                0x00000559       0x2d c:/nxp/lpcxpresso_8.2.0_647/lpcxpresso/tools/bin/../lib/gcc/arm-none-eabi/5.3.1/../../../../arm-none-eabi/lib/armv7-m\libc.a(lib_a-reent.o)
 .ARM.attributes
                0x00000586       0x2d c:/nxp/lpcxpresso_8.2.0_647/lpcxpresso/tools/bin/../lib/gcc/arm-none-eabi/5.3.1/../../../../arm-none-eabi/lib/armv7-m\libc.a(lib_a-sbrkr.o)
 .ARM.attributes
                0x000005b3       0x2d c:/nxp/lpcxpresso_8.2.0_647/lpcxpresso/tools/bin/../lib/gcc/arm-none-eabi/5.3.1/../../../../arm-none-eabi/lib/armv7-m\libc.a(lib_a-freer.o)
 .ARM.attributes
                0x000005e0       0x33 c:/nxp/lpcxpresso_8.2.0_647/lpcxpresso/tools/bin/../lib/gcc/arm-none-eabi/5.3.1/../../../../arm-none-eabi/lib/armv7-m\libcr_newlib_nohost.a(_cr_sbrk.o)
 .ARM.attributes
                0x00000613       0x33 c:/nxp/lpcxpresso_8.2.0_647/lpcxpresso/tools/bin/../lib/gcc/arm-none-eabi/5.3.1/../../../../arm-none-eabi/lib/armv7-m\libcr_newlib_nohost.a(_cr_check_heap.o)
 .ARM.attributes
                0x00000646       0x1d c:/nxp/lpcxpresso_8.2.0_647/lpcxpresso/tools/bin/../lib/gcc/arm-none-eabi/5.3.1/armv7-m\crti.o
 .ARM.attributes
                0x00000663       0x1d c:/nxp/lpcxpresso_8.2.0_647/lpcxpresso/tools/bin/../lib/gcc/arm-none-eabi/5.3.1/armv7-m\crtn.o
 .ARM.attributes
                0x00000680       0x2d c:/nxp/lpcxpresso_8.2.0_647/lpcxpresso/tools/bin/../lib/gcc/arm-none-eabi/5.3.1/armv7-m\crtbegin.o
 .ARM.attributes
                0x000006ad       0x2d c:/nxp/lpcxpresso_8.2.0_647/lpcxpresso/tools/bin/../lib/gcc/arm-none-eabi/5.3.1/../../../../arm-none-eabi/lib/armv7-m\libc.a(lib_a-errno.o)

.debug_frame    0x00000000     0x293c
 .debug_frame   0x00000000      0x184 ./src/Lab2.o
 .debug_frame   0x00000184      0x170 ./src/cr_startup_lpc15xx.o
 .debug_frame   0x000002f4       0x2c ./src/sysinit.o
 .debug_frame   0x00000320       0xb0 ./freertos/src/FreeRTOSCommonHooks.o
 .debug_frame   0x000003d0       0x58 ./freertos/src/heap_3.o
 .debug_frame   0x00000428       0xd8 ./freertos/src/list.o
 .debug_frame   0x00000500      0x198 ./freertos/src/port.o
 .debug_frame   0x00000698      0x498 ./freertos/src/queue.o
 .debug_frame   0x00000b30      0x854 ./freertos/src/tasks.o
 .debug_frame   0x00001384      0x360 C:\Users\Jaakko\Documents\LPCXpresso_8.2.0_647\workspace\lpc_board_nxp_lpcxpresso_1549\Debug\liblpc_board_nxp_lpcxpresso_1549.a(board.o)
 .debug_frame   0x000016e4      0x14c C:\Users\Jaakko\Documents\LPCXpresso_8.2.0_647\workspace\lpc_board_nxp_lpcxpresso_1549\Debug\liblpc_board_nxp_lpcxpresso_1549.a(board_sysinit.o)
 .debug_frame   0x00001830      0x104 C:\Users\Jaakko\Documents\LPCXpresso_8.2.0_647\workspace\lpc_chip_15xx\Debug\liblpc_chip_15xx.a(chip_15xx.o)
 .debug_frame   0x00001934      0x4b0 C:\Users\Jaakko\Documents\LPCXpresso_8.2.0_647\workspace\lpc_chip_15xx\Debug\liblpc_chip_15xx.a(clock_15xx.o)
 .debug_frame   0x00001de4      0x1b4 C:\Users\Jaakko\Documents\LPCXpresso_8.2.0_647\workspace\lpc_chip_15xx\Debug\liblpc_chip_15xx.a(gpio_15xx.o)
 .debug_frame   0x00001f98       0x5c C:\Users\Jaakko\Documents\LPCXpresso_8.2.0_647\workspace\lpc_chip_15xx\Debug\liblpc_chip_15xx.a(iocon_15xx.o)
 .debug_frame   0x00001ff4       0xd4 C:\Users\Jaakko\Documents\LPCXpresso_8.2.0_647\workspace\lpc_chip_15xx\Debug\liblpc_chip_15xx.a(swm_15xx.o)
 .debug_frame   0x000020c8      0x124 C:\Users\Jaakko\Documents\LPCXpresso_8.2.0_647\workspace\lpc_chip_15xx\Debug\liblpc_chip_15xx.a(sysctl_15xx.o)
 .debug_frame   0x000021ec      0x134 C:\Users\Jaakko\Documents\LPCXpresso_8.2.0_647\workspace\lpc_chip_15xx\Debug\liblpc_chip_15xx.a(sysinit_15xx.o)
 .debug_frame   0x00002320      0x340 C:\Users\Jaakko\Documents\LPCXpresso_8.2.0_647\workspace\lpc_chip_15xx\Debug\liblpc_chip_15xx.a(uart_15xx.o)
 .debug_frame   0x00002660       0x2c c:/nxp/lpcxpresso_8.2.0_647/lpcxpresso/tools/bin/../lib/gcc/arm-none-eabi/5.3.1/armv7-m\libgcc.a(_aeabi_uldivmod.o)
 .debug_frame   0x0000268c       0x38 c:/nxp/lpcxpresso_8.2.0_647/lpcxpresso/tools/bin/../lib/gcc/arm-none-eabi/5.3.1/armv7-m\libgcc.a(_udivmoddi4.o)
 .debug_frame   0x000026c4       0x2c c:/nxp/lpcxpresso_8.2.0_647/lpcxpresso/tools/bin/../lib/gcc/arm-none-eabi/5.3.1/../../../../arm-none-eabi/lib/armv7-m\libc.a(lib_a-init.o)
 .debug_frame   0x000026f0       0x30 c:/nxp/lpcxpresso_8.2.0_647/lpcxpresso/tools/bin/../lib/gcc/arm-none-eabi/5.3.1/../../../../arm-none-eabi/lib/armv7-m\libc.a(lib_a-malloc.o)
 .debug_frame   0x00002720       0x54 c:/nxp/lpcxpresso_8.2.0_647/lpcxpresso/tools/bin/../lib/gcc/arm-none-eabi/5.3.1/../../../../arm-none-eabi/lib/armv7-m\libc.a(lib_a-mallocr.o)
 .debug_frame   0x00002774       0x34 c:/nxp/lpcxpresso_8.2.0_647/lpcxpresso/tools/bin/../lib/gcc/arm-none-eabi/5.3.1/../../../../arm-none-eabi/lib/armv7-m\libc.a(lib_a-memset.o)
 .debug_frame   0x000027a8       0x30 c:/nxp/lpcxpresso_8.2.0_647/lpcxpresso/tools/bin/../lib/gcc/arm-none-eabi/5.3.1/../../../../arm-none-eabi/lib/armv7-m\libc.a(lib_a-mlock.o)
 .debug_frame   0x000027d8       0x58 c:/nxp/lpcxpresso_8.2.0_647/lpcxpresso/tools/bin/../lib/gcc/arm-none-eabi/5.3.1/../../../../arm-none-eabi/lib/armv7-m\libc.a(lib_a-reent.o)
 .debug_frame   0x00002830       0x2c c:/nxp/lpcxpresso_8.2.0_647/lpcxpresso/tools/bin/../lib/gcc/arm-none-eabi/5.3.1/../../../../arm-none-eabi/lib/armv7-m\libc.a(lib_a-sbrkr.o)
 .debug_frame   0x0000285c       0x74 c:/nxp/lpcxpresso_8.2.0_647/lpcxpresso/tools/bin/../lib/gcc/arm-none-eabi/5.3.1/../../../../arm-none-eabi/lib/armv7-m\libc.a(lib_a-freer.o)
 .debug_frame   0x000028d0       0x2c c:/nxp/lpcxpresso_8.2.0_647/lpcxpresso/tools/bin/../lib/gcc/arm-none-eabi/5.3.1/../../../../arm-none-eabi/lib/armv7-m\libcr_newlib_nohost.a(_cr_sbrk.o)
 .debug_frame   0x000028fc       0x20 c:/nxp/lpcxpresso_8.2.0_647/lpcxpresso/tools/bin/../lib/gcc/arm-none-eabi/5.3.1/../../../../arm-none-eabi/lib/armv7-m\libcr_newlib_nohost.a(_cr_check_heap.o)
 .debug_frame   0x0000291c       0x20 c:/nxp/lpcxpresso_8.2.0_647/lpcxpresso/tools/bin/../lib/gcc/arm-none-eabi/5.3.1/../../../../arm-none-eabi/lib/armv7-m\libc.a(lib_a-errno.o)

.debug_loc      0x00000000       0x81
 .debug_loc     0x00000000       0x47 c:/nxp/lpcxpresso_8.2.0_647/lpcxpresso/tools/bin/../lib/gcc/arm-none-eabi/5.3.1/../../../../arm-none-eabi/lib/armv7-m\libcr_newlib_nohost.a(_cr_sbrk.o)
 .debug_loc     0x00000047       0x3a c:/nxp/lpcxpresso_8.2.0_647/lpcxpresso/tools/bin/../lib/gcc/arm-none-eabi/5.3.1/../../../../arm-none-eabi/lib/armv7-m\libcr_newlib_nohost.a(_cr_check_heap.o)
