Archive member included to satisfy reference by file (symbol)

C:\Users\Jaakko\Documents\LPCXpresso_8.2.0_647\workspace\lpc_board_nxp_lpcxpresso_1549\Debug\liblpc_board_nxp_lpcxpresso_1549.a(board.o)
                              ./src/Lab2.o (Board_UARTGetChar)
C:\Users\Jaakko\Documents\LPCXpresso_8.2.0_647\workspace\lpc_board_nxp_lpcxpresso_1549\Debug\liblpc_board_nxp_lpcxpresso_1549.a(board_sysinit.o)
                              ./src/sysinit.o (Board_SystemInit)
C:\Users\Jaakko\Documents\LPCXpresso_8.2.0_647\workspace\lpc_chip_15xx\Debug\liblpc_chip_15xx.a(chip_15xx.o)
                              ./freertos/src/port.o (SystemCoreClock)
C:\Users\Jaakko\Documents\LPCXpresso_8.2.0_647\workspace\lpc_chip_15xx\Debug\liblpc_chip_15xx.a(clock_15xx.o)
                              C:\Users\Jaakko\Documents\LPCXpresso_8.2.0_647\workspace\lpc_board_nxp_lpcxpresso_1549\Debug\liblpc_board_nxp_lpcxpresso_1549.a(board.o) (Chip_Clock_GetMainClockRate)
C:\Users\Jaakko\Documents\LPCXpresso_8.2.0_647\workspace\lpc_chip_15xx\Debug\liblpc_chip_15xx.a(gpio_15xx.o)
                              C:\Users\Jaakko\Documents\LPCXpresso_8.2.0_647\workspace\lpc_board_nxp_lpcxpresso_1549\Debug\liblpc_board_nxp_lpcxpresso_1549.a(board.o) (Chip_GPIO_Init)
C:\Users\Jaakko\Documents\LPCXpresso_8.2.0_647\workspace\lpc_chip_15xx\Debug\liblpc_chip_15xx.a(iocon_15xx.o)
                              C:\Users\Jaakko\Documents\LPCXpresso_8.2.0_647\workspace\lpc_board_nxp_lpcxpresso_1549\Debug\liblpc_board_nxp_lpcxpresso_1549.a(board_sysinit.o) (Chip_IOCON_SetPinMuxing)
C:\Users\Jaakko\Documents\LPCXpresso_8.2.0_647\workspace\lpc_chip_15xx\Debug\liblpc_chip_15xx.a(swm_15xx.o)
                              C:\Users\Jaakko\Documents\LPCXpresso_8.2.0_647\workspace\lpc_board_nxp_lpcxpresso_1549\Debug\liblpc_board_nxp_lpcxpresso_1549.a(board.o) (Chip_SWM_MovablePinAssign)
C:\Users\Jaakko\Documents\LPCXpresso_8.2.0_647\workspace\lpc_chip_15xx\Debug\liblpc_chip_15xx.a(sysctl_15xx.o)
                              C:\Users\Jaakko\Documents\LPCXpresso_8.2.0_647\workspace\lpc_board_nxp_lpcxpresso_1549\Debug\liblpc_board_nxp_lpcxpresso_1549.a(board_sysinit.o) (Chip_SYSCTL_AssertPeriphReset)
C:\Users\Jaakko\Documents\LPCXpresso_8.2.0_647\workspace\lpc_chip_15xx\Debug\liblpc_chip_15xx.a(sysinit_15xx.o)
                              C:\Users\Jaakko\Documents\LPCXpresso_8.2.0_647\workspace\lpc_board_nxp_lpcxpresso_1549\Debug\liblpc_board_nxp_lpcxpresso_1549.a(board_sysinit.o) (Chip_SetupXtalClocking)
C:\Users\Jaakko\Documents\LPCXpresso_8.2.0_647\workspace\lpc_chip_15xx\Debug\liblpc_chip_15xx.a(uart_15xx.o)
                              C:\Users\Jaakko\Documents\LPCXpresso_8.2.0_647\workspace\lpc_board_nxp_lpcxpresso_1549\Debug\liblpc_board_nxp_lpcxpresso_1549.a(board.o) (Chip_UART_Init)
C:\Users\Jaakko\Documents\LPCXpresso_8.2.0_647\workspace\lpc_chip_15xx\Debug\liblpc_chip_15xx.a(ring_buffer.o)
                              C:\Users\Jaakko\Documents\LPCXpresso_8.2.0_647\workspace\lpc_chip_15xx\Debug\liblpc_chip_15xx.a(uart_15xx.o) (RingBuffer_Insert)
c:/nxp/lpcxpresso_8.2.0_647/lpcxpresso/tools/bin/../lib/gcc/arm-none-eabi/5.3.1/armv7-m\libgcc.a(_aeabi_uldivmod.o)
                              C:\Users\Jaakko\Documents\LPCXpresso_8.2.0_647\workspace\lpc_chip_15xx\Debug\liblpc_chip_15xx.a(clock_15xx.o) (__aeabi_uldivmod)
c:/nxp/lpcxpresso_8.2.0_647/lpcxpresso/tools/bin/../lib/gcc/arm-none-eabi/5.3.1/armv7-m\libgcc.a(_udivmoddi4.o)
                              c:/nxp/lpcxpresso_8.2.0_647/lpcxpresso/tools/bin/../lib/gcc/arm-none-eabi/5.3.1/armv7-m\libgcc.a(_aeabi_uldivmod.o) (__udivmoddi4)
c:/nxp/lpcxpresso_8.2.0_647/lpcxpresso/tools/bin/../lib/gcc/arm-none-eabi/5.3.1/armv7-m\libgcc.a(_dvmd_tls.o)
                              c:/nxp/lpcxpresso_8.2.0_647/lpcxpresso/tools/bin/../lib/gcc/arm-none-eabi/5.3.1/armv7-m\libgcc.a(_aeabi_uldivmod.o) (__aeabi_ldiv0)
c:/nxp/lpcxpresso_8.2.0_647/lpcxpresso/tools/bin/../lib/gcc/arm-none-eabi/5.3.1/../../../../arm-none-eabi/lib/armv7-m\libc.a(lib_a-impure.o)
                              ./freertos/src/tasks.o (_impure_ptr)
c:/nxp/lpcxpresso_8.2.0_647/lpcxpresso/tools/bin/../lib/gcc/arm-none-eabi/5.3.1/../../../../arm-none-eabi/lib/armv7-m\libc.a(lib_a-init.o)
                              ./src/cr_startup_lpc15xx.o (__libc_init_array)
c:/nxp/lpcxpresso_8.2.0_647/lpcxpresso/tools/bin/../lib/gcc/arm-none-eabi/5.3.1/../../../../arm-none-eabi/lib/armv7-m\libc.a(lib_a-malloc.o)
                              ./src/cr_cpp_config.o (malloc)
c:/nxp/lpcxpresso_8.2.0_647/lpcxpresso/tools/bin/../lib/gcc/arm-none-eabi/5.3.1/../../../../arm-none-eabi/lib/armv7-m\libc.a(lib_a-mallocr.o)
                              c:/nxp/lpcxpresso_8.2.0_647/lpcxpresso/tools/bin/../lib/gcc/arm-none-eabi/5.3.1/../../../../arm-none-eabi/lib/armv7-m\libc.a(lib_a-malloc.o) (_malloc_r)
c:/nxp/lpcxpresso_8.2.0_647/lpcxpresso/tools/bin/../lib/gcc/arm-none-eabi/5.3.1/../../../../arm-none-eabi/lib/armv7-m\libc.a(lib_a-memcpy.o)
[...]
Memory Configuration

Name             Origin             Length             Attributes
MFlash256        0x00000000         0x00040000         xr
Ram0_16          0x02000000         0x00004000         xrw
Ram1_16          0x02004000         0x00004000         xrw
Ram2_4           0x02008000         0x00001000         xrw
*default*        0x00000000         0xffffffff

Linker script and memory map

LOAD ./src/Lab2.o
LOAD ./src/cr_cpp_config.o
LOAD ./src/cr_startup_lpc15xx.o
LOAD ./src/crp.o
LOAD ./src/sysinit.o
LOAD ./freertos/src/FreeRTOSCommonHooks.o
LOAD ./freertos/src/croutine.o
LOAD ./freertos/src/event_groups.o
LOAD ./freertos/src/heap_3.o
LOAD ./freertos/src/list.o
LOAD ./freertos/src/port.o
LOAD ./freertos/src/queue.o
LOAD ./freertos/src/tasks.o
LOAD ./freertos/src/timers.o
LOAD C:\Users\Jaakko\Documents\LPCXpresso_8.2.0_647\workspace\lpc_board_nxp_lpcxpresso_1549\Debug\liblpc_board_nxp_lpcxpresso_1549.a
LOAD C:\Users\Jaakko\Documents\LPCXpresso_8.2.0_647\workspace\lpc_chip_15xx\Debug\liblpc_chip_15xx.a
START GROUP
LOAD c:/nxp/lpcxpresso_8.2.0_647/lpcxpresso/tools/bin/../lib/gcc/arm-none-eabi/5.3.1/armv7-m\libgcc.a
LOAD c:/nxp/lpcxpresso_8.2.0_647/lpcxpresso/tools/bin/../lib/gcc/arm-none-eabi/5.3.1/../../../../arm-none-eabi/lib/armv7-m\libc.a
LOAD c:/nxp/lpcxpresso_8.2.0_647/lpcxpresso/tools/bin/../lib/gcc/arm-none-eabi/5.3.1/../../../../arm-none-eabi/lib/armv7-m\libstdc++.a
LOAD c:/nxp/lpcxpresso_8.2.0_647/lpcxpresso/tools/bin/../lib/gcc/arm-none-eabi/5.3.1/../../../../arm-none-eabi/lib/armv7-m\libm.a
LOAD c:/nxp/lpcxpresso_8.2.0_647/lpcxpresso/tools/bin/../lib/gcc/arm-none-eabi/5.3.1/../../../../arm-none-eabi/lib/armv7-m\libcr_newlib_nohost.a
LOAD c:/nxp/lpcxpresso_8.2.0_647/lpcxpresso/tools/bin/../lib/gcc/arm-none-eabi/5.3.1/armv7-m\crti.o
LOAD c:/nxp/lpcxpresso_8.2.0_647/lpcxpresso/tools/bin/../lib/gcc/arm-none-eabi/5.3.1/armv7-m\crtn.o
LOAD c:/nxp/lpcxpresso_8.2.0_647/lpcxpresso/tools/bin/../lib/gcc/arm-none-eabi/5.3.1/armv7-m\crtbegin.o
LOAD c:/nxp/lpcxpresso_8.2.0_647/lpcxpresso/tools/bin/../lib/gcc/arm-none-eabi/5.3.1/armv7-m\crtend.o
END GROUP
                0x00000000                __base_MFlash256 = 0x0
                0x00000000                __base_Flash = 0x0
                0x00040000                __top_MFlash256 = 0x40000
                0x00040000                __top_Flash = 0x40000
                0x02000000                __base_Ram0_16 = 0x2000000
                0x02000000                __base_RAM = 0x2000000
                0x02004000                __top_Ram0_16 = 0x2004000
                0x02004000                __top_RAM = 0x2004000
                0x02004000                __base_Ram1_16 = 0x2004000
                0x02004000                __base_RAM2 = 0x2004000
                0x02008000                __top_Ram1_16 = 0x2008000
                0x02008000                __top_RAM2 = 0x2008000
                0x02008000                __base_Ram2_4 = 0x2008000
                0x02008000                __base_RAM3 = 0x2008000
                0x02009000                __top_Ram2_4 = 0x2009000
                0x02009000                __top_RAM3 = 0x2009000

.text           0x00000000     0xa0d4
 FILL mask 0xff
                0x00000000                __vectors_start__ = ABSOLUTE (.)
 *(.isr_vector)
 .isr_vector    0x00000000       0xfc ./src/cr_startup_lpc15xx.o
                0x00000000                g_pfnVectors
                0x000000fc                . = ALIGN (0x4)
                0x000000fc                __section_table_start = .
                0x000000fc                __data_section_table = .
                0x000000fc        0x4 LONG 0xa0dc LOADADDR (.data)
                0x00000100        0x4 LONG 0x2000000 ADDR (.data)
                0x00000104        0x4 LONG 0x8a4 SIZEOF (.data)
                0x00000108        0x4 LONG 0xa0dc LOADADDR (.data_RAM2)
                0x0000010c        0x4 LONG 0x2004000 ADDR (.data_RAM2)
                0x00000110        0x4 LONG 0x0 SIZEOF (.data_RAM2)
                0x00000114        0x4 LONG 0xa0dc LOADADDR (.data_RAM3)
                0x00000118        0x4 LONG 0x2008000 ADDR (.data_RAM3)
                0x0000011c        0x4 LONG 0x0 SIZEOF (.data_RAM3)
                0x00000120                __data_section_table_end = .
                0x00000120                __bss_section_table = .
                0x00000120        0x4 LONG 0x20008a4 ADDR (.bss)
                0x00000124        0x4 LONG 0x1b4 SIZEOF (.bss)
                0x00000128        0x4 LONG 0x2004000 ADDR (.bss_RAM2)
                0x0000012c        0x4 LONG 0x0 SIZEOF (.bss_RAM2)
                0x00000130        0x4 LONG 0x2008000 ADDR (.bss_RAM3)
                0x00000134        0x4 LONG 0x0 SIZEOF (.bss_RAM3)
                0x00000138                __bss_section_table_end = .
                0x00000138                __section_table_end = .
 *(.after_vectors*)
 .after_vectors
                0x00000138      0x158 ./src/cr_startup_lpc15xx.o
                0x00000138                data_init(unsigned int, unsigned int, unsigned int)
                0x0000017c                bss_init(unsigned int, unsigned int)
                0x000001b4                ResetISR
                0x00000240                NMI_Handler
                0x00000248                HardFault_Handler
                0x00000250                MemManage_Handler
                0x00000258                BusFault_Handler
                0x00000260                UsageFault_Handler
                0x00000270                DebugMon_Handler
                0x00000288                UART1_IRQHandler
                0x00000288                RTC_WAKE_IRQHandler
                0x00000288                UART0_IRQHandler
                0x00000288                MRT_IRQHandler
                0x00000288                ADC1_THCMP_IRQHandler
                0x00000288                SPI1_IRQHandler
                0x00000288                PIN_INT6_IRQHandler
                0x00000288                IntDefaultHandler
                0x00000288                PIN_INT4_IRQHandler
                0x00000288                CAN_IRQHandler
                0x00000288                RTC_ALARM_IRQHandler
                0x00000288                ADC1B_IRQHandler
                0x00000288                ADC1_OVR_IRQHandler
                0x00000288                USBWakeup_IRQHandler
                0x00000288                UART2_IRQHandler
                0x00000288                ADC0_OVR_IRQHandler
                0x00000288                SCT1_IRQHandler
                0x00000288                PIN_INT2_IRQHandler
                0x00000288                USB_FIQHandler
                0x00000288                SCT3_IRQHandler
                0x00000288                PIN_INT7_IRQHandler
                0x00000288                I2C0_IRQHandler
                0x00000288                PIN_INT1_IRQHandler
                0x00000288                USB_IRQHandler
                0x00000288                BOD_IRQHandler
                0x00000288                ADC0B_IRQHandler
                0x00000288                ACMP0_IRQHandler
                0x00000288                RIT_IRQHandler
                0x00000288                SCT2_IRQHandler
                0x00000288                WDT_IRQHandler
                0x00000288                PIN_INT0_IRQHandler
                0x00000288                QEI_IRQHandler
                0x00000288                ACMP3_IRQHandler
                0x00000288                GINT0_IRQHandler
                0x00000288                DAC_IRQHandler
                0x00000288                SPI0_IRQHandler
                0x00000288                EEPROM_IRQHandler
                0x00000288                ACMP2_IRQHandler
                0x00000288                PIN_INT5_IRQHandler
                0x00000288                ADC1A_IRQHandler
                0x00000288                DMA_IRQHandler
                0x00000288                PIN_INT3_IRQHandler
                0x00000288                ACMP1_IRQHandler
                0x00000288                SCT0_IRQHandler
                0x00000288                ADC0A_IRQHandler
                0x00000288                FMC_IRQHandler
                0x00000288                GINT1_IRQHandler
                0x00000288                ADC0_THCMP_IRQHandler
 *(.text*)
 .text.Chip_IOCON_PinMuxSet
                0x00000290       0x2c ./src/Lab2.o
 .text.Chip_GPIO_GetPinState
                0x000002bc       0x34 ./src/Lab2.o
 .text.Chip_GPIO_SetPinDIRInput
                0x000002f0       0x40 ./src/Lab2.o
 .text._ZL5task1Pv
                0x00000330       0x80 ./src/Lab2.o
 .text._ZL5task2Pv
                0x000003b0       0x80 ./src/Lab2.o
 .text._ZL9readCharsPv
                0x00000430       0x50 ./src/Lab2.o
 .text._ZL13receivedCharsPv
                0x00000480       0x4c ./src/Lab2.o
 .text.main     0x000004cc       0xe0 ./src/Lab2.o
                0x000004cc                main
 .text._Z41__static_initialization_and_destruction_0ii
                0x000005ac       0x44 ./src/Lab2.o
 .text._GLOBAL__sub_I_xMutex
                0x000005f0       0x10 ./src/Lab2.o
 .text.SystemInit
                0x00000600        0xc ./src/sysinit.o
                0x00000600                SystemInit
 .text.vApplicationIdleHook
                0x0000060c       0x10 ./freertos/src/FreeRTOSCommonHooks.o
                0x0000060c                vApplicationIdleHook
 .text.pvPortMalloc
                0x0000061c       0x24 ./freertos/src/heap_3.o
                0x0000061c                pvPortMalloc
 .text.vPortFree
                0x00000640       0x24 ./freertos/src/heap_3.o
                0x00000640                vPortFree
 .text.vListInitialise
                0x00000664       0x40 ./freertos/src/list.o
                0x00000664                vListInitialise
 .text.vListInitialiseItem
                0x000006a4       0x18 ./freertos/src/list.o
                0x000006a4                vListInitialiseItem
 .text.vListInsertEnd
                0x000006bc       0x48 ./freertos/src/list.o
                0x000006bc                vListInsertEnd
 .text.vListInsert
                0x00000704       0x70 ./freertos/src/list.o
                0x00000704                vListInsert
 .text.uxListRemove
                0x00000774       0x54 ./freertos/src/list.o
                0x00000774                uxListRemove
 .text.pxPortInitialiseStack
                0x000007c8       0x54 ./freertos/src/port.o
                0x000007c8                pxPortInitialiseStack
 .text.prvTaskExitError
                0x0000081c        0xc ./freertos/src/port.o
 .text.SVC_Handler
                0x00000828       0x28 ./freertos/src/port.o
                0x00000828                SVC_Handler
 .text.prvPortStartFirstTask
                0x00000850       0x20 ./freertos/src/port.o
 .text.xPortStartScheduler
                0x00000870       0x3c ./freertos/src/port.o
                0x00000870                xPortStartScheduler
 .text.vPortYield
                0x000008ac       0x20 ./freertos/src/port.o
                0x000008ac                vPortYield
 .text.vPortEnterCritical
                0x000008cc       0x24 ./freertos/src/port.o
                0x000008cc                vPortEnterCritical
 .text.vPortExitCritical
                0x000008f0       0x24 ./freertos/src/port.o
                0x000008f0                vPortExitCritical
 .text.ulPortSetInterruptMask
                0x00000914       0x14 ./freertos/src/port.o
                0x00000914                ulPortSetInterruptMask
 .text.vPortClearInterruptMask
                0x00000928        0x8 ./freertos/src/port.o
                0x00000928                vPortClearInterruptMask
 .text.PendSV_Handler
                0x00000930       0x48 ./freertos/src/port.o
                0x00000930                PendSV_Handler
 .text.SysTick_Handler
                0x00000978       0x28 ./freertos/src/port.o
                0x00000978                SysTick_Handler
 .text.vPortSuppressTicksAndSleep
                0x000009a0      0x17c ./freertos/src/port.o
                0x000009a0                vPortSuppressTicksAndSleep
 .text.vPortSetupTimerInterrupt
                0x00000b1c       0x78 ./freertos/src/port.o
                0x00000b1c                vPortSetupTimerInterrupt
 .text.xQueueGenericReset
                0x00000b94       0xa4 ./freertos/src/queue.o
                0x00000b94                xQueueGenericReset
 .text.xQueueGenericCreate
                0x00000c38       0x58 ./freertos/src/queue.o
                0x00000c38                xQueueGenericCreate
 .text.prvInitialiseNewQueue
                0x00000c90       0x48 ./freertos/src/queue.o
 .text.prvInitialiseMutex
                0x00000cd8       0x34 ./freertos/src/queue.o
 .text.xQueueCreateMutex
                0x00000d0c       0x30 ./freertos/src/queue.o
                0x00000d0c                xQueueCreateMutex
 .text.xQueueCreateCountingSemaphore
                0x00000d3c       0x2c ./freertos/src/queue.o
                0x00000d3c                xQueueCreateCountingSemaphore
 .text.xQueueGenericSend
                0x00000d68      0x12c ./freertos/src/queue.o
                0x00000d68                xQueueGenericSend
 .text.xQueueGenericReceive
                0x00000e94      0x188 ./freertos/src/queue.o
                0x00000e94                xQueueGenericReceive
 .text.uxQueueMessagesWaiting
                0x0000101c       0x20 ./freertos/src/queue.o
                0x0000101c                uxQueueMessagesWaiting
 .text.prvCopyDataToQueue
                0x0000103c       0xd4 ./freertos/src/queue.o
 .text.prvCopyDataFromQueue
                0x00001110       0x4c ./freertos/src/queue.o
 .text.prvUnlockQueue
                0x0000115c       0xa4 ./freertos/src/queue.o
 .text.prvIsQueueEmpty
                0x00001200       0x2c ./freertos/src/queue.o
 .text.prvIsQueueFull
                0x0000122c       0x30 ./freertos/src/queue.o
 .text.xTaskCreate
                0x0000125c       0x84 ./freertos/src/tasks.o
                0x0000125c                xTaskCreate
 .text.prvInitialiseNewTask
                0x000012e0      0x180 ./freertos/src/tasks.o
 .text.prvAddNewTaskToReadyList
                0x00001460       0xd0 ./freertos/src/tasks.o
 .text.vTaskDelay
                0x00001530       0x38 ./freertos/src/tasks.o
                0x00001530                vTaskDelay
 .text.vTaskStartScheduler
                0x00001568       0x70 ./freertos/src/tasks.o
                0x00001568                vTaskStartScheduler
 .text.vTaskSuspendAll
                0x000015d8       0x1c ./freertos/src/tasks.o
                0x000015d8                vTaskSuspendAll
 .text.prvGetExpectedIdleTime
                0x000015f4       0x6c ./freertos/src/tasks.o
 .text.xTaskResumeAll
                0x00001660      0x10c ./freertos/src/tasks.o
                0x00001660                xTaskResumeAll
 .text.vTaskStepTick
                0x0000176c       0x24 ./freertos/src/tasks.o
                0x0000176c                vTaskStepTick
 .text.xTaskIncrementTick
                0x00001790      0x15c ./freertos/src/tasks.o
                0x00001790                xTaskIncrementTick
 .text.vTaskSwitchContext
                0x000018ec       0xac ./freertos/src/tasks.o
                0x000018ec                vTaskSwitchContext
 .text.vTaskPlaceOnEventList
                0x00001998       0x2c ./freertos/src/tasks.o
                0x00001998                vTaskPlaceOnEventList
 .text.xTaskRemoveFromEventList
                0x000019c4       0xb0 ./freertos/src/tasks.o
                0x000019c4                xTaskRemoveFromEventList
 .text.vTaskSetTimeOutState
                0x00001a74       0x2c ./freertos/src/tasks.o
                0x00001a74                vTaskSetTimeOutState
 .text.xTaskCheckForTimeOut
                0x00001aa0       0x88 ./freertos/src/tasks.o
                0x00001aa0                xTaskCheckForTimeOut
 .text.vTaskMissedYield
                0x00001b28       0x18 ./freertos/src/tasks.o
                0x00001b28                vTaskMissedYield
 .text.prvIdleTask
                0x00001b40       0x48 ./freertos/src/tasks.o
 .text.eTaskConfirmSleepModeStatus
                0x00001b88       0x5c ./freertos/src/tasks.o
                0x00001b88                eTaskConfirmSleepModeStatus
 .text.prvInitialiseTaskLists
                0x00001be4       0x80 ./freertos/src/tasks.o
 .text.prvCheckTasksWaitingTermination
                0x00001c64       0x78 ./freertos/src/tasks.o
 .text.prvDeleteTCB
                0x00001cdc       0x2c ./freertos/src/tasks.o
 .text.prvResetNextTaskUnblockTime
                0x00001d08       0x48 ./freertos/src/tasks.o
 .text.vTaskPriorityInherit
                0x00001d50       0xbc ./freertos/src/tasks.o
                0x00001d50                vTaskPriorityInherit
 .text.xTaskPriorityDisinherit
                0x00001e0c       0x98 ./freertos/src/tasks.o
                0x00001e0c                xTaskPriorityDisinherit
 .text.pvTaskIncrementMutexHeldCount
                0x00001ea4       0x28 ./freertos/src/tasks.o
                0x00001ea4                pvTaskIncrementMutexHeldCount
 .text.prvAddCurrentTaskToDelayedList
                0x00001ecc       0xa8 ./freertos/src/tasks.o
 .text.Chip_IOCON_PinMuxSet
                0x00001f74       0x2c C:\Users\Jaakko\Documents\LPCXpresso_8.2.0_647\workspace\lpc_board_nxp_lpcxpresso_1549\Debug\liblpc_board_nxp_lpcxpresso_1549.a(board.o)
 .text.Chip_SWM_MovablePortPinAssign
                0x00001fa0       0x30 C:\Users\Jaakko\Documents\LPCXpresso_8.2.0_647\workspace\lpc_board_nxp_lpcxpresso_1549\Debug\liblpc_board_nxp_lpcxpresso_1549.a(board.o)
 .text.Chip_GPIO_SetPinState
                0x00001fd0       0x38 C:\Users\Jaakko\Documents\LPCXpresso_8.2.0_647\workspace\lpc_board_nxp_lpcxpresso_1549\Debug\liblpc_board_nxp_lpcxpresso_1549.a(board.o)
 .text.Chip_GPIO_SetPinDIROutput
                0x00002008       0x3c C:\Users\Jaakko\Documents\LPCXpresso_8.2.0_647\workspace\lpc_board_nxp_lpcxpresso_1549\Debug\liblpc_board_nxp_lpcxpresso_1549.a(board.o)
 .text.Chip_UART_Enable
                0x00002044       0x20 C:\Users\Jaakko\Documents\LPCXpresso_8.2.0_647\workspace\lpc_board_nxp_lpcxpresso_1549\Debug\liblpc_board_nxp_lpcxpresso_1549.a(board.o)
 .text.Chip_UART_TXEnable
                0x00002064       0x20 C:\Users\Jaakko\Documents\LPCXpresso_8.2.0_647\workspace\lpc_board_nxp_lpcxpresso_1549\Debug\liblpc_board_nxp_lpcxpresso_1549.a(board.o)
 .text.Chip_UART_ConfigData
                0x00002084       0x28 C:\Users\Jaakko\Documents\LPCXpresso_8.2.0_647\workspace\lpc_board_nxp_lpcxpresso_1549\Debug\liblpc_board_nxp_lpcxpresso_1549.a(board.o)
 .text.Board_UARTPutChar
                0x000020ac       0x24 C:\Users\Jaakko\Documents\LPCXpresso_8.2.0_647\workspace\lpc_board_nxp_lpcxpresso_1549\Debug\liblpc_board_nxp_lpcxpresso_1549.a(board.o)
                0x000020ac                Board_UARTPutChar
 .text.Board_UARTGetChar
                0x000020d0       0x2c C:\Users\Jaakko\Documents\LPCXpresso_8.2.0_647\workspace\lpc_board_nxp_lpcxpresso_1549\Debug\liblpc_board_nxp_lpcxpresso_1549.a(board.o)
                0x000020d0                Board_UARTGetChar
 .text.Board_UARTPutSTR
                0x000020fc       0x28 C:\Users\Jaakko\Documents\LPCXpresso_8.2.0_647\workspace\lpc_board_nxp_lpcxpresso_1549\Debug\liblpc_board_nxp_lpcxpresso_1549.a(board.o)
                0x000020fc                Board_UARTPutSTR
 .text.Board_Debug_Init
                0x00002124       0x70 C:\Users\Jaakko\Documents\LPCXpresso_8.2.0_647\workspace\lpc_board_nxp_lpcxpresso_1549\Debug\liblpc_board_nxp_lpcxpresso_1549.a(board.o)
                0x00002124                Board_Debug_Init
 .text.Board_LED_Init
                0x00002194       0x5c C:\Users\Jaakko\Documents\LPCXpresso_8.2.0_647\workspace\lpc_board_nxp_lpcxpresso_1549\Debug\liblpc_board_nxp_lpcxpresso_1549.a(board.o)
 .text.Board_LED_Set
                0x000021f0       0x54 C:\Users\Jaakko\Documents\LPCXpresso_8.2.0_647\workspace\lpc_board_nxp_lpcxpresso_1549\Debug\liblpc_board_nxp_lpcxpresso_1549.a(board.o)
                0x000021f0                Board_LED_Set
 .text.Board_Init
                0x00002244       0x18 C:\Users\Jaakko\Documents\LPCXpresso_8.2.0_647\workspace\lpc_board_nxp_lpcxpresso_1549\Debug\liblpc_board_nxp_lpcxpresso_1549.a(board.o)
                0x00002244                Board_Init
 .text.Chip_SYSCTL_PeriphReset
                0x0000225c       0x24 C:\Users\Jaakko\Documents\LPCXpresso_8.2.0_647\workspace\lpc_board_nxp_lpcxpresso_1549\Debug\liblpc_board_nxp_lpcxpresso_1549.a(board_sysinit.o)
 .text.Chip_Clock_SetUSBPLLSource
                0x00002280       0x20 C:\Users\Jaakko\Documents\LPCXpresso_8.2.0_647\workspace\lpc_board_nxp_lpcxpresso_1549\Debug\liblpc_board_nxp_lpcxpresso_1549.a(board_sysinit.o)
 .text.Chip_Clock_SetupUSBPLL
                0x000022a0       0x34 C:\Users\Jaakko\Documents\LPCXpresso_8.2.0_647\workspace\lpc_board_nxp_lpcxpresso_1549\Debug\liblpc_board_nxp_lpcxpresso_1549.a(board_sysinit.o)
 .text.Chip_Clock_IsUSBPLLLocked
                0x000022d4       0x24 C:\Users\Jaakko\Documents\LPCXpresso_8.2.0_647\workspace\lpc_board_nxp_lpcxpresso_1549\Debug\liblpc_board_nxp_lpcxpresso_1549.a(board_sysinit.o)
 .text.Chip_Clock_SetSysTickClockDiv
                0x000022f8       0x20 C:\Users\Jaakko\Documents\LPCXpresso_8.2.0_647\workspace\lpc_board_nxp_lpcxpresso_1549\Debug\liblpc_board_nxp_lpcxpresso_1549.a(board_sysinit.o)
 .text.Chip_SWM_MovablePortPinAssign
                0x00002318       0x30 C:\Users\Jaakko\Documents\LPCXpresso_8.2.0_647\workspace\lpc_board_nxp_lpcxpresso_1549\Debug\liblpc_board_nxp_lpcxpresso_1549.a(board_sysinit.o)
 .text.Board_SetupMuxing
                0x00002348       0x80 C:\Users\Jaakko\Documents\LPCXpresso_8.2.0_647\workspace\lpc_board_nxp_lpcxpresso_1549\Debug\liblpc_board_nxp_lpcxpresso_1549.a(board_sysinit.o)
                0x00002348                Board_SetupMuxing
 .text.Board_SetupClocking
                0x000023c8       0x3c C:\Users\Jaakko\Documents\LPCXpresso_8.2.0_647\workspace\lpc_board_nxp_lpcxpresso_1549\Debug\liblpc_board_nxp_lpcxpresso_1549.a(board_sysinit.o)
                0x000023c8                Board_SetupClocking
 .text.Board_SystemInit
                0x00002404       0x1c C:\Users\Jaakko\Documents\LPCXpresso_8.2.0_647\workspace\lpc_board_nxp_lpcxpresso_1549\Debug\liblpc_board_nxp_lpcxpresso_1549.a(board_sysinit.o)
                0x00002404                Board_SystemInit
 .text.SystemCoreClockUpdate
                0x00002420       0x18 C:\Users\Jaakko\Documents\LPCXpresso_8.2.0_647\workspace\lpc_chip_15xx\Debug\liblpc_chip_15xx.a(chip_15xx.o)
                0x00002420                SystemCoreClockUpdate
 .text.Chip_Clock_SetMain_A_ClockSource
                0x00002438       0x20 C:\Users\Jaakko\Documents\LPCXpresso_8.2.0_647\workspace\lpc_chip_15xx\Debug\liblpc_chip_15xx.a(clock_15xx.o)
 .text.Chip_Clock_GetMain_A_ClockSource
                0x00002458       0x18 C:\Users\Jaakko\Documents\LPCXpresso_8.2.0_647\workspace\lpc_chip_15xx\Debug\liblpc_chip_15xx.a(clock_15xx.o)
 .text.Chip_Clock_SetMain_B_ClockSource
                0x00002470       0x20 C:\Users\Jaakko\Documents\LPCXpresso_8.2.0_647\workspace\lpc_chip_15xx\Debug\liblpc_chip_15xx.a(clock_15xx.o)
 .text.Chip_Clock_GetMain_B_ClockSource
                0x00002490       0x18 C:\Users\Jaakko\Documents\LPCXpresso_8.2.0_647\workspace\lpc_chip_15xx\Debug\liblpc_chip_15xx.a(clock_15xx.o)
 .text.Chip_Clock_SetUARTFRGDivider
                0x000024a8       0x20 C:\Users\Jaakko\Documents\LPCXpresso_8.2.0_647\workspace\lpc_chip_15xx\Debug\liblpc_chip_15xx.a(clock_15xx.o)
 .text.Chip_Clock_GetUARTFRGDivider
                0x000024c8       0x18 C:\Users\Jaakko\Documents\LPCXpresso_8.2.0_647\workspace\lpc_chip_15xx\Debug\liblpc_chip_15xx.a(clock_15xx.o)
 .text.Chip_Clock_GetMainOscRate
                0x000024e0       0x14 C:\Users\Jaakko\Documents\LPCXpresso_8.2.0_647\workspace\lpc_chip_15xx\Debug\liblpc_chip_15xx.a(clock_15xx.o)
 .text.Chip_Clock_GetIntOscRate
                0x000024f4       0x14 C:\Users\Jaakko\Documents\LPCXpresso_8.2.0_647\workspace\lpc_chip_15xx\Debug\liblpc_chip_15xx.a(clock_15xx.o)
 .text.Chip_Clock_GetRTCOscRate
                0x00002508       0x14 C:\Users\Jaakko\Documents\LPCXpresso_8.2.0_647\workspace\lpc_chip_15xx\Debug\liblpc_chip_15xx.a(clock_15xx.o)
 .text.Chip_Clock_GetWDTOSCRate
                0x0000251c       0x14 C:\Users\Jaakko\Documents\LPCXpresso_8.2.0_647\workspace\lpc_chip_15xx\Debug\liblpc_chip_15xx.a(clock_15xx.o)
 .text.Chip_Clock_GetPLLFreq
                0x00002530       0x28 C:\Users\Jaakko\Documents\LPCXpresso_8.2.0_647\workspace\lpc_chip_15xx\Debug\liblpc_chip_15xx.a(clock_15xx.o)
 .text.Chip_Clock_GetPLLInClockRate
                0x00002558       0x38 C:\Users\Jaakko\Documents\LPCXpresso_8.2.0_647\workspace\lpc_chip_15xx\Debug\liblpc_chip_15xx.a(clock_15xx.o)
 .text.Chip_Clock_GetSystemPLLInClockRate
                0x00002590       0x1c C:\Users\Jaakko\Documents\LPCXpresso_8.2.0_647\workspace\lpc_chip_15xx\Debug\liblpc_chip_15xx.a(clock_15xx.o)
                0x00002590                Chip_Clock_GetSystemPLLInClockRate
 .text.Chip_Clock_GetSystemPLLOutClockRate
                0x000025ac       0x24 C:\Users\Jaakko\Documents\LPCXpresso_8.2.0_647\workspace\lpc_chip_15xx\Debug\liblpc_chip_15xx.a(clock_15xx.o)
                0x000025ac                Chip_Clock_GetSystemPLLOutClockRate
 .text.Chip_Clock_GetMain_A_ClockRate
                0x000025d0       0x44 C:\Users\Jaakko\Documents\LPCXpresso_8.2.0_647\workspace\lpc_chip_15xx\Debug\liblpc_chip_15xx.a(clock_15xx.o)
                0x000025d0                Chip_Clock_GetMain_A_ClockRate
 .text.Chip_Clock_GetMain_B_ClockRate
                0x00002614       0x58 C:\Users\Jaakko\Documents\LPCXpresso_8.2.0_647\workspace\lpc_chip_15xx\Debug\liblpc_chip_15xx.a(clock_15xx.o)
                0x00002614                Chip_Clock_GetMain_B_ClockRate
 .text.Chip_Clock_SetMainClockSource
                0x0000266c       0x3c C:\Users\Jaakko\Documents\LPCXpresso_8.2.0_647\workspace\lpc_chip_15xx\Debug\liblpc_chip_15xx.a(clock_15xx.o)
                0x0000266c                Chip_Clock_SetMainClockSource
 .text.Chip_Clock_GetMainClockRate
                0x000026a8       0x28 C:\Users\Jaakko\Documents\LPCXpresso_8.2.0_647\workspace\lpc_chip_15xx\Debug\liblpc_chip_15xx.a(clock_15xx.o)
                0x000026a8                Chip_Clock_GetMainClockRate
 .text.Chip_Clock_EnablePeriphClock
                0x000026d0       0x54 C:\Users\Jaakko\Documents\LPCXpresso_8.2.0_647\workspace\lpc_chip_15xx\Debug\liblpc_chip_15xx.a(clock_15xx.o)
                0x000026d0                Chip_Clock_EnablePeriphClock
 .text.Chip_Clock_GetUARTBaseClockRate
                0x00002724       0x88 C:\Users\Jaakko\Documents\LPCXpresso_8.2.0_647\workspace\lpc_chip_15xx\Debug\liblpc_chip_15xx.a(clock_15xx.o)
                0x00002724                Chip_Clock_GetUARTBaseClockRate
 .text.Chip_Clock_SetUARTBaseClockRate
                0x000027ac       0xa0 C:\Users\Jaakko\Documents\LPCXpresso_8.2.0_647\workspace\lpc_chip_15xx\Debug\liblpc_chip_15xx.a(clock_15xx.o)
                0x000027ac                Chip_Clock_SetUARTBaseClockRate
 .text.Chip_Clock_GetSystemClockRate
                0x0000284c       0x1c C:\Users\Jaakko\Documents\LPCXpresso_8.2.0_647\workspace\lpc_chip_15xx\Debug\liblpc_chip_15xx.a(clock_15xx.o)
                0x0000284c                Chip_Clock_GetSystemClockRate
 .text.Chip_SYSCTL_PeriphReset
                0x00002868       0x24 C:\Users\Jaakko\Documents\LPCXpresso_8.2.0_647\workspace\lpc_chip_15xx\Debug\liblpc_chip_15xx.a(gpio_15xx.o)
 .text.Chip_GPIO_Init
                0x0000288c       0x30 C:\Users\Jaakko\Documents\LPCXpresso_8.2.0_647\workspace\lpc_chip_15xx\Debug\liblpc_chip_15xx.a(gpio_15xx.o)
                0x0000288c                Chip_GPIO_Init
 .text.Chip_IOCON_PinMuxSet
                0x000028bc       0x2c C:\Users\Jaakko\Documents\LPCXpresso_8.2.0_647\workspace\lpc_chip_15xx\Debug\liblpc_chip_15xx.a(iocon_15xx.o)
 .text.Chip_IOCON_SetPinMuxing
                0x000028e8       0x50 C:\Users\Jaakko\Documents\LPCXpresso_8.2.0_647\workspace\lpc_chip_15xx\Debug\liblpc_chip_15xx.a(iocon_15xx.o)
                0x000028e8                Chip_IOCON_SetPinMuxing
 .text.Chip_SWM_MovablePinAssign
                0x00002938       0x5c C:\Users\Jaakko\Documents\LPCXpresso_8.2.0_647\workspace\lpc_chip_15xx\Debug\liblpc_chip_15xx.a(swm_15xx.o)
                0x00002938                Chip_SWM_MovablePinAssign
 .text.Chip_SYSCTL_AssertPeriphReset
                0x00002994       0x48 C:\Users\Jaakko\Documents\LPCXpresso_8.2.0_647\workspace\lpc_chip_15xx\Debug\liblpc_chip_15xx.a(sysctl_15xx.o)
                0x00002994                Chip_SYSCTL_AssertPeriphReset
 .text.Chip_SYSCTL_DeassertPeriphReset
                0x000029dc       0x4c C:\Users\Jaakko\Documents\LPCXpresso_8.2.0_647\workspace\lpc_chip_15xx\Debug\liblpc_chip_15xx.a(sysctl_15xx.o)
                0x000029dc                Chip_SYSCTL_DeassertPeriphReset
 .text.Chip_SYSCTL_PowerDown
                0x00002a28       0x40 C:\Users\Jaakko\Documents\LPCXpresso_8.2.0_647\workspace\lpc_chip_15xx\Debug\liblpc_chip_15xx.a(sysctl_15xx.o)
                0x00002a28                Chip_SYSCTL_PowerDown
 .text.Chip_SYSCTL_PowerUp
                0x00002a68       0x40 C:\Users\Jaakko\Documents\LPCXpresso_8.2.0_647\workspace\lpc_chip_15xx\Debug\liblpc_chip_15xx.a(sysctl_15xx.o)
                0x00002a68                Chip_SYSCTL_PowerUp
 .text.Chip_FMC_SetFLASHAccess
                0x00002aa8       0x38 C:\Users\Jaakko\Documents\LPCXpresso_8.2.0_647\workspace\lpc_chip_15xx\Debug\liblpc_chip_15xx.a(sysinit_15xx.o)
 .text.Chip_Clock_SetSystemPLLSource
                0x00002ae0       0x20 C:\Users\Jaakko\Documents\LPCXpresso_8.2.0_647\workspace\lpc_chip_15xx\Debug\liblpc_chip_15xx.a(sysinit_15xx.o)
 .text.Chip_Clock_SetupSystemPLL
                0x00002b00       0x34 C:\Users\Jaakko\Documents\LPCXpresso_8.2.0_647\workspace\lpc_chip_15xx\Debug\liblpc_chip_15xx.a(sysinit_15xx.o)
 .text.Chip_Clock_IsSystemPLLLocked
                0x00002b34       0x24 C:\Users\Jaakko\Documents\LPCXpresso_8.2.0_647\workspace\lpc_chip_15xx\Debug\liblpc_chip_15xx.a(sysinit_15xx.o)
 .text.Chip_Clock_SetSysClockDiv
                0x00002b58       0x20 C:\Users\Jaakko\Documents\LPCXpresso_8.2.0_647\workspace\lpc_chip_15xx\Debug\liblpc_chip_15xx.a(sysinit_15xx.o)
 .text.Chip_SetupXtalClocking
                0x00002b78       0x6c C:\Users\Jaakko\Documents\LPCXpresso_8.2.0_647\workspace\lpc_chip_15xx\Debug\liblpc_chip_15xx.a(sysinit_15xx.o)
                0x00002b78                Chip_SetupXtalClocking
 .text.Chip_SYSCTL_PeriphReset
                0x00002be4       0x24 C:\Users\Jaakko\Documents\LPCXpresso_8.2.0_647\workspace\lpc_chip_15xx\Debug\liblpc_chip_15xx.a(uart_15xx.o)
 .text.Chip_UART_SendByte
                0x00002c08       0x1c C:\Users\Jaakko\Documents\LPCXpresso_8.2.0_647\workspace\lpc_chip_15xx\Debug\liblpc_chip_15xx.a(uart_15xx.o)
 .text.Chip_UART_ReadByte
                0x00002c24       0x1c C:\Users\Jaakko\Documents\LPCXpresso_8.2.0_647\workspace\lpc_chip_15xx\Debug\liblpc_chip_15xx.a(uart_15xx.o)
 .text.Chip_UART_GetStatus
                0x00002c40       0x18 C:\Users\Jaakko\Documents\LPCXpresso_8.2.0_647\workspace\lpc_chip_15xx\Debug\liblpc_chip_15xx.a(uart_15xx.o)
 .text.getUARTClockID
                0x00002c58       0x34 C:\Users\Jaakko\Documents\LPCXpresso_8.2.0_647\workspace\lpc_chip_15xx\Debug\liblpc_chip_15xx.a(uart_15xx.o)
 .text.Chip_UART_Init
                0x00002c8c       0x4c C:\Users\Jaakko\Documents\LPCXpresso_8.2.0_647\workspace\lpc_chip_15xx\Debug\liblpc_chip_15xx.a(uart_15xx.o)
                0x00002c8c                Chip_UART_Init
 .text.Chip_UART_Send
                0x00002cd8       0x50 C:\Users\Jaakko\Documents\LPCXpresso_8.2.0_647\workspace\lpc_chip_15xx\Debug\liblpc_chip_15xx.a(uart_15xx.o)
                0x00002cd8                Chip_UART_Send
 .text.Chip_UART_SendBlocking
                0x00002d28       0x4c C:\Users\Jaakko\Documents\LPCXpresso_8.2.0_647\workspace\lpc_chip_15xx\Debug\liblpc_chip_15xx.a(uart_15xx.o)
                0x00002d28                Chip_UART_SendBlocking
 .text.Chip_UART_Read
                0x00002d74       0x54 C:\Users\Jaakko\Documents\LPCXpresso_8.2.0_647\workspace\lpc_chip_15xx\Debug\liblpc_chip_15xx.a(uart_15xx.o)
                0x00002d74                Chip_UART_Read
 .text.Chip_UART_SetBaud
                0x00002dc8       0x2c C:\Users\Jaakko\Documents\LPCXpresso_8.2.0_647\workspace\lpc_chip_15xx\Debug\liblpc_chip_15xx.a(uart_15xx.o)
                0x00002dc8                Chip_UART_SetBaud
 .text          0x00002df4       0x30 c:/nxp/lpcxpresso_8.2.0_647/lpcxpresso/tools/bin/../lib/gcc/arm-none-eabi/5.3.1/armv7-m\libgcc.a(_aeabi_uldivmod.o)
                0x00002df4                __aeabi_uldivmod
 .text          0x00002e24      0x2ec c:/nxp/lpcxpresso_8.2.0_647/lpcxpresso/tools/bin/../lib/gcc/arm-none-eabi/5.3.1/armv7-m\libgcc.a(_udivmoddi4.o)
                0x00002e24                __udivmoddi4
 .text          0x00003110        0x4 c:/nxp/lpcxpresso_8.2.0_647/lpcxpresso/tools/bin/../lib/gcc/arm-none-eabi/5.3.1/armv7-m\libgcc.a(_dvmd_tls.o)
                0x00003110                __aeabi_idiv0
                0x00003110                __aeabi_ldiv0
 .text.__libc_init_array
                0x00003114       0x50 c:/nxp/lpcxpresso_8.2.0_647/lpcxpresso/tools/bin/../lib/gcc/arm-none-eabi/5.3.1/../../../../arm-none-eabi/lib/armv7-m\libc.a(lib_a-init.o)
                0x00003114                __libc_init_array
 .text.malloc   0x00003164       0x10 c:/nxp/lpcxpresso_8.2.0_647/lpcxpresso/tools/bin/../lib/gcc/arm-none-eabi/5.3.1/../../../../arm-none-eabi/lib/armv7-m\libc.a(lib_a-malloc.o)
                0x00003164                malloc
 .text.free     0x00003174       0x10 c:/nxp/lpcxpresso_8.2.0_647/lpcxpresso/tools/bin/../lib/gcc/arm-none-eabi/5.3.1/../../../../arm-none-eabi/lib/armv7-m\libc.a(lib_a-malloc.o)
                0x00003174                free
 .text._malloc_r
                0x00003184      0x558 c:/nxp/lpcxpresso_8.2.0_647/lpcxpresso/tools/bin/../lib/gcc/arm-none-eabi/5.3.1/../../../../arm-none-eabi/lib/armv7-m\libc.a(lib_a-mallocr.o)
                0x00003184                _malloc_r
 .text          0x000036dc       0xec c:/nxp/lpcxpresso_8.2.0_647/lpcxpresso/tools/bin/../lib/gcc/arm-none-eabi/5.3.1/../../../../arm-none-eabi/lib/armv7-m\libc.a(lib_a-memcpy.o)
                0x000036dc                memcpy
 .text.memset   0x000037c8       0x9c c:/nxp/lpcxpresso_8.2.0_647/lpcxpresso/tools/bin/../lib/gcc/arm-none-eabi/5.3.1/../../../../arm-none-eabi/lib/armv7-m\libc.a(lib_a-memset.o)
                0x000037c8                memset
 .text.__malloc_lock
                0x00003864        0x4 c:/nxp/lpcxpresso_8.2.0_647/lpcxpresso/tools/bin/../lib/gcc/arm-none-eabi/5.3.1/../../../../arm-none-eabi/lib/armv7-m\libc.a(lib_a-mlock.o)
                0x00003864                __malloc_lock
 .text.__malloc_unlock
                0x00003868        0x4 c:/nxp/lpcxpresso_8.2.0_647/lpcxpresso/tools/bin/../lib/gcc/arm-none-eabi/5.3.1/../../../../arm-none-eabi/lib/armv7-m\libc.a(lib_a-mlock.o)
                0x00003868                __malloc_unlock
 .text.printf   0x0000386c       0x28 c:/nxp/lpcxpresso_8.2.0_647/lpcxpresso/tools/bin/../lib/gcc/arm-none-eabi/5.3.1/../../../../arm-none-eabi/lib/armv7-m\libc.a(lib_a-printf.o)
                0x0000386c                printf
 .text.cleanup_glue
                0x00003894       0x1c c:/nxp/lpcxpresso_8.2.0_647/lpcxpresso/tools/bin/../lib/gcc/arm-none-eabi/5.3.1/../../../../arm-none-eabi/lib/armv7-m\libc.a(lib_a-reent.o)
                0x00003894                cleanup_glue
 .text._reclaim_reent
                0x000038b0       0x88 c:/nxp/lpcxpresso_8.2.0_647/lpcxpresso/tools/bin/../lib/gcc/arm-none-eabi/5.3.1/../../../../arm-none-eabi/lib/armv7-m\libc.a(lib_a-reent.o)
                0x000038b0                _reclaim_reent
 .text._sbrk_r  0x00003938       0x24 c:/nxp/lpcxpresso_8.2.0_647/lpcxpresso/tools/bin/../lib/gcc/arm-none-eabi/5.3.1/../../../../arm-none-eabi/lib/armv7-m\libc.a(lib_a-sbrkr.o)
                0x00003938                _sbrk_r
 .text.sprintf  0x0000395c       0x4c c:/nxp/lpcxpresso_8.2.0_647/lpcxpresso/tools/bin/../lib/gcc/arm-none-eabi/5.3.1/../../../../arm-none-eabi/lib/armv7-m\libc.a(lib_a-sprintf.o)
                0x0000395c                sprintf
 .text._svfprintf_r
                0x000039a8     0x175c c:/nxp/lpcxpresso_8.2.0_647/lpcxpresso/tools/bin/../lib/gcc/arm-none-eabi/5.3.1/../../../../arm-none-eabi/lib/armv7-m\libc.a(lib_a-svfprintf.o)
                0x000039a8                _svfprintf_r
 .text._vfprintf_r
                0x00005104     0x1788 c:/nxp/lpcxpresso_8.2.0_647/lpcxpresso/tools/bin/../lib/gcc/arm-none-eabi/5.3.1/../../../../arm-none-eabi/lib/armv7-m\libc.a(lib_a-vfprintf.o)
                0x00005104                _vfprintf_r
 .text.__sbprintf
                0x0000688c       0x6c c:/nxp/lpcxpresso_8.2.0_647/lpcxpresso/tools/bin/../lib/gcc/arm-none-eabi/5.3.1/../../../../arm-none-eabi/lib/armv7-m\libc.a(lib_a-vfprintf.o)
 .text.__swsetup_r
                0x000068f8       0xc8 c:/nxp/lpcxpresso_8.2.0_647/lpcxpresso/tools/bin/../lib/gcc/arm-none-eabi/5.3.1/../../../../arm-none-eabi/lib/armv7-m\libc.a(lib_a-wsetup.o)
                0x000068f8                __swsetup_r
 .text.quorem   0x000069c0      0x12c c:/nxp/lpcxpresso_8.2.0_647/lpcxpresso/tools/bin/../lib/gcc/arm-none-eabi/5.3.1/../../../../arm-none-eabi/lib/armv7-m\libc.a(lib_a-dtoa.o)
 *fill*         0x00006aec        0x4 ff
 .text._dtoa_r  0x00006af0      0xe4c c:/nxp/lpcxpresso_8.2.0_647/lpcxpresso/tools/bin/../lib/gcc/arm-none-eabi/5.3.1/../../../../arm-none-eabi/lib/armv7-m\libc.a(lib_a-dtoa.o)
                0x00006af0                _dtoa_r
 .text.__sflush_r
                0x0000793c      0x148 c:/nxp/lpcxpresso_8.2.0_647/lpcxpresso/tools/bin/../lib/gcc/arm-none-eabi/5.3.1/../../../../arm-none-eabi/lib/armv7-m\libc.a(lib_a-fflush.o)
                0x0000793c                __sflush_r
 .text._fflush_r
                0x00007a84       0x2c c:/nxp/lpcxpresso_8.2.0_647/lpcxpresso/tools/bin/../lib/gcc/arm-none-eabi/5.3.1/../../../../arm-none-eabi/lib/armv7-m\libc.a(lib_a-fflush.o)
                0x00007a84                _fflush_r
 .text._cleanup_r
                0x00007ab0        0xc c:/nxp/lpcxpresso_8.2.0_647/lpcxpresso/tools/bin/../lib/gcc/arm-none-eabi/5.3.1/../../../../arm-none-eabi/lib/armv7-m\libc.a(lib_a-findfp.o)
                0x00007ab0                _cleanup_r
 .text.__sinit.part.1
                0x00007abc       0xf0 c:/nxp/lpcxpresso_8.2.0_647/lpcxpresso/tools/bin/../lib/gcc/arm-none-eabi/5.3.1/../../../../arm-none-eabi/lib/armv7-m\libc.a(lib_a-findfp.o)
 .text.__sinit  0x00007bac        0xc c:/nxp/lpcxpresso_8.2.0_647/lpcxpresso/tools/bin/../lib/gcc/arm-none-eabi/5.3.1/../../../../arm-none-eabi/lib/armv7-m\libc.a(lib_a-findfp.o)
                0x00007bac                __sinit
 .text.__sfp_lock_acquire
                0x00007bb8        0x4 c:/nxp/lpcxpresso_8.2.0_647/lpcxpresso/tools/bin/../lib/gcc/arm-none-eabi/5.3.1/../../../../arm-none-eabi/lib/armv7-m\libc.a(lib_a-findfp.o)
                0x00007bb8                __sfp_lock_acquire
 .text.__sfp_lock_release
                0x00007bbc        0x4 c:/nxp/lpcxpresso_8.2.0_647/lpcxpresso/tools/bin/../lib/gcc/arm-none-eabi/5.3.1/../../../../arm-none-eabi/lib/armv7-m\libc.a(lib_a-findfp.o)
                0x00007bbc                __sfp_lock_release
 .text._malloc_trim_r
                0x00007bc0       0x9c c:/nxp/lpcxpresso_8.2.0_647/lpcxpresso/tools/bin/../lib/gcc/arm-none-eabi/5.3.1/../../../../arm-none-eabi/lib/armv7-m\libc.a(lib_a-freer.o)
                0x00007bc0                _malloc_trim_r
 .text._free_r  0x00007c5c      0x1d0 c:/nxp/lpcxpresso_8.2.0_647/lpcxpresso/tools/bin/../lib/gcc/arm-none-eabi/5.3.1/../../../../arm-none-eabi/lib/armv7-m\libc.a(lib_a-freer.o)
                0x00007c5c                _free_r
 .text._fwalk_reent
                0x00007e2c       0x50 c:/nxp/lpcxpresso_8.2.0_647/lpcxpresso/tools/bin/../lib/gcc/arm-none-eabi/5.3.1/../../../../arm-none-eabi/lib/armv7-m\libc.a(lib_a-fwalk.o)
                0x00007e2c                _fwalk_reent
 .text.__locale_charset
                0x00007e7c        0x8 c:/nxp/lpcxpresso_8.2.0_647/lpcxpresso/tools/bin/../lib/gcc/arm-none-eabi/5.3.1/../../../../arm-none-eabi/lib/armv7-m\libc.a(lib_a-locale.o)
                0x00007e7c                __locale_charset
 .text.__locale_mb_cur_max
                0x00007e84        0xc c:/nxp/lpcxpresso_8.2.0_647/lpcxpresso/tools/bin/../lib/gcc/arm-none-eabi/5.3.1/../../../../arm-none-eabi/lib/armv7-m\libc.a(lib_a-locale.o)
                0x00007e84                __locale_mb_cur_max
 .text._localeconv_r
                0x00007e90        0x8 c:/nxp/lpcxpresso_8.2.0_647/lpcxpresso/tools/bin/../lib/gcc/arm-none-eabi/5.3.1/../../../../arm-none-eabi/lib/armv7-m\libc.a(lib_a-locale.o)
                0x00007e90                _localeconv_r
 .text.__swhatbuf_r
                0x00007e98       0x60 c:/nxp/lpcxpresso_8.2.0_647/lpcxpresso/tools/bin/../lib/gcc/arm-none-eabi/5.3.1/../../../../arm-none-eabi/lib/armv7-m\libc.a(lib_a-makebuf.o)
                0x00007e98                __swhatbuf_r
 .text.__smakebuf_r
                0x00007ef8       0x88 c:/nxp/lpcxpresso_8.2.0_647/lpcxpresso/tools/bin/../lib/gcc/arm-none-eabi/5.3.1/../../../../arm-none-eabi/lib/armv7-m\libc.a(lib_a-makebuf.o)
                0x00007ef8                __smakebuf_r
 .text.memchr   0x00007f80       0x8c c:/nxp/lpcxpresso_8.2.0_647/lpcxpresso/tools/bin/../lib/gcc/arm-none-eabi/5.3.1/../../../../arm-none-eabi/lib/armv7-m\libc.a(lib_a-memchr-stub.o)
                0x00007f80                memchr
 .text._Balloc  0x0000800c       0x50 c:/nxp/lpcxpresso_8.2.0_647/lpcxpresso/tools/bin/../lib/gcc/arm-none-eabi/5.3.1/../../../../arm-none-eabi/lib/armv7-m\libc.a(lib_a-mprec.o)
                0x0000800c                _Balloc
 .text._Bfree   0x0000805c       0x14 c:/nxp/lpcxpresso_8.2.0_647/lpcxpresso/tools/bin/../lib/gcc/arm-none-eabi/5.3.1/../../../../arm-none-eabi/lib/armv7-m\libc.a(lib_a-mprec.o)
                0x0000805c                _Bfree
 .text.__multadd
                0x00008070       0x80 c:/nxp/lpcxpresso_8.2.0_647/lpcxpresso/tools/bin/../lib/gcc/arm-none-eabi/5.3.1/../../../../arm-none-eabi/lib/armv7-m\libc.a(lib_a-mprec.o)
                0x00008070                __multadd
 .text.__hi0bits
                0x000080f0       0x40 c:/nxp/lpcxpresso_8.2.0_647/lpcxpresso/tools/bin/../lib/gcc/arm-none-eabi/5.3.1/../../../../arm-none-eabi/lib/armv7-m\libc.a(lib_a-mprec.o)
                0x000080f0                __hi0bits
 .text.__lo0bits
                0x00008130       0x5c c:/nxp/lpcxpresso_8.2.0_647/lpcxpresso/tools/bin/../lib/gcc/arm-none-eabi/5.3.1/../../../../arm-none-eabi/lib/armv7-m\libc.a(lib_a-mprec.o)
                0x00008130                __lo0bits
 .text.__i2b    0x0000818c       0x14 c:/nxp/lpcxpresso_8.2.0_647/lpcxpresso/tools/bin/../lib/gcc/arm-none-eabi/5.3.1/../../../../arm-none-eabi/lib/armv7-m\libc.a(lib_a-mprec.o)
                0x0000818c                __i2b
 .text.__multiply
                0x000081a0      0x13c c:/nxp/lpcxpresso_8.2.0_647/lpcxpresso/tools/bin/../lib/gcc/arm-none-eabi/5.3.1/../../../../arm-none-eabi/lib/armv7-m\libc.a(lib_a-mprec.o)
                0x000081a0                __multiply
 .text.__pow5mult
                0x000082dc       0xa0 c:/nxp/lpcxpresso_8.2.0_647/lpcxpresso/tools/bin/../lib/gcc/arm-none-eabi/5.3.1/../../../../arm-none-eabi/lib/armv7-m\libc.a(lib_a-mprec.o)
                0x000082dc                __pow5mult
 .text.__lshift
                0x0000837c       0xac c:/nxp/lpcxpresso_8.2.0_647/lpcxpresso/tools/bin/../lib/gcc/arm-none-eabi/5.3.1/../../../../arm-none-eabi/lib/armv7-m\libc.a(lib_a-mprec.o)
                0x0000837c                __lshift
 .text.__mcmp   0x00008428       0x40 c:/nxp/lpcxpresso_8.2.0_647/lpcxpresso/tools/bin/../lib/gcc/arm-none-eabi/5.3.1/../../../../arm-none-eabi/lib/armv7-m\libc.a(lib_a-mprec.o)
                0x00008428                __mcmp
 .text.__mdiff  0x00008468      0x128 c:/nxp/lpcxpresso_8.2.0_647/lpcxpresso/tools/bin/../lib/gcc/arm-none-eabi/5.3.1/../../../../arm-none-eabi/lib/armv7-m\libc.a(lib_a-mprec.o)
                0x00008468                __mdiff
 .text.__d2b    0x00008590       0xa8 c:/nxp/lpcxpresso_8.2.0_647/lpcxpresso/tools/bin/../lib/gcc/arm-none-eabi/5.3.1/../../../../arm-none-eabi/lib/armv7-m\libc.a(lib_a-mprec.o)
                0x00008590                __d2b
 .text.__sread  0x00008638       0x24 c:/nxp/lpcxpresso_8.2.0_647/lpcxpresso/tools/bin/../lib/gcc/arm-none-eabi/5.3.1/../../../../arm-none-eabi/lib/armv7-m\libc.a(lib_a-stdio.o)
                0x00008638                __sread
 .text.__swrite
                0x0000865c       0x3c c:/nxp/lpcxpresso_8.2.0_647/lpcxpresso/tools/bin/../lib/gcc/arm-none-eabi/5.3.1/../../../../arm-none-eabi/lib/armv7-m\libc.a(lib_a-stdio.o)
                0x0000865c                __swrite
 .text.__sseek  0x00008698       0x20 c:/nxp/lpcxpresso_8.2.0_647/lpcxpresso/tools/bin/../lib/gcc/arm-none-eabi/5.3.1/../../../../arm-none-eabi/lib/armv7-m\libc.a(lib_a-stdio.o)
                0x00008698                __sseek
 .text.__sclose
                0x000086b8        0x8 c:/nxp/lpcxpresso_8.2.0_647/lpcxpresso/tools/bin/../lib/gcc/arm-none-eabi/5.3.1/../../../../arm-none-eabi/lib/armv7-m\libc.a(lib_a-stdio.o)
                0x000086b8                __sclose
 .text.strlen   0x000086c0       0x5c c:/nxp/lpcxpresso_8.2.0_647/lpcxpresso/tools/bin/../lib/gcc/arm-none-eabi/5.3.1/../../../../arm-none-eabi/lib/armv7-m\libc.a(lib_a-strlen-stub.o)
                0x000086c0                strlen
 .text.__ssprint_r
                0x0000871c      0x100 c:/nxp/lpcxpresso_8.2.0_647/lpcxpresso/tools/bin/../lib/gcc/arm-none-eabi/5.3.1/../../../../arm-none-eabi/lib/armv7-m\libc.a(lib_a-svfiprintf.o)
                0x0000871c                __ssprint_r
 .text.__sprint_r.part.0
                0x0000881c       0x78 c:/nxp/lpcxpresso_8.2.0_647/lpcxpresso/tools/bin/../lib/gcc/arm-none-eabi/5.3.1/../../../../arm-none-eabi/lib/armv7-m\libc.a(lib_a-vfiprintf.o)
 .text.__sprint_r
                0x00008894       0x14 c:/nxp/lpcxpresso_8.2.0_647/lpcxpresso/tools/bin/../lib/gcc/arm-none-eabi/5.3.1/../../../../arm-none-eabi/lib/armv7-m\libc.a(lib_a-vfiprintf.o)
                0x00008894                __sprint_r
 .text._write_r
                0x000088a8       0x2c c:/nxp/lpcxpresso_8.2.0_647/lpcxpresso/tools/bin/../lib/gcc/arm-none-eabi/5.3.1/../../../../arm-none-eabi/lib/armv7-m\libc.a(lib_a-writer.o)
                0x000088a8                _write_r
 .text._calloc_r
                0x000088d4       0x60 c:/nxp/lpcxpresso_8.2.0_647/lpcxpresso/tools/bin/../lib/gcc/arm-none-eabi/5.3.1/../../../../arm-none-eabi/lib/armv7-m\libc.a(lib_a-callocr.o)
                0x000088d4                _calloc_r
 .text._close_r
                0x00008934       0x24 c:/nxp/lpcxpresso_8.2.0_647/lpcxpresso/tools/bin/../lib/gcc/arm-none-eabi/5.3.1/../../../../arm-none-eabi/lib/armv7-m\libc.a(lib_a-closer.o)
                0x00008934                _close_r
 .text._fclose_r
                0x00008958       0x84 c:/nxp/lpcxpresso_8.2.0_647/lpcxpresso/tools/bin/../lib/gcc/arm-none-eabi/5.3.1/../../../../arm-none-eabi/lib/armv7-m\libc.a(lib_a-fclose.o)
                0x00008958                _fclose_r
 .text.__fputwc
                0x000089dc       0x94 c:/nxp/lpcxpresso_8.2.0_647/lpcxpresso/tools/bin/../lib/gcc/arm-none-eabi/5.3.1/../../../../arm-none-eabi/lib/armv7-m\libc.a(lib_a-fputwc.o)
                0x000089dc                __fputwc
 .text._fputwc_r
                0x00008a70       0x24 c:/nxp/lpcxpresso_8.2.0_647/lpcxpresso/tools/bin/../lib/gcc/arm-none-eabi/5.3.1/../../../../arm-none-eabi/lib/armv7-m\libc.a(lib_a-fputwc.o)
                0x00008a70                _fputwc_r
 .text._fstat_r
                0x00008a94       0x28 c:/nxp/lpcxpresso_8.2.0_647/lpcxpresso/tools/bin/../lib/gcc/arm-none-eabi/5.3.1/../../../../arm-none-eabi/lib/armv7-m\libc.a(lib_a-fstatr.o)
                0x00008a94                _fstat_r
 .text.__sfvwrite_r
                0x00008abc      0x308 c:/nxp/lpcxpresso_8.2.0_647/lpcxpresso/tools/bin/../lib/gcc/arm-none-eabi/5.3.1/../../../../arm-none-eabi/lib/armv7-m\libc.a(lib_a-fvwrite.o)
                0x00008abc                __sfvwrite_r
 .text._isatty_r
                0x00008dc4       0x24 c:/nxp/lpcxpresso_8.2.0_647/lpcxpresso/tools/bin/../lib/gcc/arm-none-eabi/5.3.1/../../../../arm-none-eabi/lib/armv7-m\libc.a(lib_a-isattyr.o)
                0x00008dc4                _isatty_r
 .text._lseek_r
                0x00008de8       0x2c c:/nxp/lpcxpresso_8.2.0_647/lpcxpresso/tools/bin/../lib/gcc/arm-none-eabi/5.3.1/../../../../arm-none-eabi/lib/armv7-m\libc.a(lib_a-lseekr.o)
                0x00008de8                _lseek_r
 .text.memmove  0x00008e14       0xc8 c:/nxp/lpcxpresso_8.2.0_647/lpcxpresso/tools/bin/../lib/gcc/arm-none-eabi/5.3.1/../../../../arm-none-eabi/lib/armv7-m\libc.a(lib_a-memmove.o)
                0x00008e14                memmove
 .text._read_r  0x00008edc       0x2c c:/nxp/lpcxpresso_8.2.0_647/lpcxpresso/tools/bin/../lib/gcc/arm-none-eabi/5.3.1/../../../../arm-none-eabi/lib/armv7-m\libc.a(lib_a-readr.o)
                0x00008edc                _read_r
 .text._realloc_r
                0x00008f08      0x3d4 c:/nxp/lpcxpresso_8.2.0_647/lpcxpresso/tools/bin/../lib/gcc/arm-none-eabi/5.3.1/../../../../arm-none-eabi/lib/armv7-m\libc.a(lib_a-reallocr.o)
                0x00008f08                _realloc_r
 .text.__swbuf_r
                0x000092dc       0xac c:/nxp/lpcxpresso_8.2.0_647/lpcxpresso/tools/bin/../lib/gcc/arm-none-eabi/5.3.1/../../../../arm-none-eabi/lib/armv7-m\libc.a(lib_a-wbuf.o)
                0x000092dc                __swbuf_r
 .text._wcrtomb_r
                0x00009388       0x54 c:/nxp/lpcxpresso_8.2.0_647/lpcxpresso/tools/bin/../lib/gcc/arm-none-eabi/5.3.1/../../../../arm-none-eabi/lib/armv7-m\libc.a(lib_a-wcrtomb.o)
                0x00009388                _wcrtomb_r
 .text.__ascii_wctomb
                0x000093dc       0x1c c:/nxp/lpcxpresso_8.2.0_647/lpcxpresso/tools/bin/../lib/gcc/arm-none-eabi/5.3.1/../../../../arm-none-eabi/lib/armv7-m\libc.a(lib_a-wctomb_r.o)
                0x000093dc                __ascii_wctomb
 .text._sbrk    0x000093f8       0x3c c:/nxp/lpcxpresso_8.2.0_647/lpcxpresso/tools/bin/../lib/gcc/arm-none-eabi/5.3.1/../../../../arm-none-eabi/lib/armv7-m\libcr_newlib_nohost.a(_cr_sbrk.o)
                0x000093f8                _sbrk
 .text._close   0x00009434       0x10 c:/nxp/lpcxpresso_8.2.0_647/lpcxpresso/tools/bin/../lib/gcc/arm-none-eabi/5.3.1/../../../../arm-none-eabi/lib/armv7-m\libcr_newlib_nohost.a(close.o)
                0x00009434                _close
 .text._fstat   0x00009444       0x10 c:/nxp/lpcxpresso_8.2.0_647/lpcxpresso/tools/bin/../lib/gcc/arm-none-eabi/5.3.1/../../../../arm-none-eabi/lib/armv7-m\libcr_newlib_nohost.a(fstat.o)
                0x00009444                _fstat
 .text._isatty  0x00009454       0x10 c:/nxp/lpcxpresso_8.2.0_647/lpcxpresso/tools/bin/../lib/gcc/arm-none-eabi/5.3.1/../../../../arm-none-eabi/lib/armv7-m\libcr_newlib_nohost.a(isatty.o)
                0x00009454                _isatty
 .text._lseek   0x00009464       0x10 c:/nxp/lpcxpresso_8.2.0_647/lpcxpresso/tools/bin/../lib/gcc/arm-none-eabi/5.3.1/../../../../arm-none-eabi/lib/armv7-m\libcr_newlib_nohost.a(lseek.o)
                0x00009464                _lseek
 .text._read    0x00009474       0x10 c:/nxp/lpcxpresso_8.2.0_647/lpcxpresso/tools/bin/../lib/gcc/arm-none-eabi/5.3.1/../../../../arm-none-eabi/lib/armv7-m\libcr_newlib_nohost.a(read.o)
                0x00009474                _read
 .text._write   0x00009484       0x10 c:/nxp/lpcxpresso_8.2.0_647/lpcxpresso/tools/bin/../lib/gcc/arm-none-eabi/5.3.1/../../../../arm-none-eabi/lib/armv7-m\libcr_newlib_nohost.a(write.o)
                0x00009484                _write
 .text.__check_heap_overflow
                0x00009494       0x18 c:/nxp/lpcxpresso_8.2.0_647/lpcxpresso/tools/bin/../lib/gcc/arm-none-eabi/5.3.1/../../../../arm-none-eabi/lib/armv7-m\libcr_newlib_nohost.a(_cr_check_heap.o)
                0x00009494                __check_heap_overflow
 .text          0x000094ac       0x5c c:/nxp/lpcxpresso_8.2.0_647/lpcxpresso/tools/bin/../lib/gcc/arm-none-eabi/5.3.1/armv7-m\crtbegin.o
 .text          0x00009508      0x370 c:/nxp/lpcxpresso_8.2.0_647/lpcxpresso/tools/bin/../lib/gcc/arm-none-eabi/5.3.1/armv7-m\libgcc.a(_arm_addsubdf3.o)
                0x00009508                __aeabi_drsub
                0x00009510                __aeabi_dsub
                0x00009510                __subdf3
                0x00009514                __aeabi_dadd
                0x00009514                __adddf3
                0x0000978c                __floatunsidf
                0x0000978c                __aeabi_ui2d
                0x000097ac                __floatsidf
                0x000097ac                __aeabi_i2d
                0x000097d0                __aeabi_f2d
                0x000097d0                __extendsfdf2
                0x0000980c                __floatundidf
                0x0000980c                __aeabi_ul2d
                0x0000981c                __floatdidf
                0x0000981c                __aeabi_l2d
 .text          0x00009878      0x424 c:/nxp/lpcxpresso_8.2.0_647/lpcxpresso/tools/bin/../lib/gcc/arm-none-eabi/5.3.1/armv7-m\libgcc.a(_arm_muldivdf3.o)
                0x00009878                __aeabi_dmul
                0x00009878                __muldf3
                0x00009acc                __divdf3
                0x00009acc                __aeabi_ddiv
 .text          0x00009c9c      0x110 c:/nxp/lpcxpresso_8.2.0_647/lpcxpresso/tools/bin/../lib/gcc/arm-none-eabi/5.3.1/armv7-m\libgcc.a(_arm_cmpdf2.o)
                0x00009c9c                __gtdf2
                0x00009c9c                __gedf2
                0x00009ca4                __ltdf2
                0x00009ca4                __ledf2
                0x00009cac                __nedf2
                0x00009cac                __eqdf2
                0x00009cac                __cmpdf2
                0x00009d28                __aeabi_cdrcmple
                0x00009d38                __aeabi_cdcmpeq
                0x00009d38                __aeabi_cdcmple
                0x00009d48                __aeabi_dcmpeq
                0x00009d5c                __aeabi_dcmplt
                0x00009d70                __aeabi_dcmple
                0x00009d84                __aeabi_dcmpge
                0x00009d98                __aeabi_dcmpgt
 .text          0x00009dac       0x2c c:/nxp/lpcxpresso_8.2.0_647/lpcxpresso/tools/bin/../lib/gcc/arm-none-eabi/5.3.1/armv7-m\libgcc.a(_arm_unorddf2.o)
                0x00009dac                __unorddf2
                0x00009dac                __aeabi_dcmpun
 .text          0x00009dd8       0x50 c:/nxp/lpcxpresso_8.2.0_647/lpcxpresso/tools/bin/../lib/gcc/arm-none-eabi/5.3.1/armv7-m\libgcc.a(_arm_fixdfsi.o)
                0x00009dd8                __aeabi_d2iz
                0x00009dd8                __fixdfsi
 .text.__errno  0x00009e28        0xc c:/nxp/lpcxpresso_8.2.0_647/lpcxpresso/tools/bin/../lib/gcc/arm-none-eabi/5.3.1/../../../../arm-none-eabi/lib/armv7-m\libc.a(lib_a-errno.o)
                0x00009e28                __errno
 *(.rodata .rodata.* .constdata .constdata.*)
 .rodata        0x00009e34       0x46 ./src/Lab2.o
 *fill*         0x00009e7a        0x2 ff
 .rodata        0x00009e7c        0x9 ./freertos/src/tasks.o
 *fill*         0x00009e85        0x3 ff
 .rodata.OscRateIn
                0x00009e88        0x4 C:\Users\Jaakko\Documents\LPCXpresso_8.2.0_647\workspace\lpc_board_nxp_lpcxpresso_1549\Debug\liblpc_board_nxp_lpcxpresso_1549.a(board.o)
                0x00009e88                OscRateIn
 .rodata.RTCOscRateIn
                0x00009e8c        0x4 C:\Users\Jaakko\Documents\LPCXpresso_8.2.0_647\workspace\lpc_board_nxp_lpcxpresso_1549\Debug\liblpc_board_nxp_lpcxpresso_1549.a(board.o)
                0x00009e8c                RTCOscRateIn
 .rodata.ledpins
                0x00009e90        0x3 C:\Users\Jaakko\Documents\LPCXpresso_8.2.0_647\workspace\lpc_board_nxp_lpcxpresso_1549\Debug\liblpc_board_nxp_lpcxpresso_1549.a(board.o)
 *fill*         0x00009e93        0x1 ff
 .rodata.ledports
                0x00009e94        0x3 C:\Users\Jaakko\Documents\LPCXpresso_8.2.0_647\workspace\lpc_board_nxp_lpcxpresso_1549\Debug\liblpc_board_nxp_lpcxpresso_1549.a(board.o)
 *fill*         0x00009e97        0x1 ff
 .rodata.ioconSetup
                0x00009e98       0x74 C:\Users\Jaakko\Documents\LPCXpresso_8.2.0_647\workspace\lpc_board_nxp_lpcxpresso_1549\Debug\liblpc_board_nxp_lpcxpresso_1549.a(board_sysinit.o)
 .rodata.swmSetup
                0x00009f0c        0x6 C:\Users\Jaakko\Documents\LPCXpresso_8.2.0_647\workspace\lpc_board_nxp_lpcxpresso_1549\Debug\liblpc_board_nxp_lpcxpresso_1549.a(board_sysinit.o)
 *fill*         0x00009f12        0x2 ff
 .rodata.str1.4
                0x00009f14        0x2 c:/nxp/lpcxpresso_8.2.0_647/lpcxpresso/tools/bin/../lib/gcc/arm-none-eabi/5.3.1/../../../../arm-none-eabi/lib/armv7-m\libc.a(lib_a-impure.o)
 *fill*         0x00009f16        0x2 ff
 .rodata.zeroes.7035
                0x00009f18       0x10 c:/nxp/lpcxpresso_8.2.0_647/lpcxpresso/tools/bin/../lib/gcc/arm-none-eabi/5.3.1/../../../../arm-none-eabi/lib/armv7-m\libc.a(lib_a-svfprintf.o)
 .rodata.str1.4
                0x00009f28       0x42 c:/nxp/lpcxpresso_8.2.0_647/lpcxpresso/tools/bin/../lib/gcc/arm-none-eabi/5.3.1/../../../../arm-none-eabi/lib/armv7-m\libc.a(lib_a-svfprintf.o)
 *fill*         0x00009f6a        0x2 ff
 .rodata.blanks.7034
                0x00009f6c       0x10 c:/nxp/lpcxpresso_8.2.0_647/lpcxpresso/tools/bin/../lib/gcc/arm-none-eabi/5.3.1/../../../../arm-none-eabi/lib/armv7-m\libc.a(lib_a-svfprintf.o)
 .rodata.zeroes.7050
                0x00009f7c       0x10 c:/nxp/lpcxpresso_8.2.0_647/lpcxpresso/tools/bin/../lib/gcc/arm-none-eabi/5.3.1/../../../../arm-none-eabi/lib/armv7-m\libc.a(lib_a-vfprintf.o)
 .rodata.str1.4
                0x00009f8c       0x42 c:/nxp/lpcxpresso_8.2.0_647/lpcxpresso/tools/bin/../lib/gcc/arm-none-eabi/5.3.1/../../../../arm-none-eabi/lib/armv7-m\libc.a(lib_a-vfprintf.o)
 .rodata.blanks.7049
                0x00009f8c       0x10 c:/nxp/lpcxpresso_8.2.0_647/lpcxpresso/tools/bin/../lib/gcc/arm-none-eabi/5.3.1/../../../../arm-none-eabi/lib/armv7-m\libc.a(lib_a-vfprintf.o)
 .rodata.str1.4
                0x00009f9c       0x10 c:/nxp/lpcxpresso_8.2.0_647/lpcxpresso/tools/bin/../lib/gcc/arm-none-eabi/5.3.1/../../../../arm-none-eabi/lib/armv7-m\libc.a(lib_a-dtoa.o)
                                 0x12 (size before relaxing)
 .rodata.str1.4
                0x00009fac        0xc c:/nxp/lpcxpresso_8.2.0_647/lpcxpresso/tools/bin/../lib/gcc/arm-none-eabi/5.3.1/../../../../arm-none-eabi/lib/armv7-m\libc.a(lib_a-locale.o)
                                 0x12 (size before relaxing)
 .rodata.__mprec_tens
                0x00009fb8       0xc8 c:/nxp/lpcxpresso_8.2.0_647/lpcxpresso/tools/bin/../lib/gcc/arm-none-eabi/5.3.1/../../../../arm-none-eabi/lib/armv7-m\libc.a(lib_a-mprec.o)
                0x00009fb8                __mprec_tens
 .rodata.__mprec_bigtens
                0x0000a080       0x28 c:/nxp/lpcxpresso_8.2.0_647/lpcxpresso/tools/bin/../lib/gcc/arm-none-eabi/5.3.1/../../../../arm-none-eabi/lib/armv7-m\libc.a(lib_a-mprec.o)
                0x0000a080                __mprec_bigtens
 .rodata.p05.5373
                0x0000a0a8        0xc c:/nxp/lpcxpresso_8.2.0_647/lpcxpresso/tools/bin/../lib/gcc/arm-none-eabi/5.3.1/../../../../arm-none-eabi/lib/armv7-m\libc.a(lib_a-mprec.o)
                0x0000a0b4                . = ALIGN (0x4)
                0x0000a0b4                . = ALIGN (0x4)
 *(.init)
 .init          0x0000a0b4        0x4 c:/nxp/lpcxpresso_8.2.0_647/lpcxpresso/tools/bin/../lib/gcc/arm-none-eabi/5.3.1/armv7-m\crti.o
                0x0000a0b4                _init
 .init          0x0000a0b8        0x8 c:/nxp/lpcxpresso_8.2.0_647/lpcxpresso/tools/bin/../lib/gcc/arm-none-eabi/5.3.1/armv7-m\crtn.o
                0x0000a0c0                . = ALIGN (0x4)
                0x0000a0c0                __preinit_array_start = .
 *(.preinit_array)
                0x0000a0c0                __preinit_array_end = .
                0x0000a0c0                . = ALIGN (0x4)
                0x0000a0c0                __init_array_start = .
 *(SORT(.init_array.*))
 *(.init_array)
 .init_array    0x0000a0c0        0x4 ./src/Lab2.o
 .init_array    0x0000a0c4        0x4 c:/nxp/lpcxpresso_8.2.0_647/lpcxpresso/tools/bin/../lib/gcc/arm-none-eabi/5.3.1/armv7-m\crtbegin.o
                0x0000a0c8                __init_array_end = .
 *(.fini)
 .fini          0x0000a0c8        0x4 c:/nxp/lpcxpresso_8.2.0_647/lpcxpresso/tools/bin/../lib/gcc/arm-none-eabi/5.3.1/armv7-m\crti.o
                0x0000a0c8                _fini
 .fini          0x0000a0cc        0x8 c:/nxp/lpcxpresso_8.2.0_647/lpcxpresso/tools/bin/../lib/gcc/arm-none-eabi/5.3.1/armv7-m\crtn.o
                0x0000a0d4                . = ALIGN (0x4)
 *crtbegin.o(.ctors)
 *(EXCLUDE_FILE(*crtend.o) .ctors)
 *(SORT(.ctors.*))
 *crtend.o(.ctors)
                0x0000a0d4                . = ALIGN (0x4)
 *crtbegin.o(.dtors)
 *(EXCLUDE_FILE(*crtend.o) .dtors)
 *(SORT(.dtors.*))
 *crtend.o(.dtors)
                0x0000a0d4                . = ALIGN (0x4)

.glue_7         0x0000a0d4        0x0
 .glue_7        0x0000a0d4        0x0 linker stubs

.glue_7t        0x0000a0d4        0x0
 .glue_7t       0x0000a0d4        0x0 linker stubs

.vfp11_veneer   0x0000a0d4        0x0
 .vfp11_veneer  0x0000a0d4        0x0 linker stubs

.v4_bx          0x0000a0d4        0x0
 .v4_bx         0x0000a0d4        0x0 linker stubs

.iplt           0x0000a0d4        0x0
 .iplt          0x0000a0d4        0x0 ./src/Lab2.o

.ARM.extab
 *(.ARM.extab* .gnu.linkonce.armextab.*)
                0x0000a0d4                __exidx_start = .

.ARM.exidx      0x0000a0d4        0x8
 *(.ARM.exidx* .gnu.linkonce.armexidx.*)
 .ARM.exidx     0x0000a0d4        0x8 c:/nxp/lpcxpresso_8.2.0_647/lpcxpresso/tools/bin/../lib/gcc/arm-none-eabi/5.3.1/armv7-m\libgcc.a(_udivmoddi4.o)
                0x0000a0dc                __exidx_end = .
                0x0000a0dc                _etext = .

.rel.dyn        0x0000a0dc        0x0
 .rel.iplt      0x0000a0dc        0x0 ./src/Lab2.o

.eh_frame       0x0000a0dc        0x0
 .eh_frame      0x0000a0dc        0x0 c:/nxp/lpcxpresso_8.2.0_647/lpcxpresso/tools/bin/../lib/gcc/arm-none-eabi/5.3.1/armv7-m\crtbegin.o

.data_RAM2      0x02004000        0x0 load address 0x0000a0dc
 FILL mask 0xff
                [!provide]                PROVIDE (__start_data_RAM2, .)
 *(.ramfunc.$RAM2)
 *(.ramfunc.$Ram1_16)
 *(.data.$RAM2*)
 *(.data.$Ram1_16*)
                0x02004000                . = ALIGN (0x4)
                [!provide]                PROVIDE (__end_data_RAM2, .)

.data_RAM3      0x02008000        0x0 load address 0x0000a0dc
 FILL mask 0xff
                [!provide]                PROVIDE (__start_data_RAM3, .)
 *(.ramfunc.$RAM3)
 *(.ramfunc.$Ram2_4)
 *(.data.$RAM3*)
 *(.data.$Ram2_4*)
                0x02008000                . = ALIGN (0x4)
                [!provide]                PROVIDE (__end_data_RAM3, .)

.uninit_RESERVED
                0x02000000        0x0
 *(.bss.$RESERVED*)
                0x02000000                . = ALIGN (0x4)
                0x02000000                _end_uninit_RESERVED = .

.data           0x02000000      0x8a4 load address 0x0000a0dc
 FILL mask 0xff
                0x02000000                _data = .
 *(vtable)
 *(.ramfunc*)
 *(.data*)
 .data.uxCriticalNesting
                0x02000000        0x4 ./freertos/src/port.o
 *fill*         0x02000004        0x4 ff
 .data.impure_data
                0x02000008      0x428 c:/nxp/lpcxpresso_8.2.0_647/lpcxpresso/tools/bin/../lib/gcc/arm-none-eabi/5.3.1/../../../../arm-none-eabi/lib/armv7-m\libc.a(lib_a-impure.o)
 .data._impure_ptr
                0x02000430        0x4 c:/nxp/lpcxpresso_8.2.0_647/lpcxpresso/tools/bin/../lib/gcc/arm-none-eabi/5.3.1/../../../../arm-none-eabi/lib/armv7-m\libc.a(lib_a-impure.o)
                0x02000430                _impure_ptr
 .data.__malloc_av_
                0x02000434      0x408 c:/nxp/lpcxpresso_8.2.0_647/lpcxpresso/tools/bin/../lib/gcc/arm-none-eabi/5.3.1/../../../../arm-none-eabi/lib/armv7-m\libc.a(lib_a-mallocr.o)
                0x02000434                __malloc_av_
 .data.__malloc_trim_threshold
                0x0200083c        0x4 c:/nxp/lpcxpresso_8.2.0_647/lpcxpresso/tools/bin/../lib/gcc/arm-none-eabi/5.3.1/../../../../arm-none-eabi/lib/armv7-m\libc.a(lib_a-mallocr.o)
                0x0200083c                __malloc_trim_threshold
 .data.__malloc_sbrk_base
                0x02000840        0x4 c:/nxp/lpcxpresso_8.2.0_647/lpcxpresso/tools/bin/../lib/gcc/arm-none-eabi/5.3.1/../../../../arm-none-eabi/lib/armv7-m\libc.a(lib_a-mallocr.o)
                0x02000840                __malloc_sbrk_base
 .data.lconv    0x02000844       0x38 c:/nxp/lpcxpresso_8.2.0_647/lpcxpresso/tools/bin/../lib/gcc/arm-none-eabi/5.3.1/../../../../arm-none-eabi/lib/armv7-m\libc.a(lib_a-locale.o)
 .data.lc_ctype_charset
                0x0200087c       0x20 c:/nxp/lpcxpresso_8.2.0_647/lpcxpresso/tools/bin/../lib/gcc/arm-none-eabi/5.3.1/../../../../arm-none-eabi/lib/armv7-m\libc.a(lib_a-locale.o)
 .data.__mb_cur_max
                0x0200089c        0x4 c:/nxp/lpcxpresso_8.2.0_647/lpcxpresso/tools/bin/../lib/gcc/arm-none-eabi/5.3.1/../../../../arm-none-eabi/lib/armv7-m\libc.a(lib_a-locale.o)
                0x0200089c                __mb_cur_max
 .data.__wctomb
                0x020008a0        0x4 c:/nxp/lpcxpresso_8.2.0_647/lpcxpresso/tools/bin/../lib/gcc/arm-none-eabi/5.3.1/../../../../arm-none-eabi/lib/armv7-m\libc.a(lib_a-wctomb_r.o)
                0x020008a0                __wctomb
                0x020008a4                . = ALIGN (0x4)
                0x020008a4                _edata = .

.igot.plt       0x020008a4        0x0 load address 0x0000a980
 .igot.plt      0x020008a4        0x0 ./src/Lab2.o

.jcr            0x020008a4        0x0 load address 0x0000a980
 .jcr           0x020008a4        0x0 c:/nxp/lpcxpresso_8.2.0_647/lpcxpresso/tools/bin/../lib/gcc/arm-none-eabi/5.3.1/armv7-m\crtbegin.o

.bss_RAM2       0x02004000        0x0
                [!provide]                PROVIDE (__start_bss_RAM2, .)
 *(.bss.$RAM2*)
 *(.bss.$Ram1_16*)
                0x02004000                . = ALIGN ((. != 0x0)?0x4:0x1)
                [!provide]                PROVIDE (__end_bss_RAM2, .)

.bss_RAM3       0x02008000        0x0
                [!provide]                PROVIDE (__start_bss_RAM3, .)
 *(.bss.$RAM3*)
 *(.bss.$Ram2_4*)
                0x02008000                . = ALIGN ((. != 0x0)?0x4:0x1)
                [!provide]                PROVIDE (__end_bss_RAM3, .)

.bss            0x020008a4      0x1b4
                0x020008a4                _bss = .
 *(.bss*)
 .bss.xMutex    0x020008a4        0x4 ./src/Lab2.o
                0x020008a4                xMutex
 .bss.xBool     0x020008a8        0x4 ./src/Lab2.o
                0x020008a8                xBool
 .bss._ZZ4mainE1i
                0x020008ac        0x4 ./src/Lab2.o
 .bss.ulTimerCountsForOneTick
                0x020008b0        0x4 ./freertos/src/port.o
 .bss.xMaximumPossibleSuppressedTicks
                0x020008b4        0x4 ./freertos/src/port.o
 .bss.ulStoppedTimerCompensation
                0x020008b8        0x4 ./freertos/src/port.o
 .bss.pxCurrentTCB
                0x020008bc        0x4 ./freertos/src/tasks.o
                0x020008bc                pxCurrentTCB
 .bss.pxReadyTasksLists
                0x020008c0       0xa0 ./freertos/src/tasks.o
 .bss.xDelayedTaskList1
                0x02000960       0x14 ./freertos/src/tasks.o
 .bss.xDelayedTaskList2
                0x02000974       0x14 ./freertos/src/tasks.o
 .bss.pxDelayedTaskList
                0x02000988        0x4 ./freertos/src/tasks.o
 .bss.pxOverflowDelayedTaskList
                0x0200098c        0x4 ./freertos/src/tasks.o
 .bss.xPendingReadyList
                0x02000990       0x14 ./freertos/src/tasks.o
 .bss.xTasksWaitingTermination
                0x020009a4       0x14 ./freertos/src/tasks.o
 .bss.uxDeletedTasksWaitingCleanUp
                0x020009b8        0x4 ./freertos/src/tasks.o
 .bss.xSuspendedTaskList
                0x020009bc       0x14 ./freertos/src/tasks.o
 .bss.uxCurrentNumberOfTasks
                0x020009d0        0x4 ./freertos/src/tasks.o
 .bss.xTickCount
                0x020009d4        0x4 ./freertos/src/tasks.o
 .bss.uxTopReadyPriority
                0x020009d8        0x4 ./freertos/src/tasks.o
 .bss.xSchedulerRunning
                0x020009dc        0x4 ./freertos/src/tasks.o
 .bss.uxPendedTicks
                0x020009e0        0x4 ./freertos/src/tasks.o
 .bss.xYieldPending
                0x020009e4        0x4 ./freertos/src/tasks.o
 .bss.xNumOfOverflows
                0x020009e8        0x4 ./freertos/src/tasks.o
 .bss.uxTaskNumber
                0x020009ec        0x4 ./freertos/src/tasks.o
 .bss.xNextTaskUnblockTime
                0x020009f0        0x4 ./freertos/src/tasks.o
 .bss.xIdleTaskHandle
                0x020009f4        0x4 ./freertos/src/tasks.o
 .bss.uxSchedulerSuspended
                0x020009f8        0x4 ./freertos/src/tasks.o
 .bss.__malloc_max_total_mem
                0x020009fc        0x4 c:/nxp/lpcxpresso_8.2.0_647/lpcxpresso/tools/bin/../lib/gcc/arm-none-eabi/5.3.1/../../../../arm-none-eabi/lib/armv7-m\libc.a(lib_a-mallocr.o)
                0x020009fc                __malloc_max_total_mem
 .bss.__malloc_max_sbrked_mem
                0x02000a00        0x4 c:/nxp/lpcxpresso_8.2.0_647/lpcxpresso/tools/bin/../lib/gcc/arm-none-eabi/5.3.1/../../../../arm-none-eabi/lib/armv7-m\libc.a(lib_a-mallocr.o)
                0x02000a00                __malloc_max_sbrked_mem
 .bss.__malloc_top_pad
                0x02000a04        0x4 c:/nxp/lpcxpresso_8.2.0_647/lpcxpresso/tools/bin/../lib/gcc/arm-none-eabi/5.3.1/../../../../arm-none-eabi/lib/armv7-m\libc.a(lib_a-mallocr.o)
                0x02000a04                __malloc_top_pad
 .bss.__malloc_current_mallinfo
                0x02000a08       0x28 c:/nxp/lpcxpresso_8.2.0_647/lpcxpresso/tools/bin/../lib/gcc/arm-none-eabi/5.3.1/../../../../arm-none-eabi/lib/armv7-m\libc.a(lib_a-mallocr.o)
                0x02000a08                __malloc_current_mallinfo
 .bss.__end_of_heap
                0x02000a30        0x4 c:/nxp/lpcxpresso_8.2.0_647/lpcxpresso/tools/bin/../lib/gcc/arm-none-eabi/5.3.1/../../../../arm-none-eabi/lib/armv7-m\libcr_newlib_nohost.a(_cr_sbrk.o)
                0x02000a30                __end_of_heap
 .bss           0x02000a34       0x1c c:/nxp/lpcxpresso_8.2.0_647/lpcxpresso/tools/bin/../lib/gcc/arm-none-eabi/5.3.1/armv7-m\crtbegin.o
 *(COMMON)
 COMMON         0x02000a50        0x4 C:\Users\Jaakko\Documents\LPCXpresso_8.2.0_647\workspace\lpc_chip_15xx\Debug\liblpc_chip_15xx.a(chip_15xx.o)
                0x02000a50                SystemCoreClock
 COMMON         0x02000a54        0x4 c:/nxp/lpcxpresso_8.2.0_647/lpcxpresso/tools/bin/../lib/gcc/arm-none-eabi/5.3.1/../../../../arm-none-eabi/lib/armv7-m\libc.a(lib_a-reent.o)
                0x02000a54                errno
                0x02000a58                . = ALIGN (0x4)
                0x02000a58                _ebss = .
                [!provide]                PROVIDE (end, .)

.noinit_RAM2    0x02004000        0x0
 *(.noinit.$RAM2*)
 *(.noinit.$Ram1_16*)
                0x02004000                . = ALIGN (0x4)

.noinit_RAM3    0x02008000        0x0
 *(.noinit.$RAM3*)
 *(.noinit.$Ram2_4*)
                0x02008000                . = ALIGN (0x4)

.noinit         0x02000a58        0x0
                0x02000a58                _noinit = .
 *(.noinit*)
                0x02000a58                . = ALIGN (0x4)
                0x02000a58                _end_noinit = .
                0x02000a58                PROVIDE (_pvHeapStart, DEFINED (__user_heap_base)?__user_heap_base:.)
                0x02004000                PROVIDE (_vStackTop, DEFINED (__user_stack_top)?__user_stack_top:(__top_Ram0_16 - 0x0))
                0xfdffb2b6                PROVIDE (__valid_user_code_checksum, (0x0 - ((((((_vStackTop + (ResetISR + 0x1)) + (NMI_Handler + 0x1)) + (HardFault_Handler + 0x1)) + (DEFINED (MemManage_Handler)?MemManage_Handler:0x0 + 0x1)) + (DEFINED (BusFault_Handler)?BusFault_Handler:0x0 + 0x1)) + (DEFINED (UsageFault_Handler)?UsageFault_Handler:0x0 + 0x1))))
OUTPUT(Lab2.axf elf32-littlearm)

.debug_info     0x00000000     0xe72f
 .debug_info    0x00000000     0x4eb9 ./src/Lab2.o
 .debug_info    0x00004eb9      0x281 ./src/cr_startup_lpc15xx.o
 .debug_info    0x0000513a       0xee ./src/sysinit.o
 .debug_info    0x00005228      0x1ae ./freertos/src/FreeRTOSCommonHooks.o
 .debug_info    0x000053d6      0x143 ./freertos/src/heap_3.o
 .debug_info    0x00005519      0x2ee ./freertos/src/list.o
 .debug_info    0x00005807      0x46a ./freertos/src/port.o
 .debug_info    0x00005c71      0xf10 ./freertos/src/queue.o
 .debug_info    0x00006b81     0x20a2 ./freertos/src/tasks.o
 .debug_info    0x00008c23      0xaa8 C:\Users\Jaakko\Documents\LPCXpresso_8.2.0_647\workspace\lpc_board_nxp_lpcxpresso_1549\Debug\liblpc_board_nxp_lpcxpresso_1549.a(board.o)
 .debug_info    0x000096cb      0xc90 C:\Users\Jaakko\Documents\LPCXpresso_8.2.0_647\workspace\lpc_board_nxp_lpcxpresso_1549\Debug\liblpc_board_nxp_lpcxpresso_1549.a(board_sysinit.o)
 .debug_info    0x0000a35b      0x98d C:\Users\Jaakko\Documents\LPCXpresso_8.2.0_647\workspace\lpc_chip_15xx\Debug\liblpc_chip_15xx.a(chip_15xx.o)
 .debug_info    0x0000ace8      0xd3e C:\Users\Jaakko\Documents\LPCXpresso_8.2.0_647\workspace\lpc_chip_15xx\Debug\liblpc_chip_15xx.a(clock_15xx.o)
 .debug_info    0x0000ba26      0x624 C:\Users\Jaakko\Documents\LPCXpresso_8.2.0_647\workspace\lpc_chip_15xx\Debug\liblpc_chip_15xx.a(gpio_15xx.o)
 .debug_info    0x0000c04a      0x1f9 C:\Users\Jaakko\Documents\LPCXpresso_8.2.0_647\workspace\lpc_chip_15xx\Debug\liblpc_chip_15xx.a(iocon_15xx.o)
 .debug_info    0x0000c243      0x5ea C:\Users\Jaakko\Documents\LPCXpresso_8.2.0_647\workspace\lpc_chip_15xx\Debug\liblpc_chip_15xx.a(swm_15xx.o)
 .debug_info    0x0000c82d      0x74c C:\Users\Jaakko\Documents\LPCXpresso_8.2.0_647\workspace\lpc_chip_15xx\Debug\liblpc_chip_15xx.a(sysctl_15xx.o)
 .debug_info    0x0000cf79      0x738 C:\Users\Jaakko\Documents\LPCXpresso_8.2.0_647\workspace\lpc_chip_15xx\Debug\liblpc_chip_15xx.a(sysinit_15xx.o)
 .debug_info    0x0000d6b1      0x8d3 C:\Users\Jaakko\Documents\LPCXpresso_8.2.0_647\workspace\lpc_chip_15xx\Debug\liblpc_chip_15xx.a(uart_15xx.o)
 .debug_info    0x0000df84      0x124 c:/nxp/lpcxpresso_8.2.0_647/lpcxpresso/tools/bin/../lib/gcc/arm-none-eabi/5.3.1/../../../../arm-none-eabi/lib/armv7-m\libcr_newlib_nohost.a(_cr_sbrk.o)
 .debug_info    0x0000e0a8       0xb5 c:/nxp/lpcxpresso_8.2.0_647/lpcxpresso/tools/bin/../lib/gcc/arm-none-eabi/5.3.1/../../../../arm-none-eabi/lib/armv7-m\libcr_newlib_nohost.a(close.o)
 .debug_info    0x0000e15d      0x234 c:/nxp/lpcxpresso_8.2.0_647/lpcxpresso/tools/bin/../lib/gcc/arm-none-eabi/5.3.1/../../../../arm-none-eabi/lib/armv7-m\libcr_newlib_nohost.a(fstat.o)
 .debug_info    0x0000e391       0xb5 c:/nxp/lpcxpresso_8.2.0_647/lpcxpresso/tools/bin/../lib/gcc/arm-none-eabi/5.3.1/../../../../arm-none-eabi/lib/armv7-m\libcr_newlib_nohost.a(isatty.o)
 .debug_info    0x0000e446       0xd1 c:/nxp/lpcxpresso_8.2.0_647/lpcxpresso/tools/bin/../lib/gcc/arm-none-eabi/5.3.1/../../../../arm-none-eabi/lib/armv7-m\libcr_newlib_nohost.a(lseek.o)
 .debug_info    0x0000e517       0xd7 c:/nxp/lpcxpresso_8.2.0_647/lpcxpresso/tools/bin/../lib/gcc/arm-none-eabi/5.3.1/../../../../arm-none-eabi/lib/armv7-m\libcr_newlib_nohost.a(read.o)
 .debug_info    0x0000e5ee       0xd7 c:/nxp/lpcxpresso_8.2.0_647/lpcxpresso/tools/bin/../lib/gcc/arm-none-eabi/5.3.1/../../../../arm-none-eabi/lib/armv7-m\libcr_newlib_nohost.a(write.o)
 .debug_info    0x0000e6c5       0x6a c:/nxp/lpcxpresso_8.2.0_647/lpcxpresso/tools/bin/../lib/gcc/arm-none-eabi/5.3.1/../../../../arm-none-eabi/lib/armv7-m\libcr_newlib_nohost.a(_cr_check_heap.o)

.debug_abbrev   0x00000000     0x2798
 .debug_abbrev  0x00000000      0x742 ./src/Lab2.o
 .debug_abbrev  0x00000742       0xe7 ./src/cr_startup_lpc15xx.o
 .debug_abbrev  0x00000829       0x82 ./src/sysinit.o
 .debug_abbrev  0x000008ab      0x129 ./freertos/src/FreeRTOSCommonHooks.o
 .debug_abbrev  0x000009d4       0xd4 ./freertos/src/heap_3.o
 .debug_abbrev  0x00000aa8       0xec ./freertos/src/list.o
 .debug_abbrev  0x00000b94      0x1df ./freertos/src/port.o
 .debug_abbrev  0x00000d73      0x1e0 ./freertos/src/queue.o
 .debug_abbrev  0x00000f53      0x325 ./freertos/src/tasks.o
 .debug_abbrev  0x00001278      0x20e C:\Users\Jaakko\Documents\LPCXpresso_8.2.0_647\workspace\lpc_board_nxp_lpcxpresso_1549\Debug\liblpc_board_nxp_lpcxpresso_1549.a(board.o)
 .debug_abbrev  0x00001486      0x208 C:\Users\Jaakko\Documents\LPCXpresso_8.2.0_647\workspace\lpc_board_nxp_lpcxpresso_1549\Debug\liblpc_board_nxp_lpcxpresso_1549.a(board_sysinit.o)
 .debug_abbrev  0x0000168e      0x1b3 C:\Users\Jaakko\Documents\LPCXpresso_8.2.0_647\workspace\lpc_chip_15xx\Debug\liblpc_chip_15xx.a(chip_15xx.o)
 .debug_abbrev  0x00001841      0x285 C:\Users\Jaakko\Documents\LPCXpresso_8.2.0_647\workspace\lpc_chip_15xx\Debug\liblpc_chip_15xx.a(clock_15xx.o)
 .debug_abbrev  0x00001ac6      0x16a C:\Users\Jaakko\Documents\LPCXpresso_8.2.0_647\workspace\lpc_chip_15xx\Debug\liblpc_chip_15xx.a(gpio_15xx.o)
 .debug_abbrev  0x00001c30      0x137 C:\Users\Jaakko\Documents\LPCXpresso_8.2.0_647\workspace\lpc_chip_15xx\Debug\liblpc_chip_15xx.a(iocon_15xx.o)
 .debug_abbrev  0x00001d67      0x13e C:\Users\Jaakko\Documents\LPCXpresso_8.2.0_647\workspace\lpc_chip_15xx\Debug\liblpc_chip_15xx.a(swm_15xx.o)
 .debug_abbrev  0x00001ea5      0x12b C:\Users\Jaakko\Documents\LPCXpresso_8.2.0_647\workspace\lpc_chip_15xx\Debug\liblpc_chip_15xx.a(sysctl_15xx.o)
 .debug_abbrev  0x00001fd0      0x18c C:\Users\Jaakko\Documents\LPCXpresso_8.2.0_647\workspace\lpc_chip_15xx\Debug\liblpc_chip_15xx.a(sysinit_15xx.o)
 .debug_abbrev  0x0000215c      0x1e6 C:\Users\Jaakko\Documents\LPCXpresso_8.2.0_647\workspace\lpc_chip_15xx\Debug\liblpc_chip_15xx.a(uart_15xx.o)
 .debug_abbrev  0x00002342       0xcf c:/nxp/lpcxpresso_8.2.0_647/lpcxpresso/tools/bin/../lib/gcc/arm-none-eabi/5.3.1/../../../../arm-none-eabi/lib/armv7-m\libcr_newlib_nohost.a(_cr_sbrk.o)
 .debug_abbrev  0x00002411       0x66 c:/nxp/lpcxpresso_8.2.0_647/lpcxpresso/tools/bin/../lib/gcc/arm-none-eabi/5.3.1/../../../../arm-none-eabi/lib/armv7-m\libcr_newlib_nohost.a(close.o)
 .debug_abbrev  0x00002477       0xbb c:/nxp/lpcxpresso_8.2.0_647/lpcxpresso/tools/bin/../lib/gcc/arm-none-eabi/5.3.1/../../../../arm-none-eabi/lib/armv7-m\libcr_newlib_nohost.a(fstat.o)
 .debug_abbrev  0x00002532       0x66 c:/nxp/lpcxpresso_8.2.0_647/lpcxpresso/tools/bin/../lib/gcc/arm-none-eabi/5.3.1/../../../../arm-none-eabi/lib/armv7-m\libcr_newlib_nohost.a(isatty.o)
 .debug_abbrev  0x00002598       0x84 c:/nxp/lpcxpresso_8.2.0_647/lpcxpresso/tools/bin/../lib/gcc/arm-none-eabi/5.3.1/../../../../arm-none-eabi/lib/armv7-m\libcr_newlib_nohost.a(lseek.o)
 .debug_abbrev  0x0000261c       0x8d c:/nxp/lpcxpresso_8.2.0_647/lpcxpresso/tools/bin/../lib/gcc/arm-none-eabi/5.3.1/../../../../arm-none-eabi/lib/armv7-m\libcr_newlib_nohost.a(read.o)
 .debug_abbrev  0x000026a9       0x8d c:/nxp/lpcxpresso_8.2.0_647/lpcxpresso/tools/bin/../lib/gcc/arm-none-eabi/5.3.1/../../../../arm-none-eabi/lib/armv7-m\libcr_newlib_nohost.a(write.o)
 .debug_abbrev  0x00002736       0x62 c:/nxp/lpcxpresso_8.2.0_647/lpcxpresso/tools/bin/../lib/gcc/arm-none-eabi/5.3.1/../../../../arm-none-eabi/lib/armv7-m\libcr_newlib_nohost.a(_cr_check_heap.o)

.debug_aranges  0x00000000      0xb38
 .debug_aranges
                0x00000000       0x78 ./src/Lab2.o
 .debug_aranges
                0x00000078       0x80 ./src/cr_startup_lpc15xx.o
 .debug_aranges
                0x000000f8       0x20 ./src/sysinit.o
 .debug_aranges
                0x00000118       0x40 ./freertos/src/FreeRTOSCommonHooks.o
 .debug_aranges
                0x00000158       0x28 ./freertos/src/heap_3.o
 .debug_aranges
                0x00000180       0x40 ./freertos/src/list.o
 .debug_aranges
                0x000001c0       0x90 ./freertos/src/port.o
 .debug_aranges
                0x00000250      0x110 ./freertos/src/queue.o
 .debug_aranges
                0x00000360      0x1e8 ./freertos/src/tasks.o
 .debug_aranges
                0x00000548       0xd0 C:\Users\Jaakko\Documents\LPCXpresso_8.2.0_647\workspace\lpc_board_nxp_lpcxpresso_1549\Debug\liblpc_board_nxp_lpcxpresso_1549.a(board.o)
 .debug_aranges
                0x00000618       0x60 C:\Users\Jaakko\Documents\LPCXpresso_8.2.0_647\workspace\lpc_board_nxp_lpcxpresso_1549\Debug\liblpc_board_nxp_lpcxpresso_1549.a(board_sysinit.o)
 .debug_aranges
                0x00000678       0x50 C:\Users\Jaakko\Documents\LPCXpresso_8.2.0_647\workspace\lpc_chip_15xx\Debug\liblpc_chip_15xx.a(chip_15xx.o)
 .debug_aranges
                0x000006c8      0x128 C:\Users\Jaakko\Documents\LPCXpresso_8.2.0_647\workspace\lpc_chip_15xx\Debug\liblpc_chip_15xx.a(clock_15xx.o)
 .debug_aranges
                0x000007f0       0x70 C:\Users\Jaakko\Documents\LPCXpresso_8.2.0_647\workspace\lpc_chip_15xx\Debug\liblpc_chip_15xx.a(gpio_15xx.o)
 .debug_aranges
                0x00000860       0x28 C:\Users\Jaakko\Documents\LPCXpresso_8.2.0_647\workspace\lpc_chip_15xx\Debug\liblpc_chip_15xx.a(iocon_15xx.o)
 .debug_aranges
                0x00000888       0x40 C:\Users\Jaakko\Documents\LPCXpresso_8.2.0_647\workspace\lpc_chip_15xx\Debug\liblpc_chip_15xx.a(swm_15xx.o)
 .debug_aranges
                0x000008c8       0x50 C:\Users\Jaakko\Documents\LPCXpresso_8.2.0_647\workspace\lpc_chip_15xx\Debug\liblpc_chip_15xx.a(sysctl_15xx.o)
 .debug_aranges
                0x00000918       0x58 C:\Users\Jaakko\Documents\LPCXpresso_8.2.0_647\workspace\lpc_chip_15xx\Debug\liblpc_chip_15xx.a(sysinit_15xx.o)
 .debug_aranges
                0x00000970       0xc8 C:\Users\Jaakko\Documents\LPCXpresso_8.2.0_647\workspace\lpc_chip_15xx\Debug\liblpc_chip_15xx.a(uart_15xx.o)
 .debug_aranges
                0x00000a38       0x20 c:/nxp/lpcxpresso_8.2.0_647/lpcxpresso/tools/bin/../lib/gcc/arm-none-eabi/5.3.1/../../../../arm-none-eabi/lib/armv7-m\libcr_newlib_nohost.a(_cr_sbrk.o)
 .debug_aranges
                0x00000a58       0x20 c:/nxp/lpcxpresso_8.2.0_647/lpcxpresso/tools/bin/../lib/gcc/arm-none-eabi/5.3.1/../../../../arm-none-eabi/lib/armv7-m\libcr_newlib_nohost.a(close.o)
 .debug_aranges
                0x00000a78       0x20 c:/nxp/lpcxpresso_8.2.0_647/lpcxpresso/tools/bin/../lib/gcc/arm-none-eabi/5.3.1/../../../../arm-none-eabi/lib/armv7-m\libcr_newlib_nohost.a(fstat.o)
 .debug_aranges
                0x00000a98       0x20 c:/nxp/lpcxpresso_8.2.0_647/lpcxpresso/tools/bin/../lib/gcc/arm-none-eabi/5.3.1/../../../../arm-none-eabi/lib/armv7-m\libcr_newlib_nohost.a(isatty.o)
 .debug_aranges
                0x00000ab8       0x20 c:/nxp/lpcxpresso_8.2.0_647/lpcxpresso/tools/bin/../lib/gcc/arm-none-eabi/5.3.1/../../../../arm-none-eabi/lib/armv7-m\libcr_newlib_nohost.a(lseek.o)
 .debug_aranges
                0x00000ad8       0x20 c:/nxp/lpcxpresso_8.2.0_647/lpcxpresso/tools/bin/../lib/gcc/arm-none-eabi/5.3.1/../../../../arm-none-eabi/lib/armv7-m\libcr_newlib_nohost.a(read.o)
 .debug_aranges
                0x00000af8       0x20 c:/nxp/lpcxpresso_8.2.0_647/lpcxpresso/tools/bin/../lib/gcc/arm-none-eabi/5.3.1/../../../../arm-none-eabi/lib/armv7-m\libcr_newlib_nohost.a(write.o)
 .debug_aranges
                0x00000b18       0x20 c:/nxp/lpcxpresso_8.2.0_647/lpcxpresso/tools/bin/../lib/gcc/arm-none-eabi/5.3.1/../../../../arm-none-eabi/lib/armv7-m\libcr_newlib_nohost.a(_cr_check_heap.o)

.debug_ranges   0x00000000      0x988
 .debug_ranges  0x00000000       0x68 ./src/Lab2.o
 .debug_ranges  0x00000068       0x70 ./src/cr_startup_lpc15xx.o
 .debug_ranges  0x000000d8       0x10 ./src/sysinit.o
 .debug_ranges  0x000000e8       0x30 ./freertos/src/FreeRTOSCommonHooks.o
 .debug_ranges  0x00000118       0x18 ./freertos/src/heap_3.o
 .debug_ranges  0x00000130       0x30 ./freertos/src/list.o
 .debug_ranges  0x00000160       0x80 ./freertos/src/port.o
 .debug_ranges  0x000001e0      0x100 ./freertos/src/queue.o
 .debug_ranges  0x000002e0      0x1d8 ./freertos/src/tasks.o
 .debug_ranges  0x000004b8       0xc0 C:\Users\Jaakko\Documents\LPCXpresso_8.2.0_647\workspace\lpc_board_nxp_lpcxpresso_1549\Debug\liblpc_board_nxp_lpcxpresso_1549.a(board.o)
 .debug_ranges  0x00000578       0x50 C:\Users\Jaakko\Documents\LPCXpresso_8.2.0_647\workspace\lpc_board_nxp_lpcxpresso_1549\Debug\liblpc_board_nxp_lpcxpresso_1549.a(board_sysinit.o)
 .debug_ranges  0x000005c8       0x40 C:\Users\Jaakko\Documents\LPCXpresso_8.2.0_647\workspace\lpc_chip_15xx\Debug\liblpc_chip_15xx.a(chip_15xx.o)
 .debug_ranges  0x00000608      0x118 C:\Users\Jaakko\Documents\LPCXpresso_8.2.0_647\workspace\lpc_chip_15xx\Debug\liblpc_chip_15xx.a(clock_15xx.o)
 .debug_ranges  0x00000720       0x60 C:\Users\Jaakko\Documents\LPCXpresso_8.2.0_647\workspace\lpc_chip_15xx\Debug\liblpc_chip_15xx.a(gpio_15xx.o)
 .debug_ranges  0x00000780       0x18 C:\Users\Jaakko\Documents\LPCXpresso_8.2.0_647\workspace\lpc_chip_15xx\Debug\liblpc_chip_15xx.a(iocon_15xx.o)
 .debug_ranges  0x00000798       0x30 C:\Users\Jaakko\Documents\LPCXpresso_8.2.0_647\workspace\lpc_chip_15xx\Debug\liblpc_chip_15xx.a(swm_15xx.o)
 .debug_ranges  0x000007c8       0x40 C:\Users\Jaakko\Documents\LPCXpresso_8.2.0_647\workspace\lpc_chip_15xx\Debug\liblpc_chip_15xx.a(sysctl_15xx.o)
 .debug_ranges  0x00000808       0x48 C:\Users\Jaakko\Documents\LPCXpresso_8.2.0_647\workspace\lpc_chip_15xx\Debug\liblpc_chip_15xx.a(sysinit_15xx.o)
 .debug_ranges  0x00000850       0xb8 C:\Users\Jaakko\Documents\LPCXpresso_8.2.0_647\workspace\lpc_chip_15xx\Debug\liblpc_chip_15xx.a(uart_15xx.o)
 .debug_ranges  0x00000908       0x10 c:/nxp/lpcxpresso_8.2.0_647/lpcxpresso/tools/bin/../lib/gcc/arm-none-eabi/5.3.1/../../../../arm-none-eabi/lib/armv7-m\libcr_newlib_nohost.a(_cr_sbrk.o)
 .debug_ranges  0x00000918       0x10 c:/nxp/lpcxpresso_8.2.0_647/lpcxpresso/tools/bin/../lib/gcc/arm-none-eabi/5.3.1/../../../../arm-none-eabi/lib/armv7-m\libcr_newlib_nohost.a(close.o)
 .debug_ranges  0x00000928       0x10 c:/nxp/lpcxpresso_8.2.0_647/lpcxpresso/tools/bin/../lib/gcc/arm-none-eabi/5.3.1/../../../../arm-none-eabi/lib/armv7-m\libcr_newlib_nohost.a(fstat.o)
 .debug_ranges  0x00000938       0x10 c:/nxp/lpcxpresso_8.2.0_647/lpcxpresso/tools/bin/../lib/gcc/arm-none-eabi/5.3.1/../../../../arm-none-eabi/lib/armv7-m\libcr_newlib_nohost.a(isatty.o)
 .debug_ranges  0x00000948       0x10 c:/nxp/lpcxpresso_8.2.0_647/lpcxpresso/tools/bin/../lib/gcc/arm-none-eabi/5.3.1/../../../../arm-none-eabi/lib/armv7-m\libcr_newlib_nohost.a(lseek.o)
 .debug_ranges  0x00000958       0x10 c:/nxp/lpcxpresso_8.2.0_647/lpcxpresso/tools/bin/../lib/gcc/arm-none-eabi/5.3.1/../../../../arm-none-eabi/lib/armv7-m\libcr_newlib_nohost.a(read.o)
 .debug_ranges  0x00000968       0x10 c:/nxp/lpcxpresso_8.2.0_647/lpcxpresso/tools/bin/../lib/gcc/arm-none-eabi/5.3.1/../../../../arm-none-eabi/lib/armv7-m\libcr_newlib_nohost.a(write.o)
 .debug_ranges  0x00000978       0x10 c:/nxp/lpcxpresso_8.2.0_647/lpcxpresso/tools/bin/../lib/gcc/arm-none-eabi/5.3.1/../../../../arm-none-eabi/lib/armv7-m\libcr_newlib_nohost.a(_cr_check_heap.o)

.debug_macro    0x00000000     0xb55a
 .debug_macro   0x00000000      0x7fd ./src/Lab2.o
 .debug_macro   0x000007fd      0x958 ./src/Lab2.o
 .debug_macro   0x00001155       0x1c ./src/Lab2.o
 .debug_macro   0x00001171       0x22 ./src/Lab2.o
 .debug_macro   0x00001193       0x87 ./src/Lab2.o
 .debug_macro   0x0000121a       0x44 ./src/Lab2.o
 .debug_macro   0x0000125e       0xfd ./src/Lab2.o
 .debug_macro   0x0000135b       0x22 ./src/Lab2.o
 .debug_macro   0x0000137d      0x1df ./src/Lab2.o
 .debug_macro   0x0000155c       0x16 ./src/Lab2.o
 .debug_macro   0x00001572       0x7b ./src/Lab2.o
 .debug_macro   0x000015ed       0x10 ./src/Lab2.o
 .debug_macro   0x000015fd       0x2d ./src/Lab2.o
 .debug_macro   0x0000162a       0x3a ./src/Lab2.o
 .debug_macro   0x00001664       0x2d ./src/Lab2.o
 .debug_macro   0x00001691      0xa7d ./src/Lab2.o
 .debug_macro   0x0000210e      0x1b4 ./src/Lab2.o
 .debug_macro   0x000022c2       0xca ./src/Lab2.o
 .debug_macro   0x0000238c       0x18 ./src/Lab2.o
 .debug_macro   0x000023a4       0xb2 ./src/Lab2.o
 .debug_macro   0x00002456       0x70 ./src/Lab2.o
 .debug_macro   0x000024c6       0x46 ./src/Lab2.o
 .debug_macro   0x0000250c       0xd0 ./src/Lab2.o
 .debug_macro   0x000025dc       0x40 ./src/Lab2.o
 .debug_macro   0x0000261c      0x233 ./src/Lab2.o
 .debug_macro   0x0000284f       0x16 ./src/Lab2.o
 .debug_macro   0x00002865       0x88 ./src/Lab2.o
 .debug_macro   0x000028ed       0x34 ./src/Lab2.o
 .debug_macro   0x00002921       0x6a ./src/Lab2.o
 .debug_macro   0x0000298b       0x40 ./src/Lab2.o
 .debug_macro   0x000029cb       0x1c ./src/Lab2.o
 .debug_macro   0x000029e7       0x16 ./src/Lab2.o
 .debug_macro   0x000029fd      0x10c ./src/Lab2.o
 .debug_macro   0x00002b09      0x2a9 ./src/Lab2.o
 .debug_macro   0x00002db2       0x76 ./src/Lab2.o
 .debug_macro   0x00002e28       0x22 ./src/Lab2.o
 .debug_macro   0x00002e4a      0x152 ./src/Lab2.o
 .debug_macro   0x00002f9c       0x82 ./src/Lab2.o
 .debug_macro   0x0000301e       0xe6 ./src/Lab2.o
 .debug_macro   0x00003104       0x3a ./src/Lab2.o
 .debug_macro   0x0000313e       0x34 ./src/Lab2.o
 .debug_macro   0x00003172       0x10 ./src/Lab2.o
 .debug_macro   0x00003182       0x76 ./src/Lab2.o
 .debug_macro   0x000031f8       0x58 ./src/Lab2.o
 .debug_macro   0x00003250      0x2ca ./src/Lab2.o
 .debug_macro   0x0000351a      0x22b ./src/Lab2.o
 .debug_macro   0x00003745       0x2e ./src/Lab2.o
 .debug_macro   0x00003773       0x34 ./src/Lab2.o
 .debug_macro   0x000037a7       0x52 ./src/Lab2.o
 .debug_macro   0x000037f9       0x35 ./src/Lab2.o
 .debug_macro   0x0000382e       0x9c ./src/Lab2.o
 .debug_macro   0x000038ca       0x16 ./src/Lab2.o
 .debug_macro   0x000038e0       0x97 ./src/Lab2.o
 .debug_macro   0x00003977      0x337 ./src/Lab2.o
 .debug_macro   0x00003cae      0x104 ./src/Lab2.o
 .debug_macro   0x00003db2       0x10 ./src/Lab2.o
 .debug_macro   0x00003dc2       0x52 ./src/Lab2.o
 .debug_macro   0x00003e14       0x16 ./src/Lab2.o
 .debug_macro   0x00003e2a       0x43 ./src/Lab2.o
 .debug_macro   0x00003e6d      0x187 ./src/Lab2.o
 .debug_macro   0x00003ff4       0x22 ./src/Lab2.o
 .debug_macro   0x00004016       0x3a ./src/Lab2.o
 .debug_macro   0x00004050       0x10 ./src/Lab2.o
 .debug_macro   0x00004060       0x40 ./src/Lab2.o
 .debug_macro   0x000040a0       0x6c ./src/Lab2.o
 .debug_macro   0x0000410c       0x16 ./src/Lab2.o
 .debug_macro   0x00004122      0x182 ./src/Lab2.o
 .debug_macro   0x000042a4       0x20 ./src/Lab2.o
 .debug_macro   0x000042c4       0xfa ./src/Lab2.o
 .debug_macro   0x000043be      0x168 ./src/Lab2.o
 .debug_macro   0x00004526       0xaf ./src/Lab2.o
 .debug_macro   0x000045d5       0x10 ./src/Lab2.o
 .debug_macro   0x000045e5       0x1f ./src/Lab2.o
 .debug_macro   0x00004604       0x16 ./src/Lab2.o
 .debug_macro   0x0000461a       0x35 ./src/Lab2.o
 .debug_macro   0x0000464f      0x3fb ./src/Lab2.o
 .debug_macro   0x00004a4a       0xc0 ./src/Lab2.o
 .debug_macro   0x00004b0a       0x8c ./src/Lab2.o
 .debug_macro   0x00004b96      0x136 ./src/Lab2.o
 .debug_macro   0x00004ccc      0x353 ./src/Lab2.o
 .debug_macro   0x0000501f       0x28 ./src/Lab2.o
 .debug_macro   0x00005047       0x33 ./src/Lab2.o
 .debug_macro   0x0000507a       0x12 ./src/Lab2.o
 .debug_macro   0x0000508c       0x19 ./src/Lab2.o
 .debug_macro   0x000050a5       0x46 ./src/Lab2.o
 .debug_macro   0x000050eb       0x1c ./src/Lab2.o
 .debug_macro   0x00005107       0x18 ./src/Lab2.o
 .debug_macro   0x0000511f       0x6e ./src/Lab2.o
 .debug_macro   0x0000518d       0x82 ./src/Lab2.o
 .debug_macro   0x0000520f       0x19 ./src/Lab2.o
 .debug_macro   0x00005228       0x19 ./src/Lab2.o
 .debug_macro   0x00005241       0x22 ./src/Lab2.o
 .debug_macro   0x00005263       0x3c ./src/Lab2.o
 .debug_macro   0x0000529f       0x2c ./src/Lab2.o
 .debug_macro   0x000052cb      0x15e ./src/Lab2.o
 .debug_macro   0x00005429       0x10 ./src/Lab2.o
 .debug_macro   0x00005439       0x2e ./src/Lab2.o
 .debug_macro   0x00005467       0x16 ./src/Lab2.o
 .debug_macro   0x0000547d       0x46 ./src/Lab2.o
 .debug_macro   0x000054c3       0x5e ./src/Lab2.o
 .debug_macro   0x00005521       0x11 ./src/Lab2.o
 .debug_macro   0x00005532       0x11 ./src/Lab2.o
 .debug_macro   0x00005543       0x2f ./src/Lab2.o
 .debug_macro   0x00005572       0x10 ./src/Lab2.o
 .debug_macro   0x00005582       0x17 ./src/Lab2.o
 .debug_macro   0x00005599       0x10 ./src/Lab2.o
 .debug_macro   0x000055a9       0x12 ./src/Lab2.o
 .debug_macro   0x000055bb      0x126 ./src/Lab2.o
 .debug_macro   0x000056e1       0x16 ./src/Lab2.o
 .debug_macro   0x000056f7       0x10 ./src/Lab2.o
 .debug_macro   0x00005707       0x41 ./src/Lab2.o
 .debug_macro   0x00005748       0x40 ./src/Lab2.o
 .debug_macro   0x00005788       0x10 ./src/Lab2.o
 .debug_macro   0x00005798       0x20 ./src/Lab2.o
 .debug_macro   0x000057b8       0x10 ./src/Lab2.o
 .debug_macro   0x000057c8      0x241 ./src/Lab2.o
 .debug_macro   0x00005a09       0x94 ./src/Lab2.o
 .debug_macro   0x00005a9d       0x78 ./src/Lab2.o
 .debug_macro   0x00005b15       0x82 ./src/Lab2.o
 .debug_macro   0x00005b97       0x23 ./src/cr_startup_lpc15xx.o
 .debug_macro   0x00005bba      0x3a5 ./src/sysinit.o
 .debug_macro   0x00005f5f       0x22 ./src/sysinit.o
 .debug_macro   0x00005f81      0xa7d ./src/sysinit.o
 .debug_macro   0x000069fe       0x9c ./src/sysinit.o
 .debug_macro   0x00006a9a       0x97 ./src/sysinit.o
 .debug_macro   0x00006b31      0x30d ./src/sysinit.o
 .debug_macro   0x00006e3e       0xfd ./src/sysinit.o